Archive member included to satisfy reference by file (symbol)

c:/program files (x86)/atmel/studio/7.0/toolchain/avr8/avr8-gnu-toolchain/bin/../lib/gcc/avr/5.4.0/avr51\libgcc.a(_udivmodsi4.o)
                              MCAL/TWI/TWI.o (__udivmodsi4)
c:/program files (x86)/atmel/studio/7.0/toolchain/avr8/avr8-gnu-toolchain/bin/../lib/gcc/avr/5.4.0/avr51\libgcc.a(_exit.o)
                              C:/Program Files (x86)/Atmel/Studio/7.0/Packs/atmel/ATmega_DFP/1.7.374/gcc/dev/atmega128a/avr51/crtatmega128a.o (exit)
c:/program files (x86)/atmel/studio/7.0/toolchain/avr8/avr8-gnu-toolchain/bin/../lib/gcc/avr/5.4.0/avr51\libgcc.a(_tablejump2.o)
                              MCAL/DIO/DIO.o (__tablejump2__)
c:/program files (x86)/atmel/studio/7.0/toolchain/avr8/avr8-gnu-toolchain/bin/../lib/gcc/avr/5.4.0/avr51\libgcc.a(_copy_data.o)
                              HAL/ESP01/ESP01.o (__do_copy_data)
c:/program files (x86)/atmel/studio/7.0/toolchain/avr8/avr8-gnu-toolchain/bin/../lib/gcc/avr/5.4.0/avr51\libgcc.a(_clear_bss.o)
                              HAL/ESP01/ESP01.o (__do_clear_bss)
c:/program files (x86)/atmel/studio/7.0/toolchain/avr8/avr8-gnu-toolchain/bin/../lib/gcc/avr/5.4.0/../../../../avr/lib/avr51\libc.a(memset.o)
                              HAL/ESP01/ESP01.o (memset)
c:/program files (x86)/atmel/studio/7.0/toolchain/avr8/avr8-gnu-toolchain/bin/../lib/gcc/avr/5.4.0/../../../../avr/lib/avr51\libc.a(strncpy.o)
                              LIB/String_Find.o (strncpy)
c:/program files (x86)/atmel/studio/7.0/toolchain/avr8/avr8-gnu-toolchain/bin/../lib/gcc/avr/5.4.0/../../../../avr/lib/avr51\libc.a(strstr.o)
                              LIB/String_Find.o (strstr)

Allocating common symbols
Common symbol       size              file

data_ready          0x1               HAL/ESP01/ESP01.o
APMAC               0x14              HAL/ESP01/ESP01.o
rx_buff             0x1f4             HAL/ESP01/ESP01.o
STAIP               0x14              HAL/ESP01/ESP01.o
temp                0x1               HAL/ESP01/ESP01.o
STAMAC              0x14              HAL/ESP01/ESP01.o
APIP                0x14              HAL/ESP01/ESP01.o
data_len            0x2               HAL/ESP01/ESP01.o

Discarded input sections

 .data          0x00000000        0x0 C:/Program Files (x86)/Atmel/Studio/7.0/Packs/atmel/ATmega_DFP/1.7.374/gcc/dev/atmega128a/avr51/crtatmega128a.o
 .bss           0x00000000        0x0 C:/Program Files (x86)/Atmel/Studio/7.0/Packs/atmel/ATmega_DFP/1.7.374/gcc/dev/atmega128a/avr51/crtatmega128a.o
 .text          0x00000000        0x0 HAL/ESP01/ESP01.o
 .data          0x00000000        0x0 HAL/ESP01/ESP01.o
 .bss           0x00000000        0x0 HAL/ESP01/ESP01.o
 .text.ESP01_Reset_Buffer
                0x00000000       0x22 HAL/ESP01/ESP01.o
 .rodata.str1.1
                0x00000000       0xe2 HAL/ESP01/ESP01.o
 .text.ESP01_Check_Wifi_Connection
                0x00000000       0x90 HAL/ESP01/ESP01.o
 .text.ESP01_Connect_Wifi
                0x00000000       0xae HAL/ESP01/ESP01.o
 .text.ESP01_ResponseSuccess
                0x00000000       0x66 HAL/ESP01/ESP01.o
 .text.ESP01_Reset_Wifi
                0x00000000       0x24 HAL/ESP01/ESP01.o
 .text.ESP01_Init
                0x00000000      0x1c2 HAL/ESP01/ESP01.o
 .text          0x00000000        0x0 HAL/LCD/LCD.o
 .data          0x00000000        0x0 HAL/LCD/LCD.o
 .bss           0x00000000        0x0 HAL/LCD/LCD.o
 .text.Enable   0x00000000       0x2a HAL/LCD/LCD.o
 .text.LCD_SendCmd
                0x00000000       0x66 HAL/LCD/LCD.o
 .text.LCD_Init
                0x00000000       0xda HAL/LCD/LCD.o
 .text.LCD_SendChar
                0x00000000       0xb6 HAL/LCD/LCD.o
 .text.LCD_SendString
                0x00000000       0x2c HAL/LCD/LCD.o
 .text.LCD_ClearScreen
                0x00000000        0x8 HAL/LCD/LCD.o
 .text.LCD_Custom_Char
                0x00000000       0x3c HAL/LCD/LCD.o
 .debug_info    0x00000000      0xac1 HAL/LCD/LCD.o
 .debug_abbrev  0x00000000      0x191 HAL/LCD/LCD.o
 .debug_loc     0x00000000      0x75d HAL/LCD/LCD.o
 .debug_aranges
                0x00000000       0x50 HAL/LCD/LCD.o
 .debug_ranges  0x00000000       0x40 HAL/LCD/LCD.o
 .debug_line    0x00000000      0x43b HAL/LCD/LCD.o
 .debug_str     0x00000000      0x79b HAL/LCD/LCD.o
 .comment       0x00000000       0x31 HAL/LCD/LCD.o
 .debug_frame   0x00000000       0xc4 HAL/LCD/LCD.o
 .text          0x00000000        0x0 HAL/LCD/LCD_Config.o
 .data          0x00000000        0x0 HAL/LCD/LCD_Config.o
 .bss           0x00000000        0x0 HAL/LCD/LCD_Config.o
 .data.LCD_CFG  0x00000000        0x3 HAL/LCD/LCD_Config.o
 .debug_info    0x00000000      0x134 HAL/LCD/LCD_Config.o
 .debug_abbrev  0x00000000       0x6d HAL/LCD/LCD_Config.o
 .debug_aranges
                0x00000000       0x18 HAL/LCD/LCD_Config.o
 .debug_line    0x00000000       0x54 HAL/LCD/LCD_Config.o
 .debug_str     0x00000000      0x330 HAL/LCD/LCD_Config.o
 .comment       0x00000000       0x31 HAL/LCD/LCD_Config.o
 .text          0x00000000        0x0 LIB/String_Find.o
 .data          0x00000000        0x0 LIB/String_Find.o
 .bss           0x00000000        0x0 LIB/String_Find.o
 .text.find_string
                0x00000000       0x84 LIB/String_Find.o
 .text.find_get_string
                0x00000000       0x4e LIB/String_Find.o
 .debug_info    0x00000000      0x1e7 LIB/String_Find.o
 .debug_abbrev  0x00000000       0xd2 LIB/String_Find.o
 .debug_loc     0x00000000      0x38d LIB/String_Find.o
 .debug_aranges
                0x00000000       0x28 LIB/String_Find.o
 .debug_ranges  0x00000000       0x18 LIB/String_Find.o
 .debug_line    0x00000000      0x12e LIB/String_Find.o
 .debug_str     0x00000000      0x1e2 LIB/String_Find.o
 .comment       0x00000000       0x31 LIB/String_Find.o
 .debug_frame   0x00000000       0x78 LIB/String_Find.o
 .text          0x00000000        0x0 main.o
 .data          0x00000000        0x0 main.o
 .bss           0x00000000        0x0 main.o
 .text          0x00000000        0x0 MCAL/DIO/DIO.o
 .data          0x00000000        0x0 MCAL/DIO/DIO.o
 .bss           0x00000000        0x0 MCAL/DIO/DIO.o
 .text.DIO_Init
                0x00000000      0x298 MCAL/DIO/DIO.o
 .progmem.gcc_sw_table.DIO_Init
                0x00000000       0x1c MCAL/DIO/DIO.o
 .text.DIO_WriteChannel
                0x00000000      0x1cc MCAL/DIO/DIO.o
 .progmem.gcc_sw_table.DIO_WriteChannel
                0x00000000       0x1c MCAL/DIO/DIO.o
 .text.DIO_ReadChannel
                0x00000000      0x15c MCAL/DIO/DIO.o
 .progmem.gcc_sw_table.DIO_ReadChannel
                0x00000000        0xe MCAL/DIO/DIO.o
 .text.DIO_ConfigChannel
                0x00000000      0x1cc MCAL/DIO/DIO.o
 .progmem.gcc_sw_table.DIO_ConfigChannel
                0x00000000       0x1c MCAL/DIO/DIO.o
 .text.DIO_ConfigPullUp
                0x00000000      0x1cc MCAL/DIO/DIO.o
 .progmem.gcc_sw_table.DIO_ConfigPullUp
                0x00000000       0x1c MCAL/DIO/DIO.o
 .text.DIO_ToggleChannel
                0x00000000       0xde MCAL/DIO/DIO.o
 .progmem.gcc_sw_table.DIO_ToggleChannel
                0x00000000        0xe MCAL/DIO/DIO.o
 .text.DIO_WritePort
                0x00000000       0x32 MCAL/DIO/DIO.o
 .progmem.gcc_sw_table.DIO_WritePort
                0x00000000        0xe MCAL/DIO/DIO.o
 .text.DIO_ReadPort
                0x00000000       0x36 MCAL/DIO/DIO.o
 .progmem.gcc_sw_table.DIO_ReadPort
                0x00000000        0xe MCAL/DIO/DIO.o
 .text.DIO_WriteLowNibble
                0x00000000       0x7e MCAL/DIO/DIO.o
 .progmem.gcc_sw_table.DIO_WriteLowNibble
                0x00000000        0xe MCAL/DIO/DIO.o
 .text.DIO_WriteHighNibble
                0x00000000       0x7e MCAL/DIO/DIO.o
 .progmem.gcc_sw_table.DIO_WriteHighNibble
                0x00000000        0xe MCAL/DIO/DIO.o
 .debug_info    0x00000000      0x5c6 MCAL/DIO/DIO.o
 .debug_abbrev  0x00000000      0x14e MCAL/DIO/DIO.o
 .debug_loc     0x00000000     0x18b2 MCAL/DIO/DIO.o
 .debug_aranges
                0x00000000       0x68 MCAL/DIO/DIO.o
 .debug_ranges  0x00000000       0x58 MCAL/DIO/DIO.o
 .debug_line    0x00000000      0x6f9 MCAL/DIO/DIO.o
 .debug_str     0x00000000      0x672 MCAL/DIO/DIO.o
 .comment       0x00000000       0x31 MCAL/DIO/DIO.o
 .debug_frame   0x00000000       0xb4 MCAL/DIO/DIO.o
 .text          0x00000000        0x0 MCAL/DIO/DIO_Cfg.o
 .data          0x00000000        0x0 MCAL/DIO/DIO_Cfg.o
 .bss           0x00000000        0x0 MCAL/DIO/DIO_Cfg.o
 .rodata.countPinsConfigured
                0x00000000        0x1 MCAL/DIO/DIO_Cfg.o
 .bss.PinConfig
                0x00000000        0x0 MCAL/DIO/DIO_Cfg.o
 .debug_info    0x00000000      0x2c5 MCAL/DIO/DIO_Cfg.o
 .debug_abbrev  0x00000000       0x86 MCAL/DIO/DIO_Cfg.o
 .debug_aranges
                0x00000000       0x18 MCAL/DIO/DIO_Cfg.o
 .debug_line    0x00000000       0x74 MCAL/DIO/DIO_Cfg.o
 .debug_str     0x00000000      0x56f MCAL/DIO/DIO_Cfg.o
 .comment       0x00000000       0x31 MCAL/DIO/DIO_Cfg.o
 .text          0x00000000        0x0 MCAL/EXTI/EXTI.o
 .data          0x00000000        0x0 MCAL/EXTI/EXTI.o
 .bss           0x00000000        0x0 MCAL/EXTI/EXTI.o
 .text.EXT_INTERRUPTS_STATE
                0x00000000       0xb0 MCAL/EXTI/EXTI.o
 .progmem.gcc_sw_table.EXT_INTERRUPTS_STATE
                0x00000000       0x20 MCAL/EXTI/EXTI.o
 .text.EXT_INTERRUPTS_SNCONTROL_MODE
                0x00000000       0x98 MCAL/EXTI/EXTI.o
 .progmem.gcc_sw_table.EXT_INTERRUPTS_SNCONTROL_MODE
                0x00000000       0x10 MCAL/EXTI/EXTI.o
 .text.EXT_INTERRUPTS_SetCallBack
                0x00000000       0x62 MCAL/EXTI/EXTI.o
 .progmem.gcc_sw_table.EXT_INTERRUPTS_SetCallBack
                0x00000000       0x10 MCAL/EXTI/EXTI.o
 .text          0x00000000        0x0 MCAL/GIE/GIE.o
 .data          0x00000000        0x0 MCAL/GIE/GIE.o
 .bss           0x00000000        0x0 MCAL/GIE/GIE.o
 .text.GIE_Disable
                0x00000000        0x8 MCAL/GIE/GIE.o
 .text.GIE_Enable
                0x00000000        0x8 MCAL/GIE/GIE.o
 .debug_info    0x00000000       0x8b MCAL/GIE/GIE.o
 .debug_abbrev  0x00000000       0x46 MCAL/GIE/GIE.o
 .debug_aranges
                0x00000000       0x28 MCAL/GIE/GIE.o
 .debug_ranges  0x00000000       0x18 MCAL/GIE/GIE.o
 .debug_line    0x00000000       0x7c MCAL/GIE/GIE.o
 .debug_str     0x00000000      0x19f MCAL/GIE/GIE.o
 .comment       0x00000000       0x31 MCAL/GIE/GIE.o
 .debug_frame   0x00000000       0x34 MCAL/GIE/GIE.o
 .text          0x00000000        0x0 MCAL/SPI/SPI.o
 .data          0x00000000        0x0 MCAL/SPI/SPI.o
 .bss           0x00000000        0x0 MCAL/SPI/SPI.o
 .text.SPI_Init
                0x00000000      0x12c MCAL/SPI/SPI.o
 .text.SPI_Master_TransmitChar
                0x00000000       0x18 MCAL/SPI/SPI.o
 .text.SPI_Slave_ReceiveChar
                0x00000000        0xa MCAL/SPI/SPI.o
 .text.SPI_Master_TransmitString
                0x00000000       0x2c MCAL/SPI/SPI.o
 .debug_info    0x00000000      0x621 MCAL/SPI/SPI.o
 .debug_abbrev  0x00000000      0x1b4 MCAL/SPI/SPI.o
 .debug_loc     0x00000000      0x10a MCAL/SPI/SPI.o
 .debug_aranges
                0x00000000       0x38 MCAL/SPI/SPI.o
 .debug_ranges  0x00000000       0x28 MCAL/SPI/SPI.o
 .debug_line    0x00000000      0x2a7 MCAL/SPI/SPI.o
 .debug_str     0x00000000      0x782 MCAL/SPI/SPI.o
 .comment       0x00000000       0x31 MCAL/SPI/SPI.o
 .debug_frame   0x00000000       0x68 MCAL/SPI/SPI.o
 .text          0x00000000        0x0 MCAL/SPI/SPI_Cfg.o
 .data          0x00000000        0x0 MCAL/SPI/SPI_Cfg.o
 .bss           0x00000000        0x0 MCAL/SPI/SPI_Cfg.o
 .data.SPI_CFG  0x00000000        0x7 MCAL/SPI/SPI_Cfg.o
 .debug_info    0x00000000      0x1c1 MCAL/SPI/SPI_Cfg.o
 .debug_abbrev  0x00000000       0x6d MCAL/SPI/SPI_Cfg.o
 .debug_aranges
                0x00000000       0x18 MCAL/SPI/SPI_Cfg.o
 .debug_line    0x00000000       0x4f MCAL/SPI/SPI_Cfg.o
 .debug_str     0x00000000      0x307 MCAL/SPI/SPI_Cfg.o
 .comment       0x00000000       0x31 MCAL/SPI/SPI_Cfg.o
 .text          0x00000000        0x0 MCAL/TWI/TWI.o
 .data          0x00000000        0x0 MCAL/TWI/TWI.o
 .bss           0x00000000        0x0 MCAL/TWI/TWI.o
 .text.TWI_MasterInit
                0x00000000       0x78 MCAL/TWI/TWI.o
 .text.TWI_SlaveInit
                0x00000000        0x6 MCAL/TWI/TWI.o
 .text.TWI_MasterStart
                0x00000000       0x14 MCAL/TWI/TWI.o
 .text.TWI_MasterSendAddress
                0x00000000       0x18 MCAL/TWI/TWI.o
 .text.TWI_MasterTransmitData
                0x00000000       0x18 MCAL/TWI/TWI.o
 .text.TWI_MasterReceiveData
                0x00000000        0x6 MCAL/TWI/TWI.o
 .text.TWI_MasterSendACK
                0x00000000       0x14 MCAL/TWI/TWI.o
 .text.TWI_MasterSendNACK
                0x00000000       0x14 MCAL/TWI/TWI.o
 .text.TWI_MasterStop
                0x00000000        0xc MCAL/TWI/TWI.o
 .text.TWI_SlaveReceiveACK
                0x00000000       0x14 MCAL/TWI/TWI.o
 .text.TWI_SlaveSendACK
                0x00000000       0x14 MCAL/TWI/TWI.o
 .text.TWI_Status
                0x00000000        0x8 MCAL/TWI/TWI.o
 .debug_info    0x00000000      0x2a8 MCAL/TWI/TWI.o
 .debug_abbrev  0x00000000       0xfe MCAL/TWI/TWI.o
 .debug_loc     0x00000000      0x138 MCAL/TWI/TWI.o
 .debug_aranges
                0x00000000       0x78 MCAL/TWI/TWI.o
 .debug_ranges  0x00000000       0x68 MCAL/TWI/TWI.o
 .debug_line    0x00000000      0x231 MCAL/TWI/TWI.o
 .debug_str     0x00000000      0x358 MCAL/TWI/TWI.o
 .comment       0x00000000       0x31 MCAL/TWI/TWI.o
 .debug_frame   0x00000000       0xf0 MCAL/TWI/TWI.o
 .text          0x00000000        0x0 MCAL/UART/UART.o
 .data          0x00000000        0x0 MCAL/UART/UART.o
 .bss           0x00000000        0x0 MCAL/UART/UART.o
 .text.UART0_Init
                0x00000000      0x162 MCAL/UART/UART.o
 .text.UART1_Init
                0x00000000      0x174 MCAL/UART/UART.o
 .text.UART0_Transmit
                0x00000000        0x8 MCAL/UART/UART.o
 .text.UART1_Transmit
                0x00000000        0xe MCAL/UART/UART.o
 .text.UART0_TransmitString
                0x00000000       0x38 MCAL/UART/UART.o
 .text.UART1_TransmitString
                0x00000000       0x38 MCAL/UART/UART.o
 .text.UART0_Receive
                0x00000000        0x8 MCAL/UART/UART.o
 .text.UART1_Receive
                0x00000000        0xe MCAL/UART/UART.o
 .debug_info    0x00000000      0x5ff MCAL/UART/UART.o
 .debug_abbrev  0x00000000      0x1b0 MCAL/UART/UART.o
 .debug_loc     0x00000000      0x26a MCAL/UART/UART.o
 .debug_aranges
                0x00000000       0x58 MCAL/UART/UART.o
 .debug_ranges  0x00000000       0x48 MCAL/UART/UART.o
 .debug_line    0x00000000      0x375 MCAL/UART/UART.o
 .debug_str     0x00000000      0x741 MCAL/UART/UART.o
 .comment       0x00000000       0x31 MCAL/UART/UART.o
 .debug_frame   0x00000000       0xb4 MCAL/UART/UART.o
 .text          0x00000000        0x0 MCAL/UART/UART_Cfg.o
 .data          0x00000000        0x0 MCAL/UART/UART_Cfg.o
 .bss           0x00000000        0x0 MCAL/UART/UART_Cfg.o
 .data.UART1_Cfg
                0x00000000        0xd MCAL/UART/UART_Cfg.o
 .data.UART0_Cfg
                0x00000000        0xd MCAL/UART/UART_Cfg.o
 .debug_info    0x00000000      0x2c0 MCAL/UART/UART_Cfg.o
 .debug_abbrev  0x00000000       0x7f MCAL/UART/UART_Cfg.o
 .debug_aranges
                0x00000000       0x18 MCAL/UART/UART_Cfg.o
 .debug_line    0x00000000       0x53 MCAL/UART/UART_Cfg.o
 .debug_str     0x00000000      0x593 MCAL/UART/UART_Cfg.o
 .comment       0x00000000       0x31 MCAL/UART/UART_Cfg.o
 .text          0x00000000        0x0 c:/program files (x86)/atmel/studio/7.0/toolchain/avr8/avr8-gnu-toolchain/bin/../lib/gcc/avr/5.4.0/avr51\libgcc.a(_udivmodsi4.o)
 .data          0x00000000        0x0 c:/program files (x86)/atmel/studio/7.0/toolchain/avr8/avr8-gnu-toolchain/bin/../lib/gcc/avr/5.4.0/avr51\libgcc.a(_udivmodsi4.o)
 .bss           0x00000000        0x0 c:/program files (x86)/atmel/studio/7.0/toolchain/avr8/avr8-gnu-toolchain/bin/../lib/gcc/avr/5.4.0/avr51\libgcc.a(_udivmodsi4.o)
 .text.libgcc.mul
                0x00000000        0x0 c:/program files (x86)/atmel/studio/7.0/toolchain/avr8/avr8-gnu-toolchain/bin/../lib/gcc/avr/5.4.0/avr51\libgcc.a(_udivmodsi4.o)
 .text.libgcc.div
                0x00000000       0x44 c:/program files (x86)/atmel/studio/7.0/toolchain/avr8/avr8-gnu-toolchain/bin/../lib/gcc/avr/5.4.0/avr51\libgcc.a(_udivmodsi4.o)
 .text.libgcc   0x00000000        0x0 c:/program files (x86)/atmel/studio/7.0/toolchain/avr8/avr8-gnu-toolchain/bin/../lib/gcc/avr/5.4.0/avr51\libgcc.a(_udivmodsi4.o)
 .text.libgcc.prologue
                0x00000000        0x0 c:/program files (x86)/atmel/studio/7.0/toolchain/avr8/avr8-gnu-toolchain/bin/../lib/gcc/avr/5.4.0/avr51\libgcc.a(_udivmodsi4.o)
 .text.libgcc.builtins
                0x00000000        0x0 c:/program files (x86)/atmel/studio/7.0/toolchain/avr8/avr8-gnu-toolchain/bin/../lib/gcc/avr/5.4.0/avr51\libgcc.a(_udivmodsi4.o)
 .text.libgcc.fmul
                0x00000000        0x0 c:/program files (x86)/atmel/studio/7.0/toolchain/avr8/avr8-gnu-toolchain/bin/../lib/gcc/avr/5.4.0/avr51\libgcc.a(_udivmodsi4.o)
 .text.libgcc.fixed
                0x00000000        0x0 c:/program files (x86)/atmel/studio/7.0/toolchain/avr8/avr8-gnu-toolchain/bin/../lib/gcc/avr/5.4.0/avr51\libgcc.a(_udivmodsi4.o)
 .text          0x00000000        0x0 c:/program files (x86)/atmel/studio/7.0/toolchain/avr8/avr8-gnu-toolchain/bin/../lib/gcc/avr/5.4.0/avr51\libgcc.a(_exit.o)
 .data          0x00000000        0x0 c:/program files (x86)/atmel/studio/7.0/toolchain/avr8/avr8-gnu-toolchain/bin/../lib/gcc/avr/5.4.0/avr51\libgcc.a(_exit.o)
 .bss           0x00000000        0x0 c:/program files (x86)/atmel/studio/7.0/toolchain/avr8/avr8-gnu-toolchain/bin/../lib/gcc/avr/5.4.0/avr51\libgcc.a(_exit.o)
 .text.libgcc.mul
                0x00000000        0x0 c:/program files (x86)/atmel/studio/7.0/toolchain/avr8/avr8-gnu-toolchain/bin/../lib/gcc/avr/5.4.0/avr51\libgcc.a(_exit.o)
 .text.libgcc.div
                0x00000000        0x0 c:/program files (x86)/atmel/studio/7.0/toolchain/avr8/avr8-gnu-toolchain/bin/../lib/gcc/avr/5.4.0/avr51\libgcc.a(_exit.o)
 .text.libgcc   0x00000000        0x0 c:/program files (x86)/atmel/studio/7.0/toolchain/avr8/avr8-gnu-toolchain/bin/../lib/gcc/avr/5.4.0/avr51\libgcc.a(_exit.o)
 .text.libgcc.prologue
                0x00000000        0x0 c:/program files (x86)/atmel/studio/7.0/toolchain/avr8/avr8-gnu-toolchain/bin/../lib/gcc/avr/5.4.0/avr51\libgcc.a(_exit.o)
 .text.libgcc.builtins
                0x00000000        0x0 c:/program files (x86)/atmel/studio/7.0/toolchain/avr8/avr8-gnu-toolchain/bin/../lib/gcc/avr/5.4.0/avr51\libgcc.a(_exit.o)
 .text.libgcc.fmul
                0x00000000        0x0 c:/program files (x86)/atmel/studio/7.0/toolchain/avr8/avr8-gnu-toolchain/bin/../lib/gcc/avr/5.4.0/avr51\libgcc.a(_exit.o)
 .text.libgcc.fixed
                0x00000000        0x0 c:/program files (x86)/atmel/studio/7.0/toolchain/avr8/avr8-gnu-toolchain/bin/../lib/gcc/avr/5.4.0/avr51\libgcc.a(_exit.o)
 .text          0x00000000        0x0 c:/program files (x86)/atmel/studio/7.0/toolchain/avr8/avr8-gnu-toolchain/bin/../lib/gcc/avr/5.4.0/avr51\libgcc.a(_tablejump2.o)
 .data          0x00000000        0x0 c:/program files (x86)/atmel/studio/7.0/toolchain/avr8/avr8-gnu-toolchain/bin/../lib/gcc/avr/5.4.0/avr51\libgcc.a(_tablejump2.o)
 .bss           0x00000000        0x0 c:/program files (x86)/atmel/studio/7.0/toolchain/avr8/avr8-gnu-toolchain/bin/../lib/gcc/avr/5.4.0/avr51\libgcc.a(_tablejump2.o)
 .text.libgcc.mul
                0x00000000        0x0 c:/program files (x86)/atmel/studio/7.0/toolchain/avr8/avr8-gnu-toolchain/bin/../lib/gcc/avr/5.4.0/avr51\libgcc.a(_tablejump2.o)
 .text.libgcc.div
                0x00000000        0x0 c:/program files (x86)/atmel/studio/7.0/toolchain/avr8/avr8-gnu-toolchain/bin/../lib/gcc/avr/5.4.0/avr51\libgcc.a(_tablejump2.o)
 .text.libgcc   0x00000000       0x12 c:/program files (x86)/atmel/studio/7.0/toolchain/avr8/avr8-gnu-toolchain/bin/../lib/gcc/avr/5.4.0/avr51\libgcc.a(_tablejump2.o)
 .text.libgcc.prologue
                0x00000000        0x0 c:/program files (x86)/atmel/studio/7.0/toolchain/avr8/avr8-gnu-toolchain/bin/../lib/gcc/avr/5.4.0/avr51\libgcc.a(_tablejump2.o)
 .text.libgcc.builtins
                0x00000000        0x0 c:/program files (x86)/atmel/studio/7.0/toolchain/avr8/avr8-gnu-toolchain/bin/../lib/gcc/avr/5.4.0/avr51\libgcc.a(_tablejump2.o)
 .text.libgcc.fmul
                0x00000000        0x0 c:/program files (x86)/atmel/studio/7.0/toolchain/avr8/avr8-gnu-toolchain/bin/../lib/gcc/avr/5.4.0/avr51\libgcc.a(_tablejump2.o)
 .text.libgcc.fixed
                0x00000000        0x0 c:/program files (x86)/atmel/studio/7.0/toolchain/avr8/avr8-gnu-toolchain/bin/../lib/gcc/avr/5.4.0/avr51\libgcc.a(_tablejump2.o)
 .text          0x00000000        0x0 c:/program files (x86)/atmel/studio/7.0/toolchain/avr8/avr8-gnu-toolchain/bin/../lib/gcc/avr/5.4.0/avr51\libgcc.a(_copy_data.o)
 .data          0x00000000        0x0 c:/program files (x86)/atmel/studio/7.0/toolchain/avr8/avr8-gnu-toolchain/bin/../lib/gcc/avr/5.4.0/avr51\libgcc.a(_copy_data.o)
 .bss           0x00000000        0x0 c:/program files (x86)/atmel/studio/7.0/toolchain/avr8/avr8-gnu-toolchain/bin/../lib/gcc/avr/5.4.0/avr51\libgcc.a(_copy_data.o)
 .text.libgcc.mul
                0x00000000        0x0 c:/program files (x86)/atmel/studio/7.0/toolchain/avr8/avr8-gnu-toolchain/bin/../lib/gcc/avr/5.4.0/avr51\libgcc.a(_copy_data.o)
 .text.libgcc.div
                0x00000000        0x0 c:/program files (x86)/atmel/studio/7.0/toolchain/avr8/avr8-gnu-toolchain/bin/../lib/gcc/avr/5.4.0/avr51\libgcc.a(_copy_data.o)
 .text.libgcc   0x00000000        0x0 c:/program files (x86)/atmel/studio/7.0/toolchain/avr8/avr8-gnu-toolchain/bin/../lib/gcc/avr/5.4.0/avr51\libgcc.a(_copy_data.o)
 .text.libgcc.prologue
                0x00000000        0x0 c:/program files (x86)/atmel/studio/7.0/toolchain/avr8/avr8-gnu-toolchain/bin/../lib/gcc/avr/5.4.0/avr51\libgcc.a(_copy_data.o)
 .text.libgcc.builtins
                0x00000000        0x0 c:/program files (x86)/atmel/studio/7.0/toolchain/avr8/avr8-gnu-toolchain/bin/../lib/gcc/avr/5.4.0/avr51\libgcc.a(_copy_data.o)
 .text.libgcc.fmul
                0x00000000        0x0 c:/program files (x86)/atmel/studio/7.0/toolchain/avr8/avr8-gnu-toolchain/bin/../lib/gcc/avr/5.4.0/avr51\libgcc.a(_copy_data.o)
 .text.libgcc.fixed
                0x00000000        0x0 c:/program files (x86)/atmel/studio/7.0/toolchain/avr8/avr8-gnu-toolchain/bin/../lib/gcc/avr/5.4.0/avr51\libgcc.a(_copy_data.o)
 .text          0x00000000        0x0 c:/program files (x86)/atmel/studio/7.0/toolchain/avr8/avr8-gnu-toolchain/bin/../lib/gcc/avr/5.4.0/avr51\libgcc.a(_clear_bss.o)
 .data          0x00000000        0x0 c:/program files (x86)/atmel/studio/7.0/toolchain/avr8/avr8-gnu-toolchain/bin/../lib/gcc/avr/5.4.0/avr51\libgcc.a(_clear_bss.o)
 .bss           0x00000000        0x0 c:/program files (x86)/atmel/studio/7.0/toolchain/avr8/avr8-gnu-toolchain/bin/../lib/gcc/avr/5.4.0/avr51\libgcc.a(_clear_bss.o)
 .text.libgcc.mul
                0x00000000        0x0 c:/program files (x86)/atmel/studio/7.0/toolchain/avr8/avr8-gnu-toolchain/bin/../lib/gcc/avr/5.4.0/avr51\libgcc.a(_clear_bss.o)
 .text.libgcc.div
                0x00000000        0x0 c:/program files (x86)/atmel/studio/7.0/toolchain/avr8/avr8-gnu-toolchain/bin/../lib/gcc/avr/5.4.0/avr51\libgcc.a(_clear_bss.o)
 .text.libgcc   0x00000000        0x0 c:/program files (x86)/atmel/studio/7.0/toolchain/avr8/avr8-gnu-toolchain/bin/../lib/gcc/avr/5.4.0/avr51\libgcc.a(_clear_bss.o)
 .text.libgcc.prologue
                0x00000000        0x0 c:/program files (x86)/atmel/studio/7.0/toolchain/avr8/avr8-gnu-toolchain/bin/../lib/gcc/avr/5.4.0/avr51\libgcc.a(_clear_bss.o)
 .text.libgcc.builtins
                0x00000000        0x0 c:/program files (x86)/atmel/studio/7.0/toolchain/avr8/avr8-gnu-toolchain/bin/../lib/gcc/avr/5.4.0/avr51\libgcc.a(_clear_bss.o)
 .text.libgcc.fmul
                0x00000000        0x0 c:/program files (x86)/atmel/studio/7.0/toolchain/avr8/avr8-gnu-toolchain/bin/../lib/gcc/avr/5.4.0/avr51\libgcc.a(_clear_bss.o)
 .text.libgcc.fixed
                0x00000000        0x0 c:/program files (x86)/atmel/studio/7.0/toolchain/avr8/avr8-gnu-toolchain/bin/../lib/gcc/avr/5.4.0/avr51\libgcc.a(_clear_bss.o)
 .text          0x00000000        0x0 c:/program files (x86)/atmel/studio/7.0/toolchain/avr8/avr8-gnu-toolchain/bin/../lib/gcc/avr/5.4.0/../../../../avr/lib/avr51\libc.a(memset.o)
 .data          0x00000000        0x0 c:/program files (x86)/atmel/studio/7.0/toolchain/avr8/avr8-gnu-toolchain/bin/../lib/gcc/avr/5.4.0/../../../../avr/lib/avr51\libc.a(memset.o)
 .bss           0x00000000        0x0 c:/program files (x86)/atmel/studio/7.0/toolchain/avr8/avr8-gnu-toolchain/bin/../lib/gcc/avr/5.4.0/../../../../avr/lib/avr51\libc.a(memset.o)
 .text.avr-libc
                0x00000000        0xe c:/program files (x86)/atmel/studio/7.0/toolchain/avr8/avr8-gnu-toolchain/bin/../lib/gcc/avr/5.4.0/../../../../avr/lib/avr51\libc.a(memset.o)
 .text          0x00000000        0x0 c:/program files (x86)/atmel/studio/7.0/toolchain/avr8/avr8-gnu-toolchain/bin/../lib/gcc/avr/5.4.0/../../../../avr/lib/avr51\libc.a(strncpy.o)
 .data          0x00000000        0x0 c:/program files (x86)/atmel/studio/7.0/toolchain/avr8/avr8-gnu-toolchain/bin/../lib/gcc/avr/5.4.0/../../../../avr/lib/avr51\libc.a(strncpy.o)
 .bss           0x00000000        0x0 c:/program files (x86)/atmel/studio/7.0/toolchain/avr8/avr8-gnu-toolchain/bin/../lib/gcc/avr/5.4.0/../../../../avr/lib/avr51\libc.a(strncpy.o)
 .text.avr-libc
                0x00000000       0x1e c:/program files (x86)/atmel/studio/7.0/toolchain/avr8/avr8-gnu-toolchain/bin/../lib/gcc/avr/5.4.0/../../../../avr/lib/avr51\libc.a(strncpy.o)
 .text          0x00000000        0x0 c:/program files (x86)/atmel/studio/7.0/toolchain/avr8/avr8-gnu-toolchain/bin/../lib/gcc/avr/5.4.0/../../../../avr/lib/avr51\libc.a(strstr.o)
 .data          0x00000000        0x0 c:/program files (x86)/atmel/studio/7.0/toolchain/avr8/avr8-gnu-toolchain/bin/../lib/gcc/avr/5.4.0/../../../../avr/lib/avr51\libc.a(strstr.o)
 .bss           0x00000000        0x0 c:/program files (x86)/atmel/studio/7.0/toolchain/avr8/avr8-gnu-toolchain/bin/../lib/gcc/avr/5.4.0/../../../../avr/lib/avr51\libc.a(strstr.o)
 .text.avr-libc
                0x00000000       0x34 c:/program files (x86)/atmel/studio/7.0/toolchain/avr8/avr8-gnu-toolchain/bin/../lib/gcc/avr/5.4.0/../../../../avr/lib/avr51\libc.a(strstr.o)

Memory Configuration

Name             Origin             Length             Attributes
text             0x00000000         0x00020000         xr
data             0x00800100         0x00001000         rw !x
eeprom           0x00810000         0x00001000         rw !x
fuse             0x00820000         0x00000003         rw !x
lock             0x00830000         0x00000400         rw !x
signature        0x00840000         0x00000400         rw !x
user_signatures  0x00850000         0x00000400         rw !x
*default*        0x00000000         0xffffffff

Linker script and memory map

Address of section .data set to 0x800100
LOAD C:/Program Files (x86)/Atmel/Studio/7.0/Packs/atmel/ATmega_DFP/1.7.374/gcc/dev/atmega128a/avr51/crtatmega128a.o
LOAD HAL/ESP01/ESP01.o
LOAD HAL/LCD/LCD.o
LOAD HAL/LCD/LCD_Config.o
LOAD LIB/String_Find.o
LOAD main.o
LOAD MCAL/DIO/DIO.o
LOAD MCAL/DIO/DIO_Cfg.o
LOAD MCAL/EXTI/EXTI.o
LOAD MCAL/GIE/GIE.o
LOAD MCAL/SPI/SPI.o
LOAD MCAL/SPI/SPI_Cfg.o
LOAD MCAL/TWI/TWI.o
LOAD MCAL/UART/UART.o
LOAD MCAL/UART/UART_Cfg.o
START GROUP
LOAD c:/program files (x86)/atmel/studio/7.0/toolchain/avr8/avr8-gnu-toolchain/bin/../lib/gcc/avr/5.4.0/../../../../avr/lib/avr51\libm.a
END GROUP
START GROUP
LOAD c:/program files (x86)/atmel/studio/7.0/toolchain/avr8/avr8-gnu-toolchain/bin/../lib/gcc/avr/5.4.0/avr51\libgcc.a
LOAD c:/program files (x86)/atmel/studio/7.0/toolchain/avr8/avr8-gnu-toolchain/bin/../lib/gcc/avr/5.4.0/../../../../avr/lib/avr51\libm.a
LOAD c:/program files (x86)/atmel/studio/7.0/toolchain/avr8/avr8-gnu-toolchain/bin/../lib/gcc/avr/5.4.0/../../../../avr/lib/avr51\libc.a
LOAD C:/Program Files (x86)/Atmel/Studio/7.0/Packs/atmel/ATmega_DFP/1.7.374/gcc/dev/atmega128a/avr51\libatmega128a.a
END GROUP
                [0x00000000]                __TEXT_REGION_ORIGIN__ = DEFINED (__TEXT_REGION_ORIGIN__)?__TEXT_REGION_ORIGIN__:0x0
                [0x00800100]                __DATA_REGION_ORIGIN__ = DEFINED (__DATA_REGION_ORIGIN__)?__DATA_REGION_ORIGIN__:0x800100
                [0x00020000]                __TEXT_REGION_LENGTH__ = DEFINED (__TEXT_REGION_LENGTH__)?__TEXT_REGION_LENGTH__:0x20000
                [0x00001000]                __DATA_REGION_LENGTH__ = DEFINED (__DATA_REGION_LENGTH__)?__DATA_REGION_LENGTH__:0xff00
                [0x00001000]                __EEPROM_REGION_LENGTH__ = DEFINED (__EEPROM_REGION_LENGTH__)?__EEPROM_REGION_LENGTH__:0x10000
                [0x00000003]                __FUSE_REGION_LENGTH__ = DEFINED (__FUSE_REGION_LENGTH__)?__FUSE_REGION_LENGTH__:0x400
                0x00000400                __LOCK_REGION_LENGTH__ = DEFINED (__LOCK_REGION_LENGTH__)?__LOCK_REGION_LENGTH__:0x400
                0x00000400                __SIGNATURE_REGION_LENGTH__ = DEFINED (__SIGNATURE_REGION_LENGTH__)?__SIGNATURE_REGION_LENGTH__:0x400
                0x00000400                __USER_SIGNATURE_REGION_LENGTH__ = DEFINED (__USER_SIGNATURE_REGION_LENGTH__)?__USER_SIGNATURE_REGION_LENGTH__:0x400

.hash
 *(.hash)

.dynsym
 *(.dynsym)

.dynstr
 *(.dynstr)

.gnu.version
 *(.gnu.version)

.gnu.version_d
 *(.gnu.version_d)

.gnu.version_r
 *(.gnu.version_r)

.rel.init
 *(.rel.init)

.rela.init
 *(.rela.init)

.rel.text
 *(.rel.text)
 *(.rel.text.*)
 *(.rel.gnu.linkonce.t*)

.rela.text
 *(.rela.text)
 *(.rela.text.*)
 *(.rela.gnu.linkonce.t*)

.rel.fini
 *(.rel.fini)

.rela.fini
 *(.rela.fini)

.rel.rodata
 *(.rel.rodata)
 *(.rel.rodata.*)
 *(.rel.gnu.linkonce.r*)

.rela.rodata
 *(.rela.rodata)
 *(.rela.rodata.*)
 *(.rela.gnu.linkonce.r*)

.rel.data
 *(.rel.data)
 *(.rel.data.*)
 *(.rel.gnu.linkonce.d*)

.rela.data
 *(.rela.data)
 *(.rela.data.*)
 *(.rela.gnu.linkonce.d*)

.rel.ctors
 *(.rel.ctors)

.rela.ctors
 *(.rela.ctors)

.rel.dtors
 *(.rel.dtors)

.rela.dtors
 *(.rela.dtors)

.rel.got
 *(.rel.got)

.rela.got
 *(.rela.got)

.rel.bss
 *(.rel.bss)

.rela.bss
 *(.rela.bss)

.rel.plt
 *(.rel.plt)

.rela.plt
 *(.rela.plt)

.text           0x00000000      0x404
 *(.vectors)
 .vectors       0x00000000       0x8c C:/Program Files (x86)/Atmel/Studio/7.0/Packs/atmel/ATmega_DFP/1.7.374/gcc/dev/atmega128a/avr51/crtatmega128a.o
                0x00000000                __vector_default
                0x00000000                __vectors
 *(.vectors)
 *(.progmem.gcc*)
                0x0000008c                . = ALIGN (0x2)
                0x0000008c                __trampolines_start = .
 *(.trampolines)
 .trampolines   0x0000008c        0x0 linker stubs
 *(.trampolines*)
                0x0000008c                __trampolines_end = .
 *libprintf_flt.a:*(.progmem.data)
 *libc.a:*(.progmem.data)
 *(.progmem*)
                0x0000008c                . = ALIGN (0x2)
 *(.jumptables)
 *(.jumptables*)
 *(.lowtext)
 *(.lowtext*)
                0x0000008c                __ctors_start = .
 *(.ctors)
                0x0000008c                __ctors_end = .
                0x0000008c                __dtors_start = .
 *(.dtors)
                0x0000008c                __dtors_end = .
 SORT(*)(.ctors)
 SORT(*)(.dtors)
 *(.init0)
 .init0         0x0000008c        0x0 C:/Program Files (x86)/Atmel/Studio/7.0/Packs/atmel/ATmega_DFP/1.7.374/gcc/dev/atmega128a/avr51/crtatmega128a.o
                0x0000008c                __init
 *(.init0)
 *(.init1)
 *(.init1)
 *(.init2)
 .init2         0x0000008c        0xc C:/Program Files (x86)/Atmel/Studio/7.0/Packs/atmel/ATmega_DFP/1.7.374/gcc/dev/atmega128a/avr51/crtatmega128a.o
 *(.init2)
 *(.init3)
 *(.init3)
 *(.init4)
 .init4         0x00000098       0x1a c:/program files (x86)/atmel/studio/7.0/toolchain/avr8/avr8-gnu-toolchain/bin/../lib/gcc/avr/5.4.0/avr51\libgcc.a(_copy_data.o)
                0x00000098                __do_copy_data
 .init4         0x000000b2       0x10 c:/program files (x86)/atmel/studio/7.0/toolchain/avr8/avr8-gnu-toolchain/bin/../lib/gcc/avr/5.4.0/avr51\libgcc.a(_clear_bss.o)
                0x000000b2                __do_clear_bss
 *(.init4)
 *(.init5)
 *(.init5)
 *(.init6)
 *(.init6)
 *(.init7)
 *(.init7)
 *(.init8)
 *(.init8)
 *(.init9)
 .init9         0x000000c2        0x4 C:/Program Files (x86)/Atmel/Studio/7.0/Packs/atmel/ATmega_DFP/1.7.374/gcc/dev/atmega128a/avr51/crtatmega128a.o
 *(.init9)
 *(.text)
 .text          0x000000c6        0x2 C:/Program Files (x86)/Atmel/Studio/7.0/Packs/atmel/ATmega_DFP/1.7.374/gcc/dev/atmega128a/avr51/crtatmega128a.o
                0x000000c6                __vector_22
                0x000000c6                __vector_28
                0x000000c6                __vector_32
                0x000000c6                __vector_34
                0x000000c6                __vector_24
                0x000000c6                __vector_12
                0x000000c6                __bad_interrupt
                0x000000c6                __vector_31
                0x000000c6                __vector_23
                0x000000c6                __vector_25
                0x000000c6                __vector_11
                0x000000c6                __vector_13
                0x000000c6                __vector_17
                0x000000c6                __vector_19
                0x000000c6                __vector_27
                0x000000c6                __vector_33
                0x000000c6                __vector_9
                0x000000c6                __vector_21
                0x000000c6                __vector_15
                0x000000c6                __vector_29
                0x000000c6                __vector_26
                0x000000c6                __vector_14
                0x000000c6                __vector_10
                0x000000c6                __vector_16
                0x000000c6                __vector_18
                0x000000c6                __vector_20
                0x000000c8                . = ALIGN (0x2)
 *(.text.*)
 .text.__vector_30
                0x000000c8       0x86 HAL/ESP01/ESP01.o
                0x000000c8                __vector_30
 .text.main     0x0000014e        0x2 main.o
                0x0000014e                main
 .text.__vector_1
                0x00000150       0x56 MCAL/EXTI/EXTI.o
                0x00000150                __vector_1
 .text.__vector_2
                0x000001a6       0x56 MCAL/EXTI/EXTI.o
                0x000001a6                __vector_2
 .text.__vector_3
                0x000001fc       0x56 MCAL/EXTI/EXTI.o
                0x000001fc                __vector_3
 .text.__vector_4
                0x00000252       0x56 MCAL/EXTI/EXTI.o
                0x00000252                __vector_4
 .text.__vector_5
                0x000002a8       0x56 MCAL/EXTI/EXTI.o
                0x000002a8                __vector_5
 .text.__vector_6
                0x000002fe       0x56 MCAL/EXTI/EXTI.o
                0x000002fe                __vector_6
 .text.__vector_7
                0x00000354       0x56 MCAL/EXTI/EXTI.o
                0x00000354                __vector_7
 .text.__vector_8
                0x000003aa       0x56 MCAL/EXTI/EXTI.o
                0x000003aa                __vector_8
                0x00000400                . = ALIGN (0x2)
 *(.fini9)
 .fini9         0x00000400        0x0 c:/program files (x86)/atmel/studio/7.0/toolchain/avr8/avr8-gnu-toolchain/bin/../lib/gcc/avr/5.4.0/avr51\libgcc.a(_exit.o)
                0x00000400                _exit
                0x00000400                exit
 *(.fini9)
 *(.fini8)
 *(.fini8)
 *(.fini7)
 *(.fini7)
 *(.fini6)
 *(.fini6)
 *(.fini5)
 *(.fini5)
 *(.fini4)
 *(.fini4)
 *(.fini3)
 *(.fini3)
 *(.fini2)
 *(.fini2)
 *(.fini1)
 *(.fini1)
 *(.fini0)
 .fini0         0x00000400        0x4 c:/program files (x86)/atmel/studio/7.0/toolchain/avr8/avr8-gnu-toolchain/bin/../lib/gcc/avr/5.4.0/avr51\libgcc.a(_exit.o)
 *(.fini0)
                0x00000404                _etext = .

.data           0x00800100        0x0 load address 0x00000404
                0x00800100                PROVIDE (__data_start, .)
 *(.data)
 *(.data*)
 *(.gnu.linkonce.d*)
 *(.rodata)
 *(.rodata*)
 *(.gnu.linkonce.r*)
                0x00800100                . = ALIGN (0x2)
                0x00800100                _edata = .
                0x00800100                PROVIDE (__data_end, .)

.bss            0x00800100      0x258
                0x00800100                PROVIDE (__bss_start, .)
 *(.bss)
 *(.bss*)
 .bss.EXT_INTERRUPT7_FUNCTION_PTR
                0x00800100        0x2 MCAL/EXTI/EXTI.o
                0x00800100                EXT_INTERRUPT7_FUNCTION_PTR
 .bss.EXT_INTERRUPT6_FUNCTION_PTR
                0x00800102        0x2 MCAL/EXTI/EXTI.o
                0x00800102                EXT_INTERRUPT6_FUNCTION_PTR
 .bss.EXT_INTERRUPT5_FUNCTION_PTR
                0x00800104        0x2 MCAL/EXTI/EXTI.o
                0x00800104                EXT_INTERRUPT5_FUNCTION_PTR
 .bss.EXT_INTERRUPT4_FUNCTION_PTR
                0x00800106        0x2 MCAL/EXTI/EXTI.o
                0x00800106                EXT_INTERRUPT4_FUNCTION_PTR
 .bss.EXT_INTERRUPT3_FUNCTION_PTR
                0x00800108        0x2 MCAL/EXTI/EXTI.o
                0x00800108                EXT_INTERRUPT3_FUNCTION_PTR
 .bss.EXT_INTERRUPT2_FUNCTION_PTR
                0x0080010a        0x2 MCAL/EXTI/EXTI.o
                0x0080010a                EXT_INTERRUPT2_FUNCTION_PTR
 .bss.EXT_INTERRUPT1_FUNCTION_PTR
                0x0080010c        0x2 MCAL/EXTI/EXTI.o
                0x0080010c                EXT_INTERRUPT1_FUNCTION_PTR
 .bss.EXT_INTERRUPT0_FUNCTION_PTR
                0x0080010e        0x2 MCAL/EXTI/EXTI.o
                0x0080010e                EXT_INTERRUPT0_FUNCTION_PTR
 *(COMMON)
 COMMON         0x00800110      0x248 HAL/ESP01/ESP01.o
                0x00800110                data_ready
                0x00800111                APMAC
                0x00800125                rx_buff
                0x00800319                STAIP
                0x0080032d                temp
                0x0080032e                STAMAC
                0x00800342                APIP
                0x00800356                data_len
                0x00800358                PROVIDE (__bss_end, .)
                0x00000404                __data_load_start = LOADADDR (.data)
                0x00000404                __data_load_end = (__data_load_start + SIZEOF (.data))

.noinit         0x00800358        0x0
                [!provide]                PROVIDE (__noinit_start, .)
 *(.noinit*)
                [!provide]                PROVIDE (__noinit_end, .)
                0x00800358                _end = .
                [!provide]                PROVIDE (__heap_start, .)

.eeprom         0x00810000        0x0
 *(.eeprom*)
                0x00810000                __eeprom_end = .

.fuse
 *(.fuse)
 *(.lfuse)
 *(.hfuse)
 *(.efuse)

.lock
 *(.lock*)

.signature
 *(.signature*)

.user_signatures
 *(.user_signatures*)

.stab
 *(.stab)

.stabstr
 *(.stabstr)

.stab.excl
 *(.stab.excl)

.stab.exclstr
 *(.stab.exclstr)

.stab.index
 *(.stab.index)

.stab.indexstr
 *(.stab.indexstr)

.comment        0x00000000       0x30
 *(.comment)
 .comment       0x00000000       0x30 HAL/ESP01/ESP01.o
                                 0x31 (size before relaxing)
 .comment       0x00000030       0x31 main.o
 .comment       0x00000030       0x31 MCAL/EXTI/EXTI.o

.note.gnu.avr.deviceinfo
                0x00000000       0x40
 .note.gnu.avr.deviceinfo
                0x00000000       0x40 C:/Program Files (x86)/Atmel/Studio/7.0/Packs/atmel/ATmega_DFP/1.7.374/gcc/dev/atmega128a/avr51/crtatmega128a.o

.note.gnu.build-id
 *(.note.gnu.build-id)

.debug
 *(.debug)

.line
 *(.line)

.debug_srcinfo
 *(.debug_srcinfo)

.debug_sfnames
 *(.debug_sfnames)

.debug_aranges  0x00000000       0xe0
 *(.debug_aranges)
 .debug_aranges
                0x00000000       0x50 HAL/ESP01/ESP01.o
 .debug_aranges
                0x00000050       0x20 main.o
 .debug_aranges
                0x00000070       0x70 MCAL/EXTI/EXTI.o

.debug_pubnames
 *(.debug_pubnames)

.debug_info     0x00000000     0x1989
 *(.debug_info .gnu.linkonce.wi.*)
 .debug_info    0x00000000      0x780 C:/Program Files (x86)/Atmel/Studio/7.0/Packs/atmel/ATmega_DFP/1.7.374/gcc/dev/atmega128a/avr51/crtatmega128a.o
 .debug_info    0x00000780      0xda8 HAL/ESP01/ESP01.o
 .debug_info    0x00001528      0x158 main.o
 .debug_info    0x00001680      0x309 MCAL/EXTI/EXTI.o

.debug_abbrev   0x00000000      0xa4f
 *(.debug_abbrev)
 .debug_abbrev  0x00000000      0x718 C:/Program Files (x86)/Atmel/Studio/7.0/Packs/atmel/ATmega_DFP/1.7.374/gcc/dev/atmega128a/avr51/crtatmega128a.o
 .debug_abbrev  0x00000718      0x1f5 HAL/ESP01/ESP01.o
 .debug_abbrev  0x0000090d       0x80 main.o
 .debug_abbrev  0x0000098d       0xc2 MCAL/EXTI/EXTI.o

.debug_line     0x00000000      0xa59
 *(.debug_line .debug_line.* .debug_line_end)
 .debug_line    0x00000000      0x16a C:/Program Files (x86)/Atmel/Studio/7.0/Packs/atmel/ATmega_DFP/1.7.374/gcc/dev/atmega128a/avr51/crtatmega128a.o
 .debug_line    0x0000016a      0x563 HAL/ESP01/ESP01.o
 .debug_line    0x000006cd       0x7f main.o
 .debug_line    0x0000074c      0x30d MCAL/EXTI/EXTI.o

.debug_frame    0x00000000      0x400
 *(.debug_frame)
 .debug_frame   0x00000000       0xd8 HAL/ESP01/ESP01.o
 .debug_frame   0x000000d8       0x24 main.o
 .debug_frame   0x000000fc      0x304 MCAL/EXTI/EXTI.o

.debug_str      0x00000000      0xb8f
 *(.debug_str)
 .debug_str     0x00000000      0x27d C:/Program Files (x86)/Atmel/Studio/7.0/Packs/atmel/ATmega_DFP/1.7.374/gcc/dev/atmega128a/avr51/crtatmega128a.o
 .debug_str     0x0000027d      0x62c HAL/ESP01/ESP01.o
                                0x660 (size before relaxing)
 .debug_str     0x000008a9       0x11 main.o
                                0x203 (size before relaxing)
 .debug_str     0x000008ba      0x2d5 MCAL/EXTI/EXTI.o
                                0x488 (size before relaxing)

.debug_loc      0x00000000      0xdbf
 *(.debug_loc)
 .debug_loc     0x00000000      0x42f HAL/ESP01/ESP01.o
 .debug_loc     0x0000042f      0x990 MCAL/EXTI/EXTI.o

.debug_macinfo
 *(.debug_macinfo)

.debug_weaknames
 *(.debug_weaknames)

.debug_funcnames
 *(.debug_funcnames)

.debug_typenames
 *(.debug_typenames)

.debug_varnames
 *(.debug_varnames)

.debug_pubtypes
 *(.debug_pubtypes)

.debug_ranges   0x00000000       0xb0
 *(.debug_ranges)
 .debug_ranges  0x00000000       0x40 HAL/ESP01/ESP01.o
 .debug_ranges  0x00000040       0x10 main.o
 .debug_ranges  0x00000050       0x60 MCAL/EXTI/EXTI.o

.debug_macro
 *(.debug_macro)
OUTPUT(GraduationEmbeddedSide.elf elf32-avr)
LOAD linker stubs
