Archive member included to satisfy reference by file (symbol)

c:/program files (x86)/atmel/studio/7.0/toolchain/avr8/avr8-gnu-toolchain/bin/../lib/gcc/avr/5.4.0/avr51\libgcc.a(_udivmodsi4.o)
                              MCAL/TWI/TWI.o (__udivmodsi4)
c:/program files (x86)/atmel/studio/7.0/toolchain/avr8/avr8-gnu-toolchain/bin/../lib/gcc/avr/5.4.0/avr51\libgcc.a(_exit.o)
                              C:/Program Files (x86)/Atmel/Studio/7.0/Packs/atmel/ATmega_DFP/1.7.374/gcc/dev/atmega128a/avr51/crtatmega128a.o (exit)
c:/program files (x86)/atmel/studio/7.0/toolchain/avr8/avr8-gnu-toolchain/bin/../lib/gcc/avr/5.4.0/avr51\libgcc.a(_tablejump2.o)
                              MCAL/DIO/DIO.o (__tablejump2__)
c:/program files (x86)/atmel/studio/7.0/toolchain/avr8/avr8-gnu-toolchain/bin/../lib/gcc/avr/5.4.0/avr51\libgcc.a(_copy_data.o)
                              HAL/ESP01/ESP01.o (__do_copy_data)
c:/program files (x86)/atmel/studio/7.0/toolchain/avr8/avr8-gnu-toolchain/bin/../lib/gcc/avr/5.4.0/avr51\libgcc.a(_clear_bss.o)
                              HAL/ESP01/ESP01.o (__do_clear_bss)
c:/program files (x86)/atmel/studio/7.0/toolchain/avr8/avr8-gnu-toolchain/bin/../lib/gcc/avr/5.4.0/../../../../avr/lib/avr51\libc.a(memset.o)
                              HAL/ESP01/ESP01.o (memset)
c:/program files (x86)/atmel/studio/7.0/toolchain/avr8/avr8-gnu-toolchain/bin/../lib/gcc/avr/5.4.0/../../../../avr/lib/avr51\libc.a(strncpy.o)
                              LIB/String_Find.o (strncpy)
c:/program files (x86)/atmel/studio/7.0/toolchain/avr8/avr8-gnu-toolchain/bin/../lib/gcc/avr/5.4.0/../../../../avr/lib/avr51\libc.a(strstr.o)
                              LIB/String_Find.o (strstr)

Allocating common symbols
Common symbol       size              file

data_ready          0x1               HAL/ESP01/ESP01.o
rx_buff             0x32              HAL/ESP01/ESP01.o
temp                0x1               HAL/ESP01/ESP01.o
data_len            0x1               HAL/ESP01/ESP01.o
byte                0x1               main.o
result              0x1               HAL/ESP01/ESP01.o
str                 0x10              main.o

Discarded input sections

 .data          0x00000000        0x0 C:/Program Files (x86)/Atmel/Studio/7.0/Packs/atmel/ATmega_DFP/1.7.374/gcc/dev/atmega128a/avr51/crtatmega128a.o
 .bss           0x00000000        0x0 C:/Program Files (x86)/Atmel/Studio/7.0/Packs/atmel/ATmega_DFP/1.7.374/gcc/dev/atmega128a/avr51/crtatmega128a.o
 .text          0x00000000        0x0 HAL/ESP01/ESP01.o
 .data          0x00000000        0x0 HAL/ESP01/ESP01.o
 .bss           0x00000000        0x0 HAL/ESP01/ESP01.o
 .text          0x00000000        0x0 HAL/LCD/LCD.o
 .data          0x00000000        0x0 HAL/LCD/LCD.o
 .bss           0x00000000        0x0 HAL/LCD/LCD.o
 .text.Enable   0x00000000       0x2a HAL/LCD/LCD.o
 .text.LCD_SendCmd
                0x00000000       0x66 HAL/LCD/LCD.o
 .text.LCD_Init
                0x00000000       0xda HAL/LCD/LCD.o
 .text.LCD_SendChar
                0x00000000       0xb6 HAL/LCD/LCD.o
 .text.LCD_SendString
                0x00000000       0x2c HAL/LCD/LCD.o
 .text.LCD_ClearScreen
                0x00000000        0x8 HAL/LCD/LCD.o
 .text.LCD_Custom_Char
                0x00000000       0x3c HAL/LCD/LCD.o
 .debug_info    0x00000000      0xac1 HAL/LCD/LCD.o
 .debug_abbrev  0x00000000      0x191 HAL/LCD/LCD.o
 .debug_loc     0x00000000      0x75d HAL/LCD/LCD.o
 .debug_aranges
                0x00000000       0x50 HAL/LCD/LCD.o
 .debug_ranges  0x00000000       0x40 HAL/LCD/LCD.o
 .debug_line    0x00000000      0x43b HAL/LCD/LCD.o
 .debug_str     0x00000000      0x79b HAL/LCD/LCD.o
 .comment       0x00000000       0x31 HAL/LCD/LCD.o
 .debug_frame   0x00000000       0xc4 HAL/LCD/LCD.o
 .text          0x00000000        0x0 HAL/LCD/LCD_Config.o
 .data          0x00000000        0x0 HAL/LCD/LCD_Config.o
 .bss           0x00000000        0x0 HAL/LCD/LCD_Config.o
 .data.LCD_CFG  0x00000000        0x3 HAL/LCD/LCD_Config.o
 .debug_info    0x00000000      0x134 HAL/LCD/LCD_Config.o
 .debug_abbrev  0x00000000       0x6d HAL/LCD/LCD_Config.o
 .debug_aranges
                0x00000000       0x18 HAL/LCD/LCD_Config.o
 .debug_line    0x00000000       0x54 HAL/LCD/LCD_Config.o
 .debug_str     0x00000000      0x330 HAL/LCD/LCD_Config.o
 .comment       0x00000000       0x31 HAL/LCD/LCD_Config.o
 .text          0x00000000        0x0 HAL/MFRC/mfrc522.o
 .data          0x00000000        0x0 HAL/MFRC/mfrc522.o
 .bss           0x00000000        0x0 HAL/MFRC/mfrc522.o
 .text          0x00000000        0x0 LIB/String_Find.o
 .data          0x00000000        0x0 LIB/String_Find.o
 .bss           0x00000000        0x0 LIB/String_Find.o
 .text.find_get_string
                0x00000000       0x4e LIB/String_Find.o
 .text          0x00000000        0x0 main.o
 .data          0x00000000        0x0 main.o
 .bss           0x00000000        0x0 main.o
 .text          0x00000000        0x0 MCAL/DIO/DIO.o
 .data          0x00000000        0x0 MCAL/DIO/DIO.o
 .bss           0x00000000        0x0 MCAL/DIO/DIO.o
 .text.DIO_Init
                0x00000000      0x298 MCAL/DIO/DIO.o
 .progmem.gcc_sw_table.DIO_Init
                0x00000000       0x1c MCAL/DIO/DIO.o
 .text.DIO_ReadChannel
                0x00000000      0x15c MCAL/DIO/DIO.o
 .progmem.gcc_sw_table.DIO_ReadChannel
                0x00000000        0xe MCAL/DIO/DIO.o
 .text.DIO_ConfigPullUp
                0x00000000      0x1cc MCAL/DIO/DIO.o
 .progmem.gcc_sw_table.DIO_ConfigPullUp
                0x00000000       0x1c MCAL/DIO/DIO.o
 .text.DIO_ToggleChannel
                0x00000000       0xde MCAL/DIO/DIO.o
 .progmem.gcc_sw_table.DIO_ToggleChannel
                0x00000000        0xe MCAL/DIO/DIO.o
 .text.DIO_WritePort
                0x00000000       0x32 MCAL/DIO/DIO.o
 .progmem.gcc_sw_table.DIO_WritePort
                0x00000000        0xe MCAL/DIO/DIO.o
 .text.DIO_ReadPort
                0x00000000       0x36 MCAL/DIO/DIO.o
 .progmem.gcc_sw_table.DIO_ReadPort
                0x00000000        0xe MCAL/DIO/DIO.o
 .text.DIO_WriteLowNibble
                0x00000000       0x7e MCAL/DIO/DIO.o
 .progmem.gcc_sw_table.DIO_WriteLowNibble
                0x00000000        0xe MCAL/DIO/DIO.o
 .text.DIO_WriteHighNibble
                0x00000000       0x7e MCAL/DIO/DIO.o
 .progmem.gcc_sw_table.DIO_WriteHighNibble
                0x00000000        0xe MCAL/DIO/DIO.o
 .text          0x00000000        0x0 MCAL/DIO/DIO_Cfg.o
 .data          0x00000000        0x0 MCAL/DIO/DIO_Cfg.o
 .bss           0x00000000        0x0 MCAL/DIO/DIO_Cfg.o
 .rodata.countPinsConfigured
                0x00000000        0x1 MCAL/DIO/DIO_Cfg.o
 .bss.PinConfig
                0x00000000        0x0 MCAL/DIO/DIO_Cfg.o
 .debug_info    0x00000000      0x2c5 MCAL/DIO/DIO_Cfg.o
 .debug_abbrev  0x00000000       0x86 MCAL/DIO/DIO_Cfg.o
 .debug_aranges
                0x00000000       0x18 MCAL/DIO/DIO_Cfg.o
 .debug_line    0x00000000       0x74 MCAL/DIO/DIO_Cfg.o
 .debug_str     0x00000000      0x56f MCAL/DIO/DIO_Cfg.o
 .comment       0x00000000       0x31 MCAL/DIO/DIO_Cfg.o
 .text          0x00000000        0x0 MCAL/EXTI/EXTI.o
 .data          0x00000000        0x0 MCAL/EXTI/EXTI.o
 .bss           0x00000000        0x0 MCAL/EXTI/EXTI.o
 .text.EXT_INTERRUPTS_STATE
                0x00000000       0xb0 MCAL/EXTI/EXTI.o
 .progmem.gcc_sw_table.EXT_INTERRUPTS_STATE
                0x00000000       0x20 MCAL/EXTI/EXTI.o
 .text.EXT_INTERRUPTS_SNCONTROL_MODE
                0x00000000       0x98 MCAL/EXTI/EXTI.o
 .progmem.gcc_sw_table.EXT_INTERRUPTS_SNCONTROL_MODE
                0x00000000       0x10 MCAL/EXTI/EXTI.o
 .text.EXT_INTERRUPTS_SetCallBack
                0x00000000       0x62 MCAL/EXTI/EXTI.o
 .progmem.gcc_sw_table.EXT_INTERRUPTS_SetCallBack
                0x00000000       0x10 MCAL/EXTI/EXTI.o
 .text          0x00000000        0x0 MCAL/GIE/GIE.o
 .data          0x00000000        0x0 MCAL/GIE/GIE.o
 .bss           0x00000000        0x0 MCAL/GIE/GIE.o
 .text.GIE_Disable
                0x00000000        0x8 MCAL/GIE/GIE.o
 .text          0x00000000        0x0 MCAL/SPI/SPI.o
 .data          0x00000000        0x0 MCAL/SPI/SPI.o
 .bss           0x00000000        0x0 MCAL/SPI/SPI.o
 .text.SPI_Slave_ReceiveChar
                0x00000000        0xa MCAL/SPI/SPI.o
 .text.SPI_Master_TransmitString
                0x00000000       0x2c MCAL/SPI/SPI.o
 .text          0x00000000        0x0 MCAL/SPI/SPI_Cfg.o
 .data          0x00000000        0x0 MCAL/SPI/SPI_Cfg.o
 .bss           0x00000000        0x0 MCAL/SPI/SPI_Cfg.o
 .text          0x00000000        0x0 MCAL/TWI/TWI.o
 .data          0x00000000        0x0 MCAL/TWI/TWI.o
 .bss           0x00000000        0x0 MCAL/TWI/TWI.o
 .text.TWI_MasterInit
                0x00000000       0x78 MCAL/TWI/TWI.o
 .text.TWI_SlaveInit
                0x00000000        0x6 MCAL/TWI/TWI.o
 .text.TWI_MasterStart
                0x00000000       0x14 MCAL/TWI/TWI.o
 .text.TWI_MasterSendAddress
                0x00000000       0x18 MCAL/TWI/TWI.o
 .text.TWI_MasterTransmitData
                0x00000000       0x18 MCAL/TWI/TWI.o
 .text.TWI_MasterReceiveData
                0x00000000        0x6 MCAL/TWI/TWI.o
 .text.TWI_MasterSendACK
                0x00000000       0x14 MCAL/TWI/TWI.o
 .text.TWI_MasterSendNACK
                0x00000000       0x14 MCAL/TWI/TWI.o
 .text.TWI_MasterStop
                0x00000000        0xc MCAL/TWI/TWI.o
 .text.TWI_SlaveReceiveACK
                0x00000000       0x14 MCAL/TWI/TWI.o
 .text.TWI_SlaveSendACK
                0x00000000       0x14 MCAL/TWI/TWI.o
 .text.TWI_Status
                0x00000000        0x8 MCAL/TWI/TWI.o
 .debug_info    0x00000000      0x2a8 MCAL/TWI/TWI.o
 .debug_abbrev  0x00000000       0xfe MCAL/TWI/TWI.o
 .debug_loc     0x00000000      0x138 MCAL/TWI/TWI.o
 .debug_aranges
                0x00000000       0x78 MCAL/TWI/TWI.o
 .debug_ranges  0x00000000       0x68 MCAL/TWI/TWI.o
 .debug_line    0x00000000      0x231 MCAL/TWI/TWI.o
 .debug_str     0x00000000      0x358 MCAL/TWI/TWI.o
 .comment       0x00000000       0x31 MCAL/TWI/TWI.o
 .debug_frame   0x00000000       0xf0 MCAL/TWI/TWI.o
 .text          0x00000000        0x0 MCAL/UART/UART.o
 .data          0x00000000        0x0 MCAL/UART/UART.o
 .bss           0x00000000        0x0 MCAL/UART/UART.o
 .text.UART0_Init
                0x00000000      0x162 MCAL/UART/UART.o
 .text.UART0_Transmit
                0x00000000        0x8 MCAL/UART/UART.o
 .text.UART0_TransmitString
                0x00000000       0x38 MCAL/UART/UART.o
 .text.UART1_TransmitString
                0x00000000       0x38 MCAL/UART/UART.o
 .text.UART1_sendATCommand
                0x00000000       0x12 MCAL/UART/UART.o
 .text.UART0_Receive
                0x00000000        0x8 MCAL/UART/UART.o
 .text.UART1_Receive
                0x00000000        0xe MCAL/UART/UART.o
 .text          0x00000000        0x0 MCAL/UART/UART_Cfg.o
 .data          0x00000000        0x0 MCAL/UART/UART_Cfg.o
 .bss           0x00000000        0x0 MCAL/UART/UART_Cfg.o
 .data.UART0_Cfg
                0x00000000        0xd MCAL/UART/UART_Cfg.o
 .text          0x00000000        0x0 c:/program files (x86)/atmel/studio/7.0/toolchain/avr8/avr8-gnu-toolchain/bin/../lib/gcc/avr/5.4.0/avr51\libgcc.a(_udivmodsi4.o)
 .data          0x00000000        0x0 c:/program files (x86)/atmel/studio/7.0/toolchain/avr8/avr8-gnu-toolchain/bin/../lib/gcc/avr/5.4.0/avr51\libgcc.a(_udivmodsi4.o)
 .bss           0x00000000        0x0 c:/program files (x86)/atmel/studio/7.0/toolchain/avr8/avr8-gnu-toolchain/bin/../lib/gcc/avr/5.4.0/avr51\libgcc.a(_udivmodsi4.o)
 .text.libgcc.mul
                0x00000000        0x0 c:/program files (x86)/atmel/studio/7.0/toolchain/avr8/avr8-gnu-toolchain/bin/../lib/gcc/avr/5.4.0/avr51\libgcc.a(_udivmodsi4.o)
 .text.libgcc   0x00000000        0x0 c:/program files (x86)/atmel/studio/7.0/toolchain/avr8/avr8-gnu-toolchain/bin/../lib/gcc/avr/5.4.0/avr51\libgcc.a(_udivmodsi4.o)
 .text.libgcc.prologue
                0x00000000        0x0 c:/program files (x86)/atmel/studio/7.0/toolchain/avr8/avr8-gnu-toolchain/bin/../lib/gcc/avr/5.4.0/avr51\libgcc.a(_udivmodsi4.o)
 .text.libgcc.builtins
                0x00000000        0x0 c:/program files (x86)/atmel/studio/7.0/toolchain/avr8/avr8-gnu-toolchain/bin/../lib/gcc/avr/5.4.0/avr51\libgcc.a(_udivmodsi4.o)
 .text.libgcc.fmul
                0x00000000        0x0 c:/program files (x86)/atmel/studio/7.0/toolchain/avr8/avr8-gnu-toolchain/bin/../lib/gcc/avr/5.4.0/avr51\libgcc.a(_udivmodsi4.o)
 .text.libgcc.fixed
                0x00000000        0x0 c:/program files (x86)/atmel/studio/7.0/toolchain/avr8/avr8-gnu-toolchain/bin/../lib/gcc/avr/5.4.0/avr51\libgcc.a(_udivmodsi4.o)
 .text          0x00000000        0x0 c:/program files (x86)/atmel/studio/7.0/toolchain/avr8/avr8-gnu-toolchain/bin/../lib/gcc/avr/5.4.0/avr51\libgcc.a(_exit.o)
 .data          0x00000000        0x0 c:/program files (x86)/atmel/studio/7.0/toolchain/avr8/avr8-gnu-toolchain/bin/../lib/gcc/avr/5.4.0/avr51\libgcc.a(_exit.o)
 .bss           0x00000000        0x0 c:/program files (x86)/atmel/studio/7.0/toolchain/avr8/avr8-gnu-toolchain/bin/../lib/gcc/avr/5.4.0/avr51\libgcc.a(_exit.o)
 .text.libgcc.mul
                0x00000000        0x0 c:/program files (x86)/atmel/studio/7.0/toolchain/avr8/avr8-gnu-toolchain/bin/../lib/gcc/avr/5.4.0/avr51\libgcc.a(_exit.o)
 .text.libgcc.div
                0x00000000        0x0 c:/program files (x86)/atmel/studio/7.0/toolchain/avr8/avr8-gnu-toolchain/bin/../lib/gcc/avr/5.4.0/avr51\libgcc.a(_exit.o)
 .text.libgcc   0x00000000        0x0 c:/program files (x86)/atmel/studio/7.0/toolchain/avr8/avr8-gnu-toolchain/bin/../lib/gcc/avr/5.4.0/avr51\libgcc.a(_exit.o)
 .text.libgcc.prologue
                0x00000000        0x0 c:/program files (x86)/atmel/studio/7.0/toolchain/avr8/avr8-gnu-toolchain/bin/../lib/gcc/avr/5.4.0/avr51\libgcc.a(_exit.o)
 .text.libgcc.builtins
                0x00000000        0x0 c:/program files (x86)/atmel/studio/7.0/toolchain/avr8/avr8-gnu-toolchain/bin/../lib/gcc/avr/5.4.0/avr51\libgcc.a(_exit.o)
 .text.libgcc.fmul
                0x00000000        0x0 c:/program files (x86)/atmel/studio/7.0/toolchain/avr8/avr8-gnu-toolchain/bin/../lib/gcc/avr/5.4.0/avr51\libgcc.a(_exit.o)
 .text.libgcc.fixed
                0x00000000        0x0 c:/program files (x86)/atmel/studio/7.0/toolchain/avr8/avr8-gnu-toolchain/bin/../lib/gcc/avr/5.4.0/avr51\libgcc.a(_exit.o)
 .text          0x00000000        0x0 c:/program files (x86)/atmel/studio/7.0/toolchain/avr8/avr8-gnu-toolchain/bin/../lib/gcc/avr/5.4.0/avr51\libgcc.a(_tablejump2.o)
 .data          0x00000000        0x0 c:/program files (x86)/atmel/studio/7.0/toolchain/avr8/avr8-gnu-toolchain/bin/../lib/gcc/avr/5.4.0/avr51\libgcc.a(_tablejump2.o)
 .bss           0x00000000        0x0 c:/program files (x86)/atmel/studio/7.0/toolchain/avr8/avr8-gnu-toolchain/bin/../lib/gcc/avr/5.4.0/avr51\libgcc.a(_tablejump2.o)
 .text.libgcc.mul
                0x00000000        0x0 c:/program files (x86)/atmel/studio/7.0/toolchain/avr8/avr8-gnu-toolchain/bin/../lib/gcc/avr/5.4.0/avr51\libgcc.a(_tablejump2.o)
 .text.libgcc.div
                0x00000000        0x0 c:/program files (x86)/atmel/studio/7.0/toolchain/avr8/avr8-gnu-toolchain/bin/../lib/gcc/avr/5.4.0/avr51\libgcc.a(_tablejump2.o)
 .text.libgcc.prologue
                0x00000000        0x0 c:/program files (x86)/atmel/studio/7.0/toolchain/avr8/avr8-gnu-toolchain/bin/../lib/gcc/avr/5.4.0/avr51\libgcc.a(_tablejump2.o)
 .text.libgcc.builtins
                0x00000000        0x0 c:/program files (x86)/atmel/studio/7.0/toolchain/avr8/avr8-gnu-toolchain/bin/../lib/gcc/avr/5.4.0/avr51\libgcc.a(_tablejump2.o)
 .text.libgcc.fmul
                0x00000000        0x0 c:/program files (x86)/atmel/studio/7.0/toolchain/avr8/avr8-gnu-toolchain/bin/../lib/gcc/avr/5.4.0/avr51\libgcc.a(_tablejump2.o)
 .text.libgcc.fixed
                0x00000000        0x0 c:/program files (x86)/atmel/studio/7.0/toolchain/avr8/avr8-gnu-toolchain/bin/../lib/gcc/avr/5.4.0/avr51\libgcc.a(_tablejump2.o)
 .text          0x00000000        0x0 c:/program files (x86)/atmel/studio/7.0/toolchain/avr8/avr8-gnu-toolchain/bin/../lib/gcc/avr/5.4.0/avr51\libgcc.a(_copy_data.o)
 .data          0x00000000        0x0 c:/program files (x86)/atmel/studio/7.0/toolchain/avr8/avr8-gnu-toolchain/bin/../lib/gcc/avr/5.4.0/avr51\libgcc.a(_copy_data.o)
 .bss           0x00000000        0x0 c:/program files (x86)/atmel/studio/7.0/toolchain/avr8/avr8-gnu-toolchain/bin/../lib/gcc/avr/5.4.0/avr51\libgcc.a(_copy_data.o)
 .text.libgcc.mul
                0x00000000        0x0 c:/program files (x86)/atmel/studio/7.0/toolchain/avr8/avr8-gnu-toolchain/bin/../lib/gcc/avr/5.4.0/avr51\libgcc.a(_copy_data.o)
 .text.libgcc.div
                0x00000000        0x0 c:/program files (x86)/atmel/studio/7.0/toolchain/avr8/avr8-gnu-toolchain/bin/../lib/gcc/avr/5.4.0/avr51\libgcc.a(_copy_data.o)
 .text.libgcc   0x00000000        0x0 c:/program files (x86)/atmel/studio/7.0/toolchain/avr8/avr8-gnu-toolchain/bin/../lib/gcc/avr/5.4.0/avr51\libgcc.a(_copy_data.o)
 .text.libgcc.prologue
                0x00000000        0x0 c:/program files (x86)/atmel/studio/7.0/toolchain/avr8/avr8-gnu-toolchain/bin/../lib/gcc/avr/5.4.0/avr51\libgcc.a(_copy_data.o)
 .text.libgcc.builtins
                0x00000000        0x0 c:/program files (x86)/atmel/studio/7.0/toolchain/avr8/avr8-gnu-toolchain/bin/../lib/gcc/avr/5.4.0/avr51\libgcc.a(_copy_data.o)
 .text.libgcc.fmul
                0x00000000        0x0 c:/program files (x86)/atmel/studio/7.0/toolchain/avr8/avr8-gnu-toolchain/bin/../lib/gcc/avr/5.4.0/avr51\libgcc.a(_copy_data.o)
 .text.libgcc.fixed
                0x00000000        0x0 c:/program files (x86)/atmel/studio/7.0/toolchain/avr8/avr8-gnu-toolchain/bin/../lib/gcc/avr/5.4.0/avr51\libgcc.a(_copy_data.o)
 .text          0x00000000        0x0 c:/program files (x86)/atmel/studio/7.0/toolchain/avr8/avr8-gnu-toolchain/bin/../lib/gcc/avr/5.4.0/avr51\libgcc.a(_clear_bss.o)
 .data          0x00000000        0x0 c:/program files (x86)/atmel/studio/7.0/toolchain/avr8/avr8-gnu-toolchain/bin/../lib/gcc/avr/5.4.0/avr51\libgcc.a(_clear_bss.o)
 .bss           0x00000000        0x0 c:/program files (x86)/atmel/studio/7.0/toolchain/avr8/avr8-gnu-toolchain/bin/../lib/gcc/avr/5.4.0/avr51\libgcc.a(_clear_bss.o)
 .text.libgcc.mul
                0x00000000        0x0 c:/program files (x86)/atmel/studio/7.0/toolchain/avr8/avr8-gnu-toolchain/bin/../lib/gcc/avr/5.4.0/avr51\libgcc.a(_clear_bss.o)
 .text.libgcc.div
                0x00000000        0x0 c:/program files (x86)/atmel/studio/7.0/toolchain/avr8/avr8-gnu-toolchain/bin/../lib/gcc/avr/5.4.0/avr51\libgcc.a(_clear_bss.o)
 .text.libgcc   0x00000000        0x0 c:/program files (x86)/atmel/studio/7.0/toolchain/avr8/avr8-gnu-toolchain/bin/../lib/gcc/avr/5.4.0/avr51\libgcc.a(_clear_bss.o)
 .text.libgcc.prologue
                0x00000000        0x0 c:/program files (x86)/atmel/studio/7.0/toolchain/avr8/avr8-gnu-toolchain/bin/../lib/gcc/avr/5.4.0/avr51\libgcc.a(_clear_bss.o)
 .text.libgcc.builtins
                0x00000000        0x0 c:/program files (x86)/atmel/studio/7.0/toolchain/avr8/avr8-gnu-toolchain/bin/../lib/gcc/avr/5.4.0/avr51\libgcc.a(_clear_bss.o)
 .text.libgcc.fmul
                0x00000000        0x0 c:/program files (x86)/atmel/studio/7.0/toolchain/avr8/avr8-gnu-toolchain/bin/../lib/gcc/avr/5.4.0/avr51\libgcc.a(_clear_bss.o)
 .text.libgcc.fixed
                0x00000000        0x0 c:/program files (x86)/atmel/studio/7.0/toolchain/avr8/avr8-gnu-toolchain/bin/../lib/gcc/avr/5.4.0/avr51\libgcc.a(_clear_bss.o)
 .text          0x00000000        0x0 c:/program files (x86)/atmel/studio/7.0/toolchain/avr8/avr8-gnu-toolchain/bin/../lib/gcc/avr/5.4.0/../../../../avr/lib/avr51\libc.a(memset.o)
 .data          0x00000000        0x0 c:/program files (x86)/atmel/studio/7.0/toolchain/avr8/avr8-gnu-toolchain/bin/../lib/gcc/avr/5.4.0/../../../../avr/lib/avr51\libc.a(memset.o)
 .bss           0x00000000        0x0 c:/program files (x86)/atmel/studio/7.0/toolchain/avr8/avr8-gnu-toolchain/bin/../lib/gcc/avr/5.4.0/../../../../avr/lib/avr51\libc.a(memset.o)
 .text          0x00000000        0x0 c:/program files (x86)/atmel/studio/7.0/toolchain/avr8/avr8-gnu-toolchain/bin/../lib/gcc/avr/5.4.0/../../../../avr/lib/avr51\libc.a(strncpy.o)
 .data          0x00000000        0x0 c:/program files (x86)/atmel/studio/7.0/toolchain/avr8/avr8-gnu-toolchain/bin/../lib/gcc/avr/5.4.0/../../../../avr/lib/avr51\libc.a(strncpy.o)
 .bss           0x00000000        0x0 c:/program files (x86)/atmel/studio/7.0/toolchain/avr8/avr8-gnu-toolchain/bin/../lib/gcc/avr/5.4.0/../../../../avr/lib/avr51\libc.a(strncpy.o)
 .text.avr-libc
                0x00000000       0x1e c:/program files (x86)/atmel/studio/7.0/toolchain/avr8/avr8-gnu-toolchain/bin/../lib/gcc/avr/5.4.0/../../../../avr/lib/avr51\libc.a(strncpy.o)
 .text          0x00000000        0x0 c:/program files (x86)/atmel/studio/7.0/toolchain/avr8/avr8-gnu-toolchain/bin/../lib/gcc/avr/5.4.0/../../../../avr/lib/avr51\libc.a(strstr.o)
 .data          0x00000000        0x0 c:/program files (x86)/atmel/studio/7.0/toolchain/avr8/avr8-gnu-toolchain/bin/../lib/gcc/avr/5.4.0/../../../../avr/lib/avr51\libc.a(strstr.o)
 .bss           0x00000000        0x0 c:/program files (x86)/atmel/studio/7.0/toolchain/avr8/avr8-gnu-toolchain/bin/../lib/gcc/avr/5.4.0/../../../../avr/lib/avr51\libc.a(strstr.o)
 .text.avr-libc
                0x00000000       0x34 c:/program files (x86)/atmel/studio/7.0/toolchain/avr8/avr8-gnu-toolchain/bin/../lib/gcc/avr/5.4.0/../../../../avr/lib/avr51\libc.a(strstr.o)

Memory Configuration

Name             Origin             Length             Attributes
text             0x00000000         0x00020000         xr
data             0x00800100         0x00001000         rw !x
eeprom           0x00810000         0x00001000         rw !x
fuse             0x00820000         0x00000003         rw !x
lock             0x00830000         0x00000400         rw !x
signature        0x00840000         0x00000400         rw !x
user_signatures  0x00850000         0x00000400         rw !x
*default*        0x00000000         0xffffffff

Linker script and memory map

Address of section .data set to 0x800100
LOAD C:/Program Files (x86)/Atmel/Studio/7.0/Packs/atmel/ATmega_DFP/1.7.374/gcc/dev/atmega128a/avr51/crtatmega128a.o
LOAD HAL/ESP01/ESP01.o
LOAD HAL/LCD/LCD.o
LOAD HAL/LCD/LCD_Config.o
LOAD HAL/MFRC/mfrc522.o
LOAD LIB/String_Find.o
LOAD main.o
LOAD MCAL/DIO/DIO.o
LOAD MCAL/DIO/DIO_Cfg.o
LOAD MCAL/EXTI/EXTI.o
LOAD MCAL/GIE/GIE.o
LOAD MCAL/SPI/SPI.o
LOAD MCAL/SPI/SPI_Cfg.o
LOAD MCAL/TWI/TWI.o
LOAD MCAL/UART/UART.o
LOAD MCAL/UART/UART_Cfg.o
START GROUP
LOAD c:/program files (x86)/atmel/studio/7.0/toolchain/avr8/avr8-gnu-toolchain/bin/../lib/gcc/avr/5.4.0/../../../../avr/lib/avr51\libm.a
END GROUP
START GROUP
LOAD c:/program files (x86)/atmel/studio/7.0/toolchain/avr8/avr8-gnu-toolchain/bin/../lib/gcc/avr/5.4.0/avr51\libgcc.a
LOAD c:/program files (x86)/atmel/studio/7.0/toolchain/avr8/avr8-gnu-toolchain/bin/../lib/gcc/avr/5.4.0/../../../../avr/lib/avr51\libm.a
LOAD c:/program files (x86)/atmel/studio/7.0/toolchain/avr8/avr8-gnu-toolchain/bin/../lib/gcc/avr/5.4.0/../../../../avr/lib/avr51\libc.a
LOAD C:/Program Files (x86)/Atmel/Studio/7.0/Packs/atmel/ATmega_DFP/1.7.374/gcc/dev/atmega128a/avr51\libatmega128a.a
END GROUP
                [0x00000000]                __TEXT_REGION_ORIGIN__ = DEFINED (__TEXT_REGION_ORIGIN__)?__TEXT_REGION_ORIGIN__:0x0
                [0x00800100]                __DATA_REGION_ORIGIN__ = DEFINED (__DATA_REGION_ORIGIN__)?__DATA_REGION_ORIGIN__:0x800100
                [0x00020000]                __TEXT_REGION_LENGTH__ = DEFINED (__TEXT_REGION_LENGTH__)?__TEXT_REGION_LENGTH__:0x20000
                [0x00001000]                __DATA_REGION_LENGTH__ = DEFINED (__DATA_REGION_LENGTH__)?__DATA_REGION_LENGTH__:0xff00
                [0x00001000]                __EEPROM_REGION_LENGTH__ = DEFINED (__EEPROM_REGION_LENGTH__)?__EEPROM_REGION_LENGTH__:0x10000
                [0x00000003]                __FUSE_REGION_LENGTH__ = DEFINED (__FUSE_REGION_LENGTH__)?__FUSE_REGION_LENGTH__:0x400
                0x00000400                __LOCK_REGION_LENGTH__ = DEFINED (__LOCK_REGION_LENGTH__)?__LOCK_REGION_LENGTH__:0x400
                0x00000400                __SIGNATURE_REGION_LENGTH__ = DEFINED (__SIGNATURE_REGION_LENGTH__)?__SIGNATURE_REGION_LENGTH__:0x400
                0x00000400                __USER_SIGNATURE_REGION_LENGTH__ = DEFINED (__USER_SIGNATURE_REGION_LENGTH__)?__USER_SIGNATURE_REGION_LENGTH__:0x400

.hash
 *(.hash)

.dynsym
 *(.dynsym)

.dynstr
 *(.dynstr)

.gnu.version
 *(.gnu.version)

.gnu.version_d
 *(.gnu.version_d)

.gnu.version_r
 *(.gnu.version_r)

.rel.init
 *(.rel.init)

.rela.init
 *(.rela.init)

.rel.text
 *(.rel.text)
 *(.rel.text.*)
 *(.rel.gnu.linkonce.t*)

.rela.text
 *(.rela.text)
 *(.rela.text.*)
 *(.rela.gnu.linkonce.t*)

.rel.fini
 *(.rel.fini)

.rela.fini
 *(.rela.fini)

.rel.rodata
 *(.rel.rodata)
 *(.rel.rodata.*)
 *(.rel.gnu.linkonce.r*)

.rela.rodata
 *(.rela.rodata)
 *(.rela.rodata.*)
 *(.rela.gnu.linkonce.r*)

.rel.data
 *(.rel.data)
 *(.rel.data.*)
 *(.rel.gnu.linkonce.d*)

.rela.data
 *(.rela.data)
 *(.rela.data.*)
 *(.rela.gnu.linkonce.d*)

.rel.ctors
 *(.rel.ctors)

.rela.ctors
 *(.rela.ctors)

.rel.dtors
 *(.rel.dtors)

.rela.dtors
 *(.rela.dtors)

.rel.got
 *(.rel.got)

.rela.got
 *(.rela.got)

.rel.bss
 *(.rel.bss)

.rela.bss
 *(.rela.bss)

.rel.plt
 *(.rel.plt)

.rela.plt
 *(.rela.plt)

.text           0x00000000      0xf9c
 *(.vectors)
 .vectors       0x00000000       0x8c C:/Program Files (x86)/Atmel/Studio/7.0/Packs/atmel/ATmega_DFP/1.7.374/gcc/dev/atmega128a/avr51/crtatmega128a.o
                0x00000000                __vector_default
                0x00000000                __vectors
 *(.vectors)
 *(.progmem.gcc*)
 .progmem.gcc_sw_table.DIO_WriteChannel
                0x0000008c       0x1c MCAL/DIO/DIO.o
 .progmem.gcc_sw_table.DIO_ConfigChannel
                0x000000a8       0x1c MCAL/DIO/DIO.o
                0x000000c4                . = ALIGN (0x2)
                0x000000c4                __trampolines_start = .
 *(.trampolines)
 .trampolines   0x000000c4        0x0 linker stubs
 *(.trampolines*)
                0x000000c4                __trampolines_end = .
 *libprintf_flt.a:*(.progmem.data)
 *libc.a:*(.progmem.data)
 *(.progmem*)
                0x000000c4                . = ALIGN (0x2)
 *(.jumptables)
 *(.jumptables*)
 *(.lowtext)
 *(.lowtext*)
                0x000000c4                __ctors_start = .
 *(.ctors)
                0x000000c4                __ctors_end = .
                0x000000c4                __dtors_start = .
 *(.dtors)
                0x000000c4                __dtors_end = .
 SORT(*)(.ctors)
 SORT(*)(.dtors)
 *(.init0)
 .init0         0x000000c4        0x0 C:/Program Files (x86)/Atmel/Studio/7.0/Packs/atmel/ATmega_DFP/1.7.374/gcc/dev/atmega128a/avr51/crtatmega128a.o
                0x000000c4                __init
 *(.init0)
 *(.init1)
 *(.init1)
 *(.init2)
 .init2         0x000000c4        0xc C:/Program Files (x86)/Atmel/Studio/7.0/Packs/atmel/ATmega_DFP/1.7.374/gcc/dev/atmega128a/avr51/crtatmega128a.o
 *(.init2)
 *(.init3)
 *(.init3)
 *(.init4)
 .init4         0x000000d0       0x1a c:/program files (x86)/atmel/studio/7.0/toolchain/avr8/avr8-gnu-toolchain/bin/../lib/gcc/avr/5.4.0/avr51\libgcc.a(_copy_data.o)
                0x000000d0                __do_copy_data
 .init4         0x000000ea       0x10 c:/program files (x86)/atmel/studio/7.0/toolchain/avr8/avr8-gnu-toolchain/bin/../lib/gcc/avr/5.4.0/avr51\libgcc.a(_clear_bss.o)
                0x000000ea                __do_clear_bss
 *(.init4)
 *(.init5)
 *(.init5)
 *(.init6)
 *(.init6)
 *(.init7)
 *(.init7)
 *(.init8)
 *(.init8)
 *(.init9)
 .init9         0x000000fa        0x4 C:/Program Files (x86)/Atmel/Studio/7.0/Packs/atmel/ATmega_DFP/1.7.374/gcc/dev/atmega128a/avr51/crtatmega128a.o
 *(.init9)
 *(.text)
 .text          0x000000fe        0x2 C:/Program Files (x86)/Atmel/Studio/7.0/Packs/atmel/ATmega_DFP/1.7.374/gcc/dev/atmega128a/avr51/crtatmega128a.o
                0x000000fe                __vector_22
                0x000000fe                __vector_28
                0x000000fe                __vector_32
                0x000000fe                __vector_34
                0x000000fe                __vector_24
                0x000000fe                __vector_12
                0x000000fe                __bad_interrupt
                0x000000fe                __vector_31
                0x000000fe                __vector_23
                0x000000fe                __vector_25
                0x000000fe                __vector_11
                0x000000fe                __vector_13
                0x000000fe                __vector_17
                0x000000fe                __vector_19
                0x000000fe                __vector_27
                0x000000fe                __vector_33
                0x000000fe                __vector_9
                0x000000fe                __vector_21
                0x000000fe                __vector_15
                0x000000fe                __vector_29
                0x000000fe                __vector_26
                0x000000fe                __vector_14
                0x000000fe                __vector_10
                0x000000fe                __vector_16
                0x000000fe                __vector_18
                0x000000fe                __vector_20
                0x00000100                . = ALIGN (0x2)
 *(.text.*)
 .text.ESP01_Init
                0x00000100       0x20 HAL/ESP01/ESP01.o
                0x00000100                ESP01_Init
 .text.ESP01_ResetBuffer
                0x00000120       0x1a HAL/ESP01/ESP01.o
                0x00000120                ESP01_ResetBuffer
 .text.ESP01_CheckConnection
                0x0000013a       0x36 HAL/ESP01/ESP01.o
                0x0000013a                ESP01_CheckConnection
 .text.__vector_30
                0x00000170       0x48 HAL/ESP01/ESP01.o
                0x00000170                __vector_30
 .text.mfrc522_write
                0x000001b8       0x2a HAL/MFRC/mfrc522.o
                0x000001b8                mfrc522_write
 .text.mfrc522_read
                0x000001e2       0x2a HAL/MFRC/mfrc522.o
                0x000001e2                mfrc522_read
 .text.mfrc522_reset
                0x0000020c        0x8 HAL/MFRC/mfrc522.o
                0x0000020c                mfrc522_reset
 .text.mfrc522_init
                0x00000214       0x3e HAL/MFRC/mfrc522.o
                0x00000214                mfrc522_init
 .text.mfrc522_to_card
                0x00000252      0x1de HAL/MFRC/mfrc522.o
                0x00000252                mfrc522_to_card
 .text.mfrc522_request
                0x00000430       0x66 HAL/MFRC/mfrc522.o
                0x00000430                mfrc522_request
 .text.mfrc522_get_card_serial
                0x00000496       0x74 HAL/MFRC/mfrc522.o
                0x00000496                mfrc522_get_card_serial
 .text.find_string
                0x0000050a       0x84 LIB/String_Find.o
                0x0000050a                find_string
 .text.intialize_section
                0x0000058e        0x8 main.o
                0x0000058e                intialize_section
 .text.main     0x00000596       0x8a main.o
                0x00000596                main
 .text.DIO_WriteChannel
                0x00000620      0x1c8 MCAL/DIO/DIO.o
                0x00000620                DIO_WriteChannel
 .text.DIO_ConfigChannel
                0x000007e8      0x1c8 MCAL/DIO/DIO.o
                0x000007e8                DIO_ConfigChannel
 .text.__vector_1
                0x000009b0       0x56 MCAL/EXTI/EXTI.o
                0x000009b0                __vector_1
 .text.__vector_2
                0x00000a06       0x56 MCAL/EXTI/EXTI.o
                0x00000a06                __vector_2
 .text.__vector_3
                0x00000a5c       0x56 MCAL/EXTI/EXTI.o
                0x00000a5c                __vector_3
 .text.__vector_4
                0x00000ab2       0x56 MCAL/EXTI/EXTI.o
                0x00000ab2                __vector_4
 .text.__vector_5
                0x00000b08       0x56 MCAL/EXTI/EXTI.o
                0x00000b08                __vector_5
 .text.__vector_6
                0x00000b5e       0x56 MCAL/EXTI/EXTI.o
                0x00000b5e                __vector_6
 .text.__vector_7
                0x00000bb4       0x56 MCAL/EXTI/EXTI.o
                0x00000bb4                __vector_7
 .text.__vector_8
                0x00000c0a       0x56 MCAL/EXTI/EXTI.o
                0x00000c0a                __vector_8
 .text.GIE_Enable
                0x00000c60        0x8 MCAL/GIE/GIE.o
                0x00000c60                GIE_Enable
 .text.SPI_Init
                0x00000c68      0x11a MCAL/SPI/SPI.o
                0x00000c68                SPI_Init
 .text.SPI_Master_TransmitChar
                0x00000d82        0xa MCAL/SPI/SPI.o
                0x00000d82                SPI_Master_TransmitChar
 .text.SPI_Cannel_State
                0x00000d8c       0x2a MCAL/SPI/SPI.o
                0x00000d8c                SPI_Cannel_State
 .text.UART1_Init
                0x00000db6      0x170 MCAL/UART/UART.o
                0x00000db6                UART1_Init
 .text.UART1_Transmit
                0x00000f26        0xe MCAL/UART/UART.o
                0x00000f26                UART1_Transmit
 .text.libgcc.div
                0x00000f34       0x44 c:/program files (x86)/atmel/studio/7.0/toolchain/avr8/avr8-gnu-toolchain/bin/../lib/gcc/avr/5.4.0/avr51\libgcc.a(_udivmodsi4.o)
                0x00000f34                __udivmodsi4
 .text.libgcc   0x00000f78       0x12 c:/program files (x86)/atmel/studio/7.0/toolchain/avr8/avr8-gnu-toolchain/bin/../lib/gcc/avr/5.4.0/avr51\libgcc.a(_tablejump2.o)
                0x00000f78                __tablejump2__
 .text.avr-libc
                0x00000f8a        0xe c:/program files (x86)/atmel/studio/7.0/toolchain/avr8/avr8-gnu-toolchain/bin/../lib/gcc/avr/5.4.0/../../../../avr/lib/avr51\libc.a(memset.o)
                0x00000f8a                memset
                0x00000f98                . = ALIGN (0x2)
 *(.fini9)
 .fini9         0x00000f98        0x0 c:/program files (x86)/atmel/studio/7.0/toolchain/avr8/avr8-gnu-toolchain/bin/../lib/gcc/avr/5.4.0/avr51\libgcc.a(_exit.o)
                0x00000f98                _exit
                0x00000f98                exit
 *(.fini9)
 *(.fini8)
 *(.fini8)
 *(.fini7)
 *(.fini7)
 *(.fini6)
 *(.fini6)
 *(.fini5)
 *(.fini5)
 *(.fini4)
 *(.fini4)
 *(.fini3)
 *(.fini3)
 *(.fini2)
 *(.fini2)
 *(.fini1)
 *(.fini1)
 *(.fini0)
 .fini0         0x00000f98        0x4 c:/program files (x86)/atmel/studio/7.0/toolchain/avr8/avr8-gnu-toolchain/bin/../lib/gcc/avr/5.4.0/avr51\libgcc.a(_exit.o)
 *(.fini0)
                0x00000f9c                _etext = .

.data           0x00800100       0x18 load address 0x00000f9c
                0x00800100                PROVIDE (__data_start, .)
 *(.data)
 *(.data*)
 .data.SPI_CFG  0x00800100        0x7 MCAL/SPI/SPI_Cfg.o
                0x00800100                SPI_CFG
 .data.UART1_Cfg
                0x00800107        0xd MCAL/UART/UART_Cfg.o
                0x00800107                UART1_Cfg
 *(.gnu.linkonce.d*)
 *(.rodata)
 *(.rodata*)
 .rodata.str1.1
                0x00800114        0x4 HAL/ESP01/ESP01.o
 *(.gnu.linkonce.r*)
                0x00800118                . = ALIGN (0x2)
                0x00800118                _edata = .
                0x00800118                PROVIDE (__data_end, .)

.bss            0x00800118       0x57
                0x00800118                PROVIDE (__bss_start, .)
 *(.bss)
 *(.bss*)
 .bss.EXT_INTERRUPT7_FUNCTION_PTR
                0x00800118        0x2 MCAL/EXTI/EXTI.o
                0x00800118                EXT_INTERRUPT7_FUNCTION_PTR
 .bss.EXT_INTERRUPT6_FUNCTION_PTR
                0x0080011a        0x2 MCAL/EXTI/EXTI.o
                0x0080011a                EXT_INTERRUPT6_FUNCTION_PTR
 .bss.EXT_INTERRUPT5_FUNCTION_PTR
                0x0080011c        0x2 MCAL/EXTI/EXTI.o
                0x0080011c                EXT_INTERRUPT5_FUNCTION_PTR
 .bss.EXT_INTERRUPT4_FUNCTION_PTR
                0x0080011e        0x2 MCAL/EXTI/EXTI.o
                0x0080011e                EXT_INTERRUPT4_FUNCTION_PTR
 .bss.EXT_INTERRUPT3_FUNCTION_PTR
                0x00800120        0x2 MCAL/EXTI/EXTI.o
                0x00800120                EXT_INTERRUPT3_FUNCTION_PTR
 .bss.EXT_INTERRUPT2_FUNCTION_PTR
                0x00800122        0x2 MCAL/EXTI/EXTI.o
                0x00800122                EXT_INTERRUPT2_FUNCTION_PTR
 .bss.EXT_INTERRUPT1_FUNCTION_PTR
                0x00800124        0x2 MCAL/EXTI/EXTI.o
                0x00800124                EXT_INTERRUPT1_FUNCTION_PTR
 .bss.EXT_INTERRUPT0_FUNCTION_PTR
                0x00800126        0x2 MCAL/EXTI/EXTI.o
                0x00800126                EXT_INTERRUPT0_FUNCTION_PTR
 *(COMMON)
 COMMON         0x00800128       0x36 HAL/ESP01/ESP01.o
                0x00800128                data_ready
                0x00800129                rx_buff
                0x0080015b                temp
                0x0080015c                data_len
                0x0080015d                result
 COMMON         0x0080015e       0x11 main.o
                0x0080015e                byte
                0x0080015f                str
                0x0080016f                PROVIDE (__bss_end, .)
                0x00000f9c                __data_load_start = LOADADDR (.data)
                0x00000fb4                __data_load_end = (__data_load_start + SIZEOF (.data))

.noinit         0x0080016f        0x0
                [!provide]                PROVIDE (__noinit_start, .)
 *(.noinit*)
                [!provide]                PROVIDE (__noinit_end, .)
                0x0080016f                _end = .
                [!provide]                PROVIDE (__heap_start, .)

.eeprom         0x00810000        0x0
 *(.eeprom*)
                0x00810000                __eeprom_end = .

.fuse
 *(.fuse)
 *(.lfuse)
 *(.hfuse)
 *(.efuse)

.lock
 *(.lock*)

.signature
 *(.signature*)

.user_signatures
 *(.user_signatures*)

.stab
 *(.stab)

.stabstr
 *(.stabstr)

.stab.excl
 *(.stab.excl)

.stab.exclstr
 *(.stab.exclstr)

.stab.index
 *(.stab.index)

.stab.indexstr
 *(.stab.indexstr)

.comment        0x00000000       0x30
 *(.comment)
 .comment       0x00000000       0x30 HAL/ESP01/ESP01.o
                                 0x31 (size before relaxing)
 .comment       0x00000030       0x31 HAL/MFRC/mfrc522.o
 .comment       0x00000030       0x31 LIB/String_Find.o
 .comment       0x00000030       0x31 main.o
 .comment       0x00000030       0x31 MCAL/DIO/DIO.o
 .comment       0x00000030       0x31 MCAL/EXTI/EXTI.o
 .comment       0x00000030       0x31 MCAL/GIE/GIE.o
 .comment       0x00000030       0x31 MCAL/SPI/SPI.o
 .comment       0x00000030       0x31 MCAL/SPI/SPI_Cfg.o
 .comment       0x00000030       0x31 MCAL/UART/UART.o
 .comment       0x00000030       0x31 MCAL/UART/UART_Cfg.o

.note.gnu.avr.deviceinfo
                0x00000000       0x40
 .note.gnu.avr.deviceinfo
                0x00000000       0x40 C:/Program Files (x86)/Atmel/Studio/7.0/Packs/atmel/ATmega_DFP/1.7.374/gcc/dev/atmega128a/avr51/crtatmega128a.o

.note.gnu.build-id
 *(.note.gnu.build-id)

.debug
 *(.debug)

.line
 *(.line)

.debug_srcinfo
 *(.debug_srcinfo)

.debug_sfnames
 *(.debug_sfnames)

.debug_aranges  0x00000000      0x2a8
 *(.debug_aranges)
 .debug_aranges
                0x00000000       0x38 HAL/ESP01/ESP01.o
 .debug_aranges
                0x00000038       0x50 HAL/MFRC/mfrc522.o
 .debug_aranges
                0x00000088       0x28 LIB/String_Find.o
 .debug_aranges
                0x000000b0       0x28 main.o
 .debug_aranges
                0x000000d8       0x68 MCAL/DIO/DIO.o
 .debug_aranges
                0x00000140       0x70 MCAL/EXTI/EXTI.o
 .debug_aranges
                0x000001b0       0x28 MCAL/GIE/GIE.o
 .debug_aranges
                0x000001d8       0x40 MCAL/SPI/SPI.o
 .debug_aranges
                0x00000218       0x18 MCAL/SPI/SPI_Cfg.o
 .debug_aranges
                0x00000230       0x60 MCAL/UART/UART.o
 .debug_aranges
                0x00000290       0x18 MCAL/UART/UART_Cfg.o

.debug_pubnames
 *(.debug_pubnames)

.debug_info     0x00000000     0x3143
 *(.debug_info .gnu.linkonce.wi.*)
 .debug_info    0x00000000      0x780 C:/Program Files (x86)/Atmel/Studio/7.0/Packs/atmel/ATmega_DFP/1.7.374/gcc/dev/atmega128a/avr51/crtatmega128a.o
 .debug_info    0x00000780      0x209 HAL/ESP01/ESP01.o
 .debug_info    0x00000989      0x7a3 HAL/MFRC/mfrc522.o
 .debug_info    0x0000112c      0x1e7 LIB/String_Find.o
 .debug_info    0x00001313      0x358 main.o
 .debug_info    0x0000166b      0x5c6 MCAL/DIO/DIO.o
 .debug_info    0x00001c31      0x309 MCAL/EXTI/EXTI.o
 .debug_info    0x00001f3a       0x8b MCAL/GIE/GIE.o
 .debug_info    0x00001fc5      0x698 MCAL/SPI/SPI.o
 .debug_info    0x0000265d      0x1c1 MCAL/SPI/SPI_Cfg.o
 .debug_info    0x0000281e      0x665 MCAL/UART/UART.o
 .debug_info    0x00002e83      0x2c0 MCAL/UART/UART_Cfg.o

.debug_abbrev   0x00000000     0x120e
 *(.debug_abbrev)
 .debug_abbrev  0x00000000      0x718 C:/Program Files (x86)/Atmel/Studio/7.0/Packs/atmel/ATmega_DFP/1.7.374/gcc/dev/atmega128a/avr51/crtatmega128a.o
 .debug_abbrev  0x00000718       0xf5 HAL/ESP01/ESP01.o
 .debug_abbrev  0x0000080d      0x134 HAL/MFRC/mfrc522.o
 .debug_abbrev  0x00000941       0xd2 LIB/String_Find.o
 .debug_abbrev  0x00000a13      0x14d main.o
 .debug_abbrev  0x00000b60      0x14e MCAL/DIO/DIO.o
 .debug_abbrev  0x00000cae       0xc2 MCAL/EXTI/EXTI.o
 .debug_abbrev  0x00000d70       0x46 MCAL/GIE/GIE.o
 .debug_abbrev  0x00000db6      0x198 MCAL/SPI/SPI.o
 .debug_abbrev  0x00000f4e       0x6d MCAL/SPI/SPI_Cfg.o
 .debug_abbrev  0x00000fbb      0x1d4 MCAL/UART/UART.o
 .debug_abbrev  0x0000118f       0x7f MCAL/UART/UART_Cfg.o

.debug_line     0x00000000     0x1c1a
 *(.debug_line .debug_line.* .debug_line_end)
 .debug_line    0x00000000      0x16a C:/Program Files (x86)/Atmel/Studio/7.0/Packs/atmel/ATmega_DFP/1.7.374/gcc/dev/atmega128a/avr51/crtatmega128a.o
 .debug_line    0x0000016a      0x1b3 HAL/ESP01/ESP01.o
 .debug_line    0x0000031d      0x3e3 HAL/MFRC/mfrc522.o
 .debug_line    0x00000700      0x12e LIB/String_Find.o
 .debug_line    0x0000082e      0x261 main.o
 .debug_line    0x00000a8f      0x6f9 MCAL/DIO/DIO.o
 .debug_line    0x00001188      0x30d MCAL/EXTI/EXTI.o
 .debug_line    0x00001495       0x7c MCAL/GIE/GIE.o
 .debug_line    0x00001511      0x2cf MCAL/SPI/SPI.o
 .debug_line    0x000017e0       0x4f MCAL/SPI/SPI_Cfg.o
 .debug_line    0x0000182f      0x398 MCAL/UART/UART.o
 .debug_line    0x00001bc7       0x53 MCAL/UART/UART_Cfg.o

.debug_frame    0x00000000      0x77c
 *(.debug_frame)
 .debug_frame   0x00000000       0x74 HAL/ESP01/ESP01.o
 .debug_frame   0x00000074      0x130 HAL/MFRC/mfrc522.o
 .debug_frame   0x000001a4       0x78 LIB/String_Find.o
 .debug_frame   0x0000021c       0x34 main.o
 .debug_frame   0x00000250       0xb4 MCAL/DIO/DIO.o
 .debug_frame   0x00000304      0x304 MCAL/EXTI/EXTI.o
 .debug_frame   0x00000608       0x34 MCAL/GIE/GIE.o
 .debug_frame   0x0000063c       0x7c MCAL/SPI/SPI.o
 .debug_frame   0x000006b8       0xc4 MCAL/UART/UART.o

.debug_str      0x00000000     0x1655
 *(.debug_str)
 .debug_str     0x00000000      0x27d C:/Program Files (x86)/Atmel/Studio/7.0/Packs/atmel/ATmega_DFP/1.7.374/gcc/dev/atmega128a/avr51/crtatmega128a.o
 .debug_str     0x0000027d      0x219 HAL/ESP01/ESP01.o
                                0x256 (size before relaxing)
 .debug_str     0x00000496      0x4a9 HAL/MFRC/mfrc522.o
                                0x5e6 (size before relaxing)
 .debug_str     0x0000093f       0x86 LIB/String_Find.o
                                0x1e2 (size before relaxing)
 .debug_str     0x000009c5       0x7d main.o
                                0x2e8 (size before relaxing)
 .debug_str     0x00000a42      0x1e9 MCAL/DIO/DIO.o
                                0x672 (size before relaxing)
 .debug_str     0x00000c2b      0x2d5 MCAL/EXTI/EXTI.o
                                0x488 (size before relaxing)
 .debug_str     0x00000f00       0x1e MCAL/GIE/GIE.o
                                0x19f (size before relaxing)
 .debug_str     0x00000f1e      0x219 MCAL/SPI/SPI.o
                                0x7ae (size before relaxing)
 .debug_str     0x00001137       0x16 MCAL/SPI/SPI_Cfg.o
                                0x307 (size before relaxing)
 .debug_str     0x0000114d      0x4f0 MCAL/UART/UART.o
                                0x755 (size before relaxing)
 .debug_str     0x0000163d       0x18 MCAL/UART/UART_Cfg.o
                                0x593 (size before relaxing)

.debug_loc      0x00000000     0x3184
 *(.debug_loc)
 .debug_loc     0x00000000       0x63 HAL/ESP01/ESP01.o
 .debug_loc     0x00000063      0x716 HAL/MFRC/mfrc522.o
 .debug_loc     0x00000779      0x38d LIB/String_Find.o
 .debug_loc     0x00000b06       0x48 main.o
 .debug_loc     0x00000b4e     0x18b2 MCAL/DIO/DIO.o
 .debug_loc     0x00002400      0x990 MCAL/EXTI/EXTI.o
 .debug_loc     0x00002d90      0x164 MCAL/SPI/SPI.o
 .debug_loc     0x00002ef4      0x290 MCAL/UART/UART.o

.debug_macinfo
 *(.debug_macinfo)

.debug_weaknames
 *(.debug_weaknames)

.debug_funcnames
 *(.debug_funcnames)

.debug_typenames
 *(.debug_typenames)

.debug_varnames
 *(.debug_varnames)

.debug_pubtypes
 *(.debug_pubtypes)

.debug_ranges   0x00000000      0x1e8
 *(.debug_ranges)
 .debug_ranges  0x00000000       0x28 HAL/ESP01/ESP01.o
 .debug_ranges  0x00000028       0x40 HAL/MFRC/mfrc522.o
 .debug_ranges  0x00000068       0x18 LIB/String_Find.o
 .debug_ranges  0x00000080       0x18 main.o
 .debug_ranges  0x00000098       0x58 MCAL/DIO/DIO.o
 .debug_ranges  0x000000f0       0x60 MCAL/EXTI/EXTI.o
 .debug_ranges  0x00000150       0x18 MCAL/GIE/GIE.o
 .debug_ranges  0x00000168       0x30 MCAL/SPI/SPI.o
 .debug_ranges  0x00000198       0x50 MCAL/UART/UART.o

.debug_macro
 *(.debug_macro)
OUTPUT(GraduationEmbeddedSide.elf elf32-avr)
LOAD linker stubs
