Archive member included to satisfy reference by file (symbol)

c:/program files (x86)/atmel/studio/7.0/toolchain/avr8/avr8-gnu-toolchain/bin/../lib/gcc/avr/5.4.0/../../../../avr/lib/avr51\libm.a(addsf3.o)
                              MCAL/TWI/TWI.o (__subsf3)
c:/program files (x86)/atmel/studio/7.0/toolchain/avr8/avr8-gnu-toolchain/bin/../lib/gcc/avr/5.4.0/../../../../avr/lib/avr51\libm.a(addsf3x.o)
                              c:/program files (x86)/atmel/studio/7.0/toolchain/avr8/avr8-gnu-toolchain/bin/../lib/gcc/avr/5.4.0/../../../../avr/lib/avr51\libm.a(addsf3.o) (__addsf3x)
c:/program files (x86)/atmel/studio/7.0/toolchain/avr8/avr8-gnu-toolchain/bin/../lib/gcc/avr/5.4.0/../../../../avr/lib/avr51\libm.a(cmpsf2.o)
                              HAL/ADXL345/ADXL345.o (__ltsf2)
c:/program files (x86)/atmel/studio/7.0/toolchain/avr8/avr8-gnu-toolchain/bin/../lib/gcc/avr/5.4.0/../../../../avr/lib/avr51\libm.a(divsf3.o)
                              HAL/ADXL345/ADXL345.o (__divsf3)
c:/program files (x86)/atmel/studio/7.0/toolchain/avr8/avr8-gnu-toolchain/bin/../lib/gcc/avr/5.4.0/../../../../avr/lib/avr51\libm.a(divsf3x.o)
                              c:/program files (x86)/atmel/studio/7.0/toolchain/avr8/avr8-gnu-toolchain/bin/../lib/gcc/avr/5.4.0/../../../../avr/lib/avr51\libm.a(divsf3.o) (__divsf3x)
c:/program files (x86)/atmel/studio/7.0/toolchain/avr8/avr8-gnu-toolchain/bin/../lib/gcc/avr/5.4.0/../../../../avr/lib/avr51\libm.a(fixunssfsi.o)
                              HAL/ADXL345/ADXL345.o (__fixunssfsi)
c:/program files (x86)/atmel/studio/7.0/toolchain/avr8/avr8-gnu-toolchain/bin/../lib/gcc/avr/5.4.0/../../../../avr/lib/avr51\libm.a(floatsisf.o)
                              HAL/ADXL345/ADXL345.o (__floatunsisf)
c:/program files (x86)/atmel/studio/7.0/toolchain/avr8/avr8-gnu-toolchain/bin/../lib/gcc/avr/5.4.0/../../../../avr/lib/avr51\libm.a(fp_cmp.o)
                              c:/program files (x86)/atmel/studio/7.0/toolchain/avr8/avr8-gnu-toolchain/bin/../lib/gcc/avr/5.4.0/../../../../avr/lib/avr51\libm.a(cmpsf2.o) (__fp_cmp)
c:/program files (x86)/atmel/studio/7.0/toolchain/avr8/avr8-gnu-toolchain/bin/../lib/gcc/avr/5.4.0/../../../../avr/lib/avr51\libm.a(fp_inf.o)
                              c:/program files (x86)/atmel/studio/7.0/toolchain/avr8/avr8-gnu-toolchain/bin/../lib/gcc/avr/5.4.0/../../../../avr/lib/avr51\libm.a(addsf3x.o) (__fp_inf)
c:/program files (x86)/atmel/studio/7.0/toolchain/avr8/avr8-gnu-toolchain/bin/../lib/gcc/avr/5.4.0/../../../../avr/lib/avr51\libm.a(fp_nan.o)
                              c:/program files (x86)/atmel/studio/7.0/toolchain/avr8/avr8-gnu-toolchain/bin/../lib/gcc/avr/5.4.0/../../../../avr/lib/avr51\libm.a(addsf3x.o) (__fp_nan)
c:/program files (x86)/atmel/studio/7.0/toolchain/avr8/avr8-gnu-toolchain/bin/../lib/gcc/avr/5.4.0/../../../../avr/lib/avr51\libm.a(fp_pscA.o)
                              c:/program files (x86)/atmel/studio/7.0/toolchain/avr8/avr8-gnu-toolchain/bin/../lib/gcc/avr/5.4.0/../../../../avr/lib/avr51\libm.a(addsf3x.o) (__fp_pscA)
c:/program files (x86)/atmel/studio/7.0/toolchain/avr8/avr8-gnu-toolchain/bin/../lib/gcc/avr/5.4.0/../../../../avr/lib/avr51\libm.a(fp_pscB.o)
                              c:/program files (x86)/atmel/studio/7.0/toolchain/avr8/avr8-gnu-toolchain/bin/../lib/gcc/avr/5.4.0/../../../../avr/lib/avr51\libm.a(addsf3x.o) (__fp_pscB)
c:/program files (x86)/atmel/studio/7.0/toolchain/avr8/avr8-gnu-toolchain/bin/../lib/gcc/avr/5.4.0/../../../../avr/lib/avr51\libm.a(fp_round.o)
                              c:/program files (x86)/atmel/studio/7.0/toolchain/avr8/avr8-gnu-toolchain/bin/../lib/gcc/avr/5.4.0/../../../../avr/lib/avr51\libm.a(addsf3.o) (__fp_round)
c:/program files (x86)/atmel/studio/7.0/toolchain/avr8/avr8-gnu-toolchain/bin/../lib/gcc/avr/5.4.0/../../../../avr/lib/avr51\libm.a(fp_split3.o)
                              c:/program files (x86)/atmel/studio/7.0/toolchain/avr8/avr8-gnu-toolchain/bin/../lib/gcc/avr/5.4.0/../../../../avr/lib/avr51\libm.a(addsf3x.o) (__fp_split3)
c:/program files (x86)/atmel/studio/7.0/toolchain/avr8/avr8-gnu-toolchain/bin/../lib/gcc/avr/5.4.0/../../../../avr/lib/avr51\libm.a(fp_zero.o)
                              c:/program files (x86)/atmel/studio/7.0/toolchain/avr8/avr8-gnu-toolchain/bin/../lib/gcc/avr/5.4.0/../../../../avr/lib/avr51\libm.a(addsf3x.o) (__fp_zero)
c:/program files (x86)/atmel/studio/7.0/toolchain/avr8/avr8-gnu-toolchain/bin/../lib/gcc/avr/5.4.0/../../../../avr/lib/avr51\libm.a(gesf2.o)
                              HAL/ADXL345/ADXL345.o (__gtsf2)
c:/program files (x86)/atmel/studio/7.0/toolchain/avr8/avr8-gnu-toolchain/bin/../lib/gcc/avr/5.4.0/../../../../avr/lib/avr51\libm.a(mulsf3.o)
                              HAL/ADXL345/ADXL345.o (__mulsf3)
c:/program files (x86)/atmel/studio/7.0/toolchain/avr8/avr8-gnu-toolchain/bin/../lib/gcc/avr/5.4.0/../../../../avr/lib/avr51\libm.a(mulsf3x.o)
                              c:/program files (x86)/atmel/studio/7.0/toolchain/avr8/avr8-gnu-toolchain/bin/../lib/gcc/avr/5.4.0/../../../../avr/lib/avr51\libm.a(mulsf3.o) (__mulsf3x)
c:/program files (x86)/atmel/studio/7.0/toolchain/avr8/avr8-gnu-toolchain/bin/../lib/gcc/avr/5.4.0/avr51\libgcc.a(_udivmodsi4.o)
                              MCAL/UART/UART.o (__udivmodsi4)
c:/program files (x86)/atmel/studio/7.0/toolchain/avr8/avr8-gnu-toolchain/bin/../lib/gcc/avr/5.4.0/avr51\libgcc.a(_exit.o)
                              C:/Program Files (x86)/Atmel/Studio/7.0/Packs/atmel/ATmega_DFP/1.7.374/gcc/dev/atmega128a/avr51/crtatmega128a.o (exit)
c:/program files (x86)/atmel/studio/7.0/toolchain/avr8/avr8-gnu-toolchain/bin/../lib/gcc/avr/5.4.0/avr51\libgcc.a(_tablejump2.o)
                              MCAL/DIO/DIO.o (__tablejump2__)
c:/program files (x86)/atmel/studio/7.0/toolchain/avr8/avr8-gnu-toolchain/bin/../lib/gcc/avr/5.4.0/avr51\libgcc.a(_copy_data.o)
                              HAL/ESP01/ESP01.o (__do_copy_data)
c:/program files (x86)/atmel/studio/7.0/toolchain/avr8/avr8-gnu-toolchain/bin/../lib/gcc/avr/5.4.0/avr51\libgcc.a(_clear_bss.o)
                              HAL/ESP01/ESP01.o (__do_clear_bss)
c:/program files (x86)/atmel/studio/7.0/toolchain/avr8/avr8-gnu-toolchain/bin/../lib/gcc/avr/5.4.0/../../../../avr/lib/avr51\libc.a(malloc.o)
                              Service/portable/MemMang/heap_3.o (malloc)
c:/program files (x86)/atmel/studio/7.0/toolchain/avr8/avr8-gnu-toolchain/bin/../lib/gcc/avr/5.4.0/../../../../avr/lib/avr51\libc.a(memcpy.o)
                              Service/queue.o (memcpy)
c:/program files (x86)/atmel/studio/7.0/toolchain/avr8/avr8-gnu-toolchain/bin/../lib/gcc/avr/5.4.0/../../../../avr/lib/avr51\libc.a(memset.o)
                              HAL/ESP01/ESP01.o (memset)
c:/program files (x86)/atmel/studio/7.0/toolchain/avr8/avr8-gnu-toolchain/bin/../lib/gcc/avr/5.4.0/../../../../avr/lib/avr51\libc.a(strncpy.o)
                              LIB/String_Find.o (strncpy)
c:/program files (x86)/atmel/studio/7.0/toolchain/avr8/avr8-gnu-toolchain/bin/../lib/gcc/avr/5.4.0/../../../../avr/lib/avr51\libc.a(strstr.o)
                              LIB/String_Find.o (strstr)

Allocating common symbols
Common symbol       size              file

gps_buff            0x1f4             HAL/GPS/GPS.o
esp_buff            0x64              HAL/ESP01/ESP01.o
temp                0x1               HAL/ESP01/ESP01.o
__brkval            0x2               c:/program files (x86)/atmel/studio/7.0/toolchain/avr8/avr8-gnu-toolchain/bin/../lib/gcc/avr/5.4.0/../../../../avr/lib/avr51\libc.a(malloc.o)
esp_buff_len        0x1               HAL/ESP01/ESP01.o
CHECK_CONNECTION    0x2               main.o
result              0x1               HAL/ESP01/ESP01.o
ESP_SEM             0x2               main.o
__flp               0x2               c:/program files (x86)/atmel/studio/7.0/toolchain/avr8/avr8-gnu-toolchain/bin/../lib/gcc/avr/5.4.0/../../../../avr/lib/avr51\libc.a(malloc.o)
gps_buff_len        0x1               HAL/GPS/GPS.o

Discarded input sections

 .data          0x00000000        0x0 C:/Program Files (x86)/Atmel/Studio/7.0/Packs/atmel/ATmega_DFP/1.7.374/gcc/dev/atmega128a/avr51/crtatmega128a.o
 .bss           0x00000000        0x0 C:/Program Files (x86)/Atmel/Studio/7.0/Packs/atmel/ATmega_DFP/1.7.374/gcc/dev/atmega128a/avr51/crtatmega128a.o
 .text          0x00000000        0x0 HAL/ADXL345/ADXL345.o
 .data          0x00000000        0x0 HAL/ADXL345/ADXL345.o
 .bss           0x00000000        0x0 HAL/ADXL345/ADXL345.o
 .text.setRange
                0x00000000       0x3e HAL/ADXL345/ADXL345.o
 .text.setDataRate
                0x00000000        0xa HAL/ADXL345/ADXL345.o
 .text.clearSettings
                0x00000000       0xb8 HAL/ADXL345/ADXL345.o
 .text.Accelerometor_init
                0x00000000       0x18 HAL/ADXL345/ADXL345.o
 .text.Accelerometor_ReadAxis
                0x00000000      0x10c HAL/ADXL345/ADXL345.o
 .text.constrain
                0x00000000       0x7e HAL/ADXL345/ADXL345.o
 .text.setFreeFallThreshold
                0x00000000       0x48 HAL/ADXL345/ADXL345.o
 .text.setFreeFallDuration
                0x00000000       0x48 HAL/ADXL345/ADXL345.o
 .text.setActivityThreshold
                0x00000000       0x48 HAL/ADXL345/ADXL345.o
 .text.setYActivity
                0x00000000        0xa HAL/ADXL345/ADXL345.o
 .text.setFreeFallParameters
                0x00000000       0xa2 HAL/ADXL345/ADXL345.o
 .text.setActivityParameters
                0x00000000       0x7e HAL/ADXL345/ADXL345.o
 .debug_info    0x00000000      0xda8 HAL/ADXL345/ADXL345.o
 .debug_abbrev  0x00000000      0x1f9 HAL/ADXL345/ADXL345.o
 .debug_loc     0x00000000      0xb16 HAL/ADXL345/ADXL345.o
 .debug_aranges
                0x00000000       0x78 HAL/ADXL345/ADXL345.o
 .debug_ranges  0x00000000       0x68 HAL/ADXL345/ADXL345.o
 .debug_line    0x00000000      0x429 HAL/ADXL345/ADXL345.o
 .debug_str     0x00000000      0x78f HAL/ADXL345/ADXL345.o
 .comment       0x00000000       0x31 HAL/ADXL345/ADXL345.o
 .debug_frame   0x00000000      0x244 HAL/ADXL345/ADXL345.o
 .text          0x00000000        0x0 HAL/ESP01/ESP01.o
 .data          0x00000000        0x0 HAL/ESP01/ESP01.o
 .bss           0x00000000        0x0 HAL/ESP01/ESP01.o
 .text          0x00000000        0x0 HAL/GPS/GPS.o
 .data          0x00000000        0x0 HAL/GPS/GPS.o
 .bss           0x00000000        0x0 HAL/GPS/GPS.o
 .text          0x00000000        0x0 HAL/LCD/LCD.o
 .data          0x00000000        0x0 HAL/LCD/LCD.o
 .bss           0x00000000        0x0 HAL/LCD/LCD.o
 .text.LCD_SendChar
                0x00000000       0xb6 HAL/LCD/LCD.o
 .text.LCD_SendString
                0x00000000       0x2c HAL/LCD/LCD.o
 .text.LCD_ClearScreen
                0x00000000        0x8 HAL/LCD/LCD.o
 .text.LCD_Custom_Char
                0x00000000       0x3c HAL/LCD/LCD.o
 .text          0x00000000        0x0 HAL/LCD/LCD_Config.o
 .data          0x00000000        0x0 HAL/LCD/LCD_Config.o
 .bss           0x00000000        0x0 HAL/LCD/LCD_Config.o
 .text          0x00000000        0x0 HAL/MFRC/mfrc522.o
 .data          0x00000000        0x0 HAL/MFRC/mfrc522.o
 .bss           0x00000000        0x0 HAL/MFRC/mfrc522.o
 .text          0x00000000        0x0 LIB/String_Find.o
 .data          0x00000000        0x0 LIB/String_Find.o
 .bss           0x00000000        0x0 LIB/String_Find.o
 .text          0x00000000        0x0 main.o
 .data          0x00000000        0x0 main.o
 .bss           0x00000000        0x0 main.o
 .text          0x00000000        0x0 MCAL/DIO/DIO.o
 .data          0x00000000        0x0 MCAL/DIO/DIO.o
 .bss           0x00000000        0x0 MCAL/DIO/DIO.o
 .text.DIO_Init
                0x00000000      0x298 MCAL/DIO/DIO.o
 .progmem.gcc_sw_table.DIO_Init
                0x00000000       0x1c MCAL/DIO/DIO.o
 .text.DIO_ReadChannel
                0x00000000      0x15c MCAL/DIO/DIO.o
 .progmem.gcc_sw_table.DIO_ReadChannel
                0x00000000        0xe MCAL/DIO/DIO.o
 .text.DIO_ToggleChannel
                0x00000000       0xde MCAL/DIO/DIO.o
 .progmem.gcc_sw_table.DIO_ToggleChannel
                0x00000000        0xe MCAL/DIO/DIO.o
 .text.DIO_ReadPort
                0x00000000       0x36 MCAL/DIO/DIO.o
 .progmem.gcc_sw_table.DIO_ReadPort
                0x00000000        0xe MCAL/DIO/DIO.o
 .text.DIO_WriteLowNibble
                0x00000000       0x7e MCAL/DIO/DIO.o
 .progmem.gcc_sw_table.DIO_WriteLowNibble
                0x00000000        0xe MCAL/DIO/DIO.o
 .text          0x00000000        0x0 MCAL/DIO/DIO_Cfg.o
 .data          0x00000000        0x0 MCAL/DIO/DIO_Cfg.o
 .bss           0x00000000        0x0 MCAL/DIO/DIO_Cfg.o
 .rodata.countPinsConfigured
                0x00000000        0x1 MCAL/DIO/DIO_Cfg.o
 .bss.PinConfig
                0x00000000        0x0 MCAL/DIO/DIO_Cfg.o
 .debug_info    0x00000000      0x2c5 MCAL/DIO/DIO_Cfg.o
 .debug_abbrev  0x00000000       0x86 MCAL/DIO/DIO_Cfg.o
 .debug_aranges
                0x00000000       0x18 MCAL/DIO/DIO_Cfg.o
 .debug_line    0x00000000       0x65 MCAL/DIO/DIO_Cfg.o
 .debug_str     0x00000000      0x573 MCAL/DIO/DIO_Cfg.o
 .comment       0x00000000       0x31 MCAL/DIO/DIO_Cfg.o
 .text          0x00000000        0x0 MCAL/EXTI/EXTI.o
 .data          0x00000000        0x0 MCAL/EXTI/EXTI.o
 .bss           0x00000000        0x0 MCAL/EXTI/EXTI.o
 .text.EXT_INTERRUPTS_STATE
                0x00000000       0xb0 MCAL/EXTI/EXTI.o
 .progmem.gcc_sw_table.EXT_INTERRUPTS_STATE
                0x00000000       0x20 MCAL/EXTI/EXTI.o
 .text.EXT_INTERRUPTS_SNCONTROL_MODE
                0x00000000       0x98 MCAL/EXTI/EXTI.o
 .progmem.gcc_sw_table.EXT_INTERRUPTS_SNCONTROL_MODE
                0x00000000       0x10 MCAL/EXTI/EXTI.o
 .text.EXT_INTERRUPTS_SetCallBack
                0x00000000       0x62 MCAL/EXTI/EXTI.o
 .progmem.gcc_sw_table.EXT_INTERRUPTS_SetCallBack
                0x00000000       0x10 MCAL/EXTI/EXTI.o
 .text          0x00000000        0x0 MCAL/GIE/GIE.o
 .data          0x00000000        0x0 MCAL/GIE/GIE.o
 .bss           0x00000000        0x0 MCAL/GIE/GIE.o
 .text.GIE_Disable
                0x00000000        0x8 MCAL/GIE/GIE.o
 .text          0x00000000        0x0 MCAL/SPI/SPI.o
 .data          0x00000000        0x0 MCAL/SPI/SPI.o
 .bss           0x00000000        0x0 MCAL/SPI/SPI.o
 .text.SPI_Slave_ReceiveChar
                0x00000000        0xa MCAL/SPI/SPI.o
 .text.SPI_Master_TransmitString
                0x00000000       0x2c MCAL/SPI/SPI.o
 .text          0x00000000        0x0 MCAL/SPI/SPI_Cfg.o
 .data          0x00000000        0x0 MCAL/SPI/SPI_Cfg.o
 .bss           0x00000000        0x0 MCAL/SPI/SPI_Cfg.o
 .text          0x00000000        0x0 MCAL/TWI/TWI.o
 .data          0x00000000        0x0 MCAL/TWI/TWI.o
 .bss           0x00000000        0x0 MCAL/TWI/TWI.o
 .text.TWI_Init
                0x00000000      0x1ac MCAL/TWI/TWI.o
 .text.TWI_Start
                0x00000000       0x1a MCAL/TWI/TWI.o
 .text.TWI_Stop
                0x00000000       0x12 MCAL/TWI/TWI.o
 .text.TWI_Write
                0x00000000       0x1e MCAL/TWI/TWI.o
 .text.TWI_Read_With_ACK
                0x00000000       0x1c MCAL/TWI/TWI.o
 .text.TWI_Read_With_NACK
                0x00000000       0x1e MCAL/TWI/TWI.o
 .text.TWI_Get_Status
                0x00000000        0x8 MCAL/TWI/TWI.o
 .text.I2C_ByteWrite
                0x00000000       0x52 MCAL/TWI/TWI.o
 .text.I2C_ByteRead
                0x00000000       0x72 MCAL/TWI/TWI.o
 .debug_info    0x00000000      0x5d7 MCAL/TWI/TWI.o
 .debug_abbrev  0x00000000      0x12c MCAL/TWI/TWI.o
 .debug_loc     0x00000000      0x2ef MCAL/TWI/TWI.o
 .debug_aranges
                0x00000000       0x60 MCAL/TWI/TWI.o
 .debug_ranges  0x00000000       0x50 MCAL/TWI/TWI.o
 .debug_line    0x00000000      0x2cb MCAL/TWI/TWI.o
 .debug_str     0x00000000      0x6e9 MCAL/TWI/TWI.o
 .comment       0x00000000       0x31 MCAL/TWI/TWI.o
 .debug_frame   0x00000000       0xec MCAL/TWI/TWI.o
 .text          0x00000000        0x0 MCAL/UART/UART.o
 .data          0x00000000        0x0 MCAL/UART/UART.o
 .bss           0x00000000        0x0 MCAL/UART/UART.o
 .text.UART1_Transmit
                0x00000000        0xe MCAL/UART/UART.o
 .text.UART0_TransmitString
                0x00000000       0x38 MCAL/UART/UART.o
 .text.UART1_TransmitString
                0x00000000       0x38 MCAL/UART/UART.o
 .text.UART1_sendATCommand
                0x00000000       0x12 MCAL/UART/UART.o
 .text.UART1_Receive
                0x00000000        0xe MCAL/UART/UART.o
 .text          0x00000000        0x0 MCAL/UART/UART_Cfg.o
 .data          0x00000000        0x0 MCAL/UART/UART_Cfg.o
 .bss           0x00000000        0x0 MCAL/UART/UART_Cfg.o
 .text          0x00000000        0x0 Service/croutine.o
 .data          0x00000000        0x0 Service/croutine.o
 .bss           0x00000000        0x0 Service/croutine.o
 .debug_info    0x00000000       0x64 Service/croutine.o
 .debug_abbrev  0x00000000       0x26 Service/croutine.o
 .debug_aranges
                0x00000000       0x18 Service/croutine.o
 .debug_line    0x00000000       0x1a Service/croutine.o
 .debug_str     0x00000000      0x1ac Service/croutine.o
 .comment       0x00000000       0x31 Service/croutine.o
 .text          0x00000000        0x0 Service/event_groups.o
 .data          0x00000000        0x0 Service/event_groups.o
 .bss           0x00000000        0x0 Service/event_groups.o
 .text.prvTestWaitCondition
                0x00000000       0x26 Service/event_groups.o
 .text.xEventGroupCreate
                0x00000000       0x26 Service/event_groups.o
 .text.xEventGroupWaitBits
                0x00000000       0xe4 Service/event_groups.o
 .text.xEventGroupClearBits
                0x00000000       0x1e Service/event_groups.o
 .text.xEventGroupGetBitsFromISR
                0x00000000        0x8 Service/event_groups.o
 .text.xEventGroupSetBits
                0x00000000       0xc8 Service/event_groups.o
 .text.xEventGroupSync
                0x00000000       0xd6 Service/event_groups.o
 .text.vEventGroupDelete
                0x00000000       0x2e Service/event_groups.o
 .text.vEventGroupSetBitsCallback
                0x00000000        0x8 Service/event_groups.o
 .text.vEventGroupClearBitsCallback
                0x00000000        0x8 Service/event_groups.o
 .debug_info    0x00000000      0x8df Service/event_groups.o
 .debug_abbrev  0x00000000      0x1dc Service/event_groups.o
 .debug_loc     0x00000000      0xb41 Service/event_groups.o
 .debug_aranges
                0x00000000       0x68 Service/event_groups.o
 .debug_ranges  0x00000000       0x70 Service/event_groups.o
 .debug_line    0x00000000      0x437 Service/event_groups.o
 .debug_str     0x00000000      0x5c0 Service/event_groups.o
 .comment       0x00000000       0x31 Service/event_groups.o
 .debug_frame   0x00000000      0x15c Service/event_groups.o
 .text          0x00000000        0x0 Service/list.o
 .data          0x00000000        0x0 Service/list.o
 .bss           0x00000000        0x0 Service/list.o
 .text          0x00000000        0x0 Service/portable/GCC/ATMega323/port.o
 .data          0x00000000        0x0 Service/portable/GCC/ATMega323/port.o
 .bss           0x00000000        0x0 Service/portable/GCC/ATMega323/port.o
 .text.vPortEndScheduler
                0x00000000        0x2 Service/portable/GCC/ATMega323/port.o
 .text          0x00000000        0x0 Service/portable/MemMang/heap_3.o
 .data          0x00000000        0x0 Service/portable/MemMang/heap_3.o
 .bss           0x00000000        0x0 Service/portable/MemMang/heap_3.o
 .text          0x00000000        0x0 Service/queue.o
 .data          0x00000000        0x0 Service/queue.o
 .bss           0x00000000        0x0 Service/queue.o
 .text.prvIsQueueFull
                0x00000000       0x1c Service/queue.o
 .text.prvCopyDataToQueue
                0x00000000       0x92 Service/queue.o
 .text.prvCopyDataFromQueue
                0x00000000       0x34 Service/queue.o
 .text.xQueueGenericSend
                0x00000000      0x124 Service/queue.o
 .text.xQueueGenericSendFromISR
                0x00000000       0x74 Service/queue.o
 .text.xQueueReceive
                0x00000000      0x11e Service/queue.o
 .text.xQueuePeek
                0x00000000      0x122 Service/queue.o
 .text.xQueueReceiveFromISR
                0x00000000       0x6e Service/queue.o
 .text.xQueuePeekFromISR
                0x00000000       0x2e Service/queue.o
 .text.uxQueueMessagesWaiting
                0x00000000       0x10 Service/queue.o
 .text.uxQueueSpacesAvailable
                0x00000000       0x16 Service/queue.o
 .text.uxQueueMessagesWaitingFromISR
                0x00000000        0x6 Service/queue.o
 .text.vQueueDelete
                0x00000000        0x6 Service/queue.o
 .text.xQueueIsQueueEmptyFromISR
                0x00000000       0x10 Service/queue.o
 .text.xQueueIsQueueFullFromISR
                0x00000000       0x12 Service/queue.o
 .text          0x00000000        0x0 Service/service.o
 .data          0x00000000        0x0 Service/service.o
 .bss           0x00000000        0x0 Service/service.o
 .text          0x00000000        0x0 Service/stream_buffer.o
 .data          0x00000000        0x0 Service/stream_buffer.o
 .bss           0x00000000        0x0 Service/stream_buffer.o
 .text.prvBytesInBuffer
                0x00000000       0x26 Service/stream_buffer.o
 .text.prvInitialiseNewStreamBuffer
                0x00000000       0x20 Service/stream_buffer.o
 .text.prvWriteBytesToBuffer
                0x00000000       0x92 Service/stream_buffer.o
 .text.prvWriteMessageToBuffer
                0x00000000       0x8a Service/stream_buffer.o
 .text.prvReadBytesFromBuffer
                0x00000000       0xa0 Service/stream_buffer.o
 .text.prvReadMessageFromBuffer
                0x00000000       0x8c Service/stream_buffer.o
 .text.xStreamBufferGenericCreate
                0x00000000       0x5a Service/stream_buffer.o
 .text.vStreamBufferDelete
                0x00000000       0x1a Service/stream_buffer.o
 .text.xStreamBufferReset
                0x00000000       0x3e Service/stream_buffer.o
 .text.xStreamBufferSetTriggerLevel
                0x00000000       0x22 Service/stream_buffer.o
 .text.xStreamBufferSpacesAvailable
                0x00000000       0x24 Service/stream_buffer.o
 .text.xStreamBufferBytesAvailable
                0x00000000        0x6 Service/stream_buffer.o
 .text.xStreamBufferSend
                0x00000000      0x14c Service/stream_buffer.o
 .text.xStreamBufferSendFromISR
                0x00000000       0x8c Service/stream_buffer.o
 .text.xStreamBufferReceive
                0x00000000       0xf8 Service/stream_buffer.o
 .text.xStreamBufferNextMessageLengthBytes
                0x00000000       0x66 Service/stream_buffer.o
 .text.xStreamBufferReceiveFromISR
                0x00000000       0x88 Service/stream_buffer.o
 .text.xStreamBufferIsEmpty
                0x00000000       0x18 Service/stream_buffer.o
 .text.xStreamBufferIsFull
                0x00000000       0x2c Service/stream_buffer.o
 .text.xStreamBufferSendCompletedFromISR
                0x00000000       0x46 Service/stream_buffer.o
 .text.xStreamBufferReceiveCompletedFromISR
                0x00000000       0x46 Service/stream_buffer.o
 .debug_info    0x00000000     0x12df Service/stream_buffer.o
 .debug_abbrev  0x00000000      0x22a Service/stream_buffer.o
 .debug_loc     0x00000000     0x1c5a Service/stream_buffer.o
 .debug_aranges
                0x00000000       0xc0 Service/stream_buffer.o
 .debug_ranges  0x00000000       0xb0 Service/stream_buffer.o
 .debug_line    0x00000000      0x79e Service/stream_buffer.o
 .debug_str     0x00000000      0x7d8 Service/stream_buffer.o
 .comment       0x00000000       0x31 Service/stream_buffer.o
 .debug_frame   0x00000000      0x3e8 Service/stream_buffer.o
 .text          0x00000000        0x0 Service/tasks.o
 .data          0x00000000        0x0 Service/tasks.o
 .bss           0x00000000        0x0 Service/tasks.o
 .text.vTaskDelete
                0x00000000       0xa2 Service/tasks.o
 .text.vTaskEndScheduler
                0x00000000        0xc Service/tasks.o
 .text.xTaskGetTickCount
                0x00000000       0x14 Service/tasks.o
 .text.xTaskGetTickCountFromISR
                0x00000000        0xa Service/tasks.o
 .text.uxTaskGetNumberOfTasks
                0x00000000        0x6 Service/tasks.o
 .text.pcTaskGetName
                0x00000000       0x10 Service/tasks.o
 .text.vTaskDelayUntil
                0x00000000       0x82 Service/tasks.o
 .text.vTaskPlaceOnUnorderedEventList
                0x00000000       0x32 Service/tasks.o
 .text.vTaskRemoveFromUnorderedEventList
                0x00000000       0x70 Service/tasks.o
 .text.vTaskSetTimeOutState
                0x00000000       0x20 Service/tasks.o
 .text.uxTaskResetEventItemValue
                0x00000000       0x2e Service/tasks.o
 .text.ulTaskNotifyTake
                0x00000000       0xae Service/tasks.o
 .text.xTaskNotifyWait
                0x00000000      0x108 Service/tasks.o
 .text.xTaskGenericNotify
                0x00000000      0x10a Service/tasks.o
 .text.xTaskGenericNotifyFromISR
                0x00000000      0x12e Service/tasks.o
 .text.vTaskNotifyGiveFromISR
                0x00000000       0xb4 Service/tasks.o
 .text.xTaskNotifyStateClear
                0x00000000       0x28 Service/tasks.o
 .text          0x00000000        0x0 Service/timers.o
 .data          0x00000000        0x0 Service/timers.o
 .bss           0x00000000        0x0 Service/timers.o
 .debug_info    0x00000000       0x64 Service/timers.o
 .debug_abbrev  0x00000000       0x26 Service/timers.o
 .debug_aranges
                0x00000000       0x18 Service/timers.o
 .debug_line    0x00000000       0x1a Service/timers.o
 .debug_str     0x00000000      0x1aa Service/timers.o
 .comment       0x00000000       0x31 Service/timers.o
 .text          0x00000000        0x0 c:/program files (x86)/atmel/studio/7.0/toolchain/avr8/avr8-gnu-toolchain/bin/../lib/gcc/avr/5.4.0/../../../../avr/lib/avr51\libm.a(addsf3.o)
 .data          0x00000000        0x0 c:/program files (x86)/atmel/studio/7.0/toolchain/avr8/avr8-gnu-toolchain/bin/../lib/gcc/avr/5.4.0/../../../../avr/lib/avr51\libm.a(addsf3.o)
 .bss           0x00000000        0x0 c:/program files (x86)/atmel/studio/7.0/toolchain/avr8/avr8-gnu-toolchain/bin/../lib/gcc/avr/5.4.0/../../../../avr/lib/avr51\libm.a(addsf3.o)
 .text.avr-libc.fplib
                0x00000000        0xe c:/program files (x86)/atmel/studio/7.0/toolchain/avr8/avr8-gnu-toolchain/bin/../lib/gcc/avr/5.4.0/../../../../avr/lib/avr51\libm.a(addsf3.o)
 .text          0x00000000        0x0 c:/program files (x86)/atmel/studio/7.0/toolchain/avr8/avr8-gnu-toolchain/bin/../lib/gcc/avr/5.4.0/../../../../avr/lib/avr51\libm.a(addsf3x.o)
 .data          0x00000000        0x0 c:/program files (x86)/atmel/studio/7.0/toolchain/avr8/avr8-gnu-toolchain/bin/../lib/gcc/avr/5.4.0/../../../../avr/lib/avr51\libm.a(addsf3x.o)
 .bss           0x00000000        0x0 c:/program files (x86)/atmel/studio/7.0/toolchain/avr8/avr8-gnu-toolchain/bin/../lib/gcc/avr/5.4.0/../../../../avr/lib/avr51\libm.a(addsf3x.o)
 .text.avr-libc.fplib
                0x00000000       0xcc c:/program files (x86)/atmel/studio/7.0/toolchain/avr8/avr8-gnu-toolchain/bin/../lib/gcc/avr/5.4.0/../../../../avr/lib/avr51\libm.a(addsf3x.o)
 .text          0x00000000        0x0 c:/program files (x86)/atmel/studio/7.0/toolchain/avr8/avr8-gnu-toolchain/bin/../lib/gcc/avr/5.4.0/../../../../avr/lib/avr51\libm.a(cmpsf2.o)
 .data          0x00000000        0x0 c:/program files (x86)/atmel/studio/7.0/toolchain/avr8/avr8-gnu-toolchain/bin/../lib/gcc/avr/5.4.0/../../../../avr/lib/avr51\libm.a(cmpsf2.o)
 .bss           0x00000000        0x0 c:/program files (x86)/atmel/studio/7.0/toolchain/avr8/avr8-gnu-toolchain/bin/../lib/gcc/avr/5.4.0/../../../../avr/lib/avr51\libm.a(cmpsf2.o)
 .text.avr-libc.fplib
                0x00000000        0xa c:/program files (x86)/atmel/studio/7.0/toolchain/avr8/avr8-gnu-toolchain/bin/../lib/gcc/avr/5.4.0/../../../../avr/lib/avr51\libm.a(cmpsf2.o)
 .text          0x00000000        0x0 c:/program files (x86)/atmel/studio/7.0/toolchain/avr8/avr8-gnu-toolchain/bin/../lib/gcc/avr/5.4.0/../../../../avr/lib/avr51\libm.a(divsf3.o)
 .data          0x00000000        0x0 c:/program files (x86)/atmel/studio/7.0/toolchain/avr8/avr8-gnu-toolchain/bin/../lib/gcc/avr/5.4.0/../../../../avr/lib/avr51\libm.a(divsf3.o)
 .bss           0x00000000        0x0 c:/program files (x86)/atmel/studio/7.0/toolchain/avr8/avr8-gnu-toolchain/bin/../lib/gcc/avr/5.4.0/../../../../avr/lib/avr51\libm.a(divsf3.o)
 .text.avr-libc.fplib
                0x00000000        0x8 c:/program files (x86)/atmel/studio/7.0/toolchain/avr8/avr8-gnu-toolchain/bin/../lib/gcc/avr/5.4.0/../../../../avr/lib/avr51\libm.a(divsf3.o)
 .text          0x00000000        0x0 c:/program files (x86)/atmel/studio/7.0/toolchain/avr8/avr8-gnu-toolchain/bin/../lib/gcc/avr/5.4.0/../../../../avr/lib/avr51\libm.a(divsf3x.o)
 .data          0x00000000        0x0 c:/program files (x86)/atmel/studio/7.0/toolchain/avr8/avr8-gnu-toolchain/bin/../lib/gcc/avr/5.4.0/../../../../avr/lib/avr51\libm.a(divsf3x.o)
 .bss           0x00000000        0x0 c:/program files (x86)/atmel/studio/7.0/toolchain/avr8/avr8-gnu-toolchain/bin/../lib/gcc/avr/5.4.0/../../../../avr/lib/avr51\libm.a(divsf3x.o)
 .text.avr-libc.fplib
                0x00000000       0xdc c:/program files (x86)/atmel/studio/7.0/toolchain/avr8/avr8-gnu-toolchain/bin/../lib/gcc/avr/5.4.0/../../../../avr/lib/avr51\libm.a(divsf3x.o)
 .text          0x00000000        0x0 c:/program files (x86)/atmel/studio/7.0/toolchain/avr8/avr8-gnu-toolchain/bin/../lib/gcc/avr/5.4.0/../../../../avr/lib/avr51\libm.a(fixunssfsi.o)
 .data          0x00000000        0x0 c:/program files (x86)/atmel/studio/7.0/toolchain/avr8/avr8-gnu-toolchain/bin/../lib/gcc/avr/5.4.0/../../../../avr/lib/avr51\libm.a(fixunssfsi.o)
 .bss           0x00000000        0x0 c:/program files (x86)/atmel/studio/7.0/toolchain/avr8/avr8-gnu-toolchain/bin/../lib/gcc/avr/5.4.0/../../../../avr/lib/avr51\libm.a(fixunssfsi.o)
 .text.avr-libc.fplib
                0x00000000       0x5e c:/program files (x86)/atmel/studio/7.0/toolchain/avr8/avr8-gnu-toolchain/bin/../lib/gcc/avr/5.4.0/../../../../avr/lib/avr51\libm.a(fixunssfsi.o)
 .text          0x00000000        0x0 c:/program files (x86)/atmel/studio/7.0/toolchain/avr8/avr8-gnu-toolchain/bin/../lib/gcc/avr/5.4.0/../../../../avr/lib/avr51\libm.a(floatsisf.o)
 .data          0x00000000        0x0 c:/program files (x86)/atmel/studio/7.0/toolchain/avr8/avr8-gnu-toolchain/bin/../lib/gcc/avr/5.4.0/../../../../avr/lib/avr51\libm.a(floatsisf.o)
 .bss           0x00000000        0x0 c:/program files (x86)/atmel/studio/7.0/toolchain/avr8/avr8-gnu-toolchain/bin/../lib/gcc/avr/5.4.0/../../../../avr/lib/avr51\libm.a(floatsisf.o)
 .text.avr-libc.fplib
                0x00000000       0x7a c:/program files (x86)/atmel/studio/7.0/toolchain/avr8/avr8-gnu-toolchain/bin/../lib/gcc/avr/5.4.0/../../../../avr/lib/avr51\libm.a(floatsisf.o)
 .text          0x00000000        0x0 c:/program files (x86)/atmel/studio/7.0/toolchain/avr8/avr8-gnu-toolchain/bin/../lib/gcc/avr/5.4.0/../../../../avr/lib/avr51\libm.a(fp_cmp.o)
 .data          0x00000000        0x0 c:/program files (x86)/atmel/studio/7.0/toolchain/avr8/avr8-gnu-toolchain/bin/../lib/gcc/avr/5.4.0/../../../../avr/lib/avr51\libm.a(fp_cmp.o)
 .bss           0x00000000        0x0 c:/program files (x86)/atmel/studio/7.0/toolchain/avr8/avr8-gnu-toolchain/bin/../lib/gcc/avr/5.4.0/../../../../avr/lib/avr51\libm.a(fp_cmp.o)
 .text.avr-libc.fplib
                0x00000000       0x48 c:/program files (x86)/atmel/studio/7.0/toolchain/avr8/avr8-gnu-toolchain/bin/../lib/gcc/avr/5.4.0/../../../../avr/lib/avr51\libm.a(fp_cmp.o)
 .text          0x00000000        0x0 c:/program files (x86)/atmel/studio/7.0/toolchain/avr8/avr8-gnu-toolchain/bin/../lib/gcc/avr/5.4.0/../../../../avr/lib/avr51\libm.a(fp_inf.o)
 .data          0x00000000        0x0 c:/program files (x86)/atmel/studio/7.0/toolchain/avr8/avr8-gnu-toolchain/bin/../lib/gcc/avr/5.4.0/../../../../avr/lib/avr51\libm.a(fp_inf.o)
 .bss           0x00000000        0x0 c:/program files (x86)/atmel/studio/7.0/toolchain/avr8/avr8-gnu-toolchain/bin/../lib/gcc/avr/5.4.0/../../../../avr/lib/avr51\libm.a(fp_inf.o)
 .text.avr-libc.fplib
                0x00000000        0xc c:/program files (x86)/atmel/studio/7.0/toolchain/avr8/avr8-gnu-toolchain/bin/../lib/gcc/avr/5.4.0/../../../../avr/lib/avr51\libm.a(fp_inf.o)
 .text          0x00000000        0x0 c:/program files (x86)/atmel/studio/7.0/toolchain/avr8/avr8-gnu-toolchain/bin/../lib/gcc/avr/5.4.0/../../../../avr/lib/avr51\libm.a(fp_nan.o)
 .data          0x00000000        0x0 c:/program files (x86)/atmel/studio/7.0/toolchain/avr8/avr8-gnu-toolchain/bin/../lib/gcc/avr/5.4.0/../../../../avr/lib/avr51\libm.a(fp_nan.o)
 .bss           0x00000000        0x0 c:/program files (x86)/atmel/studio/7.0/toolchain/avr8/avr8-gnu-toolchain/bin/../lib/gcc/avr/5.4.0/../../../../avr/lib/avr51\libm.a(fp_nan.o)
 .text.avr-libc.fplib
                0x00000000        0x6 c:/program files (x86)/atmel/studio/7.0/toolchain/avr8/avr8-gnu-toolchain/bin/../lib/gcc/avr/5.4.0/../../../../avr/lib/avr51\libm.a(fp_nan.o)
 .text          0x00000000        0x0 c:/program files (x86)/atmel/studio/7.0/toolchain/avr8/avr8-gnu-toolchain/bin/../lib/gcc/avr/5.4.0/../../../../avr/lib/avr51\libm.a(fp_pscA.o)
 .data          0x00000000        0x0 c:/program files (x86)/atmel/studio/7.0/toolchain/avr8/avr8-gnu-toolchain/bin/../lib/gcc/avr/5.4.0/../../../../avr/lib/avr51\libm.a(fp_pscA.o)
 .bss           0x00000000        0x0 c:/program files (x86)/atmel/studio/7.0/toolchain/avr8/avr8-gnu-toolchain/bin/../lib/gcc/avr/5.4.0/../../../../avr/lib/avr51\libm.a(fp_pscA.o)
 .text.avr-libc.fplib
                0x00000000        0xe c:/program files (x86)/atmel/studio/7.0/toolchain/avr8/avr8-gnu-toolchain/bin/../lib/gcc/avr/5.4.0/../../../../avr/lib/avr51\libm.a(fp_pscA.o)
 .text          0x00000000        0x0 c:/program files (x86)/atmel/studio/7.0/toolchain/avr8/avr8-gnu-toolchain/bin/../lib/gcc/avr/5.4.0/../../../../avr/lib/avr51\libm.a(fp_pscB.o)
 .data          0x00000000        0x0 c:/program files (x86)/atmel/studio/7.0/toolchain/avr8/avr8-gnu-toolchain/bin/../lib/gcc/avr/5.4.0/../../../../avr/lib/avr51\libm.a(fp_pscB.o)
 .bss           0x00000000        0x0 c:/program files (x86)/atmel/studio/7.0/toolchain/avr8/avr8-gnu-toolchain/bin/../lib/gcc/avr/5.4.0/../../../../avr/lib/avr51\libm.a(fp_pscB.o)
 .text.avr-libc.fplib
                0x00000000        0xe c:/program files (x86)/atmel/studio/7.0/toolchain/avr8/avr8-gnu-toolchain/bin/../lib/gcc/avr/5.4.0/../../../../avr/lib/avr51\libm.a(fp_pscB.o)
 .text          0x00000000        0x0 c:/program files (x86)/atmel/studio/7.0/toolchain/avr8/avr8-gnu-toolchain/bin/../lib/gcc/avr/5.4.0/../../../../avr/lib/avr51\libm.a(fp_round.o)
 .data          0x00000000        0x0 c:/program files (x86)/atmel/studio/7.0/toolchain/avr8/avr8-gnu-toolchain/bin/../lib/gcc/avr/5.4.0/../../../../avr/lib/avr51\libm.a(fp_round.o)
 .bss           0x00000000        0x0 c:/program files (x86)/atmel/studio/7.0/toolchain/avr8/avr8-gnu-toolchain/bin/../lib/gcc/avr/5.4.0/../../../../avr/lib/avr51\libm.a(fp_round.o)
 .text.avr-libc.fplib
                0x00000000       0x22 c:/program files (x86)/atmel/studio/7.0/toolchain/avr8/avr8-gnu-toolchain/bin/../lib/gcc/avr/5.4.0/../../../../avr/lib/avr51\libm.a(fp_round.o)
 .text          0x00000000        0x0 c:/program files (x86)/atmel/studio/7.0/toolchain/avr8/avr8-gnu-toolchain/bin/../lib/gcc/avr/5.4.0/../../../../avr/lib/avr51\libm.a(fp_split3.o)
 .data          0x00000000        0x0 c:/program files (x86)/atmel/studio/7.0/toolchain/avr8/avr8-gnu-toolchain/bin/../lib/gcc/avr/5.4.0/../../../../avr/lib/avr51\libm.a(fp_split3.o)
 .bss           0x00000000        0x0 c:/program files (x86)/atmel/studio/7.0/toolchain/avr8/avr8-gnu-toolchain/bin/../lib/gcc/avr/5.4.0/../../../../avr/lib/avr51\libm.a(fp_split3.o)
 .text.avr-libc.fplib
                0x00000000       0x44 c:/program files (x86)/atmel/studio/7.0/toolchain/avr8/avr8-gnu-toolchain/bin/../lib/gcc/avr/5.4.0/../../../../avr/lib/avr51\libm.a(fp_split3.o)
 .text          0x00000000        0x0 c:/program files (x86)/atmel/studio/7.0/toolchain/avr8/avr8-gnu-toolchain/bin/../lib/gcc/avr/5.4.0/../../../../avr/lib/avr51\libm.a(fp_zero.o)
 .data          0x00000000        0x0 c:/program files (x86)/atmel/studio/7.0/toolchain/avr8/avr8-gnu-toolchain/bin/../lib/gcc/avr/5.4.0/../../../../avr/lib/avr51\libm.a(fp_zero.o)
 .bss           0x00000000        0x0 c:/program files (x86)/atmel/studio/7.0/toolchain/avr8/avr8-gnu-toolchain/bin/../lib/gcc/avr/5.4.0/../../../../avr/lib/avr51\libm.a(fp_zero.o)
 .text.avr-libc.fplib
                0x00000000        0xe c:/program files (x86)/atmel/studio/7.0/toolchain/avr8/avr8-gnu-toolchain/bin/../lib/gcc/avr/5.4.0/../../../../avr/lib/avr51\libm.a(fp_zero.o)
 .text          0x00000000        0x0 c:/program files (x86)/atmel/studio/7.0/toolchain/avr8/avr8-gnu-toolchain/bin/../lib/gcc/avr/5.4.0/../../../../avr/lib/avr51\libm.a(gesf2.o)
 .data          0x00000000        0x0 c:/program files (x86)/atmel/studio/7.0/toolchain/avr8/avr8-gnu-toolchain/bin/../lib/gcc/avr/5.4.0/../../../../avr/lib/avr51\libm.a(gesf2.o)
 .bss           0x00000000        0x0 c:/program files (x86)/atmel/studio/7.0/toolchain/avr8/avr8-gnu-toolchain/bin/../lib/gcc/avr/5.4.0/../../../../avr/lib/avr51\libm.a(gesf2.o)
 .text.avr-libc.fplib
                0x00000000        0xa c:/program files (x86)/atmel/studio/7.0/toolchain/avr8/avr8-gnu-toolchain/bin/../lib/gcc/avr/5.4.0/../../../../avr/lib/avr51\libm.a(gesf2.o)
 .text          0x00000000        0x0 c:/program files (x86)/atmel/studio/7.0/toolchain/avr8/avr8-gnu-toolchain/bin/../lib/gcc/avr/5.4.0/../../../../avr/lib/avr51\libm.a(mulsf3.o)
 .data          0x00000000        0x0 c:/program files (x86)/atmel/studio/7.0/toolchain/avr8/avr8-gnu-toolchain/bin/../lib/gcc/avr/5.4.0/../../../../avr/lib/avr51\libm.a(mulsf3.o)
 .bss           0x00000000        0x0 c:/program files (x86)/atmel/studio/7.0/toolchain/avr8/avr8-gnu-toolchain/bin/../lib/gcc/avr/5.4.0/../../../../avr/lib/avr51\libm.a(mulsf3.o)
 .text.avr-libc.fplib
                0x00000000        0x8 c:/program files (x86)/atmel/studio/7.0/toolchain/avr8/avr8-gnu-toolchain/bin/../lib/gcc/avr/5.4.0/../../../../avr/lib/avr51\libm.a(mulsf3.o)
 .text          0x00000000        0x0 c:/program files (x86)/atmel/studio/7.0/toolchain/avr8/avr8-gnu-toolchain/bin/../lib/gcc/avr/5.4.0/../../../../avr/lib/avr51\libm.a(mulsf3x.o)
 .data          0x00000000        0x0 c:/program files (x86)/atmel/studio/7.0/toolchain/avr8/avr8-gnu-toolchain/bin/../lib/gcc/avr/5.4.0/../../../../avr/lib/avr51\libm.a(mulsf3x.o)
 .bss           0x00000000        0x0 c:/program files (x86)/atmel/studio/7.0/toolchain/avr8/avr8-gnu-toolchain/bin/../lib/gcc/avr/5.4.0/../../../../avr/lib/avr51\libm.a(mulsf3x.o)
 .text.avr-libc.fplib
                0x00000000       0xd2 c:/program files (x86)/atmel/studio/7.0/toolchain/avr8/avr8-gnu-toolchain/bin/../lib/gcc/avr/5.4.0/../../../../avr/lib/avr51\libm.a(mulsf3x.o)
 .text          0x00000000        0x0 c:/program files (x86)/atmel/studio/7.0/toolchain/avr8/avr8-gnu-toolchain/bin/../lib/gcc/avr/5.4.0/avr51\libgcc.a(_udivmodsi4.o)
 .data          0x00000000        0x0 c:/program files (x86)/atmel/studio/7.0/toolchain/avr8/avr8-gnu-toolchain/bin/../lib/gcc/avr/5.4.0/avr51\libgcc.a(_udivmodsi4.o)
 .bss           0x00000000        0x0 c:/program files (x86)/atmel/studio/7.0/toolchain/avr8/avr8-gnu-toolchain/bin/../lib/gcc/avr/5.4.0/avr51\libgcc.a(_udivmodsi4.o)
 .text.libgcc.mul
                0x00000000        0x0 c:/program files (x86)/atmel/studio/7.0/toolchain/avr8/avr8-gnu-toolchain/bin/../lib/gcc/avr/5.4.0/avr51\libgcc.a(_udivmodsi4.o)
 .text.libgcc   0x00000000        0x0 c:/program files (x86)/atmel/studio/7.0/toolchain/avr8/avr8-gnu-toolchain/bin/../lib/gcc/avr/5.4.0/avr51\libgcc.a(_udivmodsi4.o)
 .text.libgcc.prologue
                0x00000000        0x0 c:/program files (x86)/atmel/studio/7.0/toolchain/avr8/avr8-gnu-toolchain/bin/../lib/gcc/avr/5.4.0/avr51\libgcc.a(_udivmodsi4.o)
 .text.libgcc.builtins
                0x00000000        0x0 c:/program files (x86)/atmel/studio/7.0/toolchain/avr8/avr8-gnu-toolchain/bin/../lib/gcc/avr/5.4.0/avr51\libgcc.a(_udivmodsi4.o)
 .text.libgcc.fmul
                0x00000000        0x0 c:/program files (x86)/atmel/studio/7.0/toolchain/avr8/avr8-gnu-toolchain/bin/../lib/gcc/avr/5.4.0/avr51\libgcc.a(_udivmodsi4.o)
 .text.libgcc.fixed
                0x00000000        0x0 c:/program files (x86)/atmel/studio/7.0/toolchain/avr8/avr8-gnu-toolchain/bin/../lib/gcc/avr/5.4.0/avr51\libgcc.a(_udivmodsi4.o)
 .text          0x00000000        0x0 c:/program files (x86)/atmel/studio/7.0/toolchain/avr8/avr8-gnu-toolchain/bin/../lib/gcc/avr/5.4.0/avr51\libgcc.a(_exit.o)
 .data          0x00000000        0x0 c:/program files (x86)/atmel/studio/7.0/toolchain/avr8/avr8-gnu-toolchain/bin/../lib/gcc/avr/5.4.0/avr51\libgcc.a(_exit.o)
 .bss           0x00000000        0x0 c:/program files (x86)/atmel/studio/7.0/toolchain/avr8/avr8-gnu-toolchain/bin/../lib/gcc/avr/5.4.0/avr51\libgcc.a(_exit.o)
 .text.libgcc.mul
                0x00000000        0x0 c:/program files (x86)/atmel/studio/7.0/toolchain/avr8/avr8-gnu-toolchain/bin/../lib/gcc/avr/5.4.0/avr51\libgcc.a(_exit.o)
 .text.libgcc.div
                0x00000000        0x0 c:/program files (x86)/atmel/studio/7.0/toolchain/avr8/avr8-gnu-toolchain/bin/../lib/gcc/avr/5.4.0/avr51\libgcc.a(_exit.o)
 .text.libgcc   0x00000000        0x0 c:/program files (x86)/atmel/studio/7.0/toolchain/avr8/avr8-gnu-toolchain/bin/../lib/gcc/avr/5.4.0/avr51\libgcc.a(_exit.o)
 .text.libgcc.prologue
                0x00000000        0x0 c:/program files (x86)/atmel/studio/7.0/toolchain/avr8/avr8-gnu-toolchain/bin/../lib/gcc/avr/5.4.0/avr51\libgcc.a(_exit.o)
 .text.libgcc.builtins
                0x00000000        0x0 c:/program files (x86)/atmel/studio/7.0/toolchain/avr8/avr8-gnu-toolchain/bin/../lib/gcc/avr/5.4.0/avr51\libgcc.a(_exit.o)
 .text.libgcc.fmul
                0x00000000        0x0 c:/program files (x86)/atmel/studio/7.0/toolchain/avr8/avr8-gnu-toolchain/bin/../lib/gcc/avr/5.4.0/avr51\libgcc.a(_exit.o)
 .text.libgcc.fixed
                0x00000000        0x0 c:/program files (x86)/atmel/studio/7.0/toolchain/avr8/avr8-gnu-toolchain/bin/../lib/gcc/avr/5.4.0/avr51\libgcc.a(_exit.o)
 .text          0x00000000        0x0 c:/program files (x86)/atmel/studio/7.0/toolchain/avr8/avr8-gnu-toolchain/bin/../lib/gcc/avr/5.4.0/avr51\libgcc.a(_tablejump2.o)
 .data          0x00000000        0x0 c:/program files (x86)/atmel/studio/7.0/toolchain/avr8/avr8-gnu-toolchain/bin/../lib/gcc/avr/5.4.0/avr51\libgcc.a(_tablejump2.o)
 .bss           0x00000000        0x0 c:/program files (x86)/atmel/studio/7.0/toolchain/avr8/avr8-gnu-toolchain/bin/../lib/gcc/avr/5.4.0/avr51\libgcc.a(_tablejump2.o)
 .text.libgcc.mul
                0x00000000        0x0 c:/program files (x86)/atmel/studio/7.0/toolchain/avr8/avr8-gnu-toolchain/bin/../lib/gcc/avr/5.4.0/avr51\libgcc.a(_tablejump2.o)
 .text.libgcc.div
                0x00000000        0x0 c:/program files (x86)/atmel/studio/7.0/toolchain/avr8/avr8-gnu-toolchain/bin/../lib/gcc/avr/5.4.0/avr51\libgcc.a(_tablejump2.o)
 .text.libgcc.prologue
                0x00000000        0x0 c:/program files (x86)/atmel/studio/7.0/toolchain/avr8/avr8-gnu-toolchain/bin/../lib/gcc/avr/5.4.0/avr51\libgcc.a(_tablejump2.o)
 .text.libgcc.builtins
                0x00000000        0x0 c:/program files (x86)/atmel/studio/7.0/toolchain/avr8/avr8-gnu-toolchain/bin/../lib/gcc/avr/5.4.0/avr51\libgcc.a(_tablejump2.o)
 .text.libgcc.fmul
                0x00000000        0x0 c:/program files (x86)/atmel/studio/7.0/toolchain/avr8/avr8-gnu-toolchain/bin/../lib/gcc/avr/5.4.0/avr51\libgcc.a(_tablejump2.o)
 .text.libgcc.fixed
                0x00000000        0x0 c:/program files (x86)/atmel/studio/7.0/toolchain/avr8/avr8-gnu-toolchain/bin/../lib/gcc/avr/5.4.0/avr51\libgcc.a(_tablejump2.o)
 .text          0x00000000        0x0 c:/program files (x86)/atmel/studio/7.0/toolchain/avr8/avr8-gnu-toolchain/bin/../lib/gcc/avr/5.4.0/avr51\libgcc.a(_copy_data.o)
 .data          0x00000000        0x0 c:/program files (x86)/atmel/studio/7.0/toolchain/avr8/avr8-gnu-toolchain/bin/../lib/gcc/avr/5.4.0/avr51\libgcc.a(_copy_data.o)
 .bss           0x00000000        0x0 c:/program files (x86)/atmel/studio/7.0/toolchain/avr8/avr8-gnu-toolchain/bin/../lib/gcc/avr/5.4.0/avr51\libgcc.a(_copy_data.o)
 .text.libgcc.mul
                0x00000000        0x0 c:/program files (x86)/atmel/studio/7.0/toolchain/avr8/avr8-gnu-toolchain/bin/../lib/gcc/avr/5.4.0/avr51\libgcc.a(_copy_data.o)
 .text.libgcc.div
                0x00000000        0x0 c:/program files (x86)/atmel/studio/7.0/toolchain/avr8/avr8-gnu-toolchain/bin/../lib/gcc/avr/5.4.0/avr51\libgcc.a(_copy_data.o)
 .text.libgcc   0x00000000        0x0 c:/program files (x86)/atmel/studio/7.0/toolchain/avr8/avr8-gnu-toolchain/bin/../lib/gcc/avr/5.4.0/avr51\libgcc.a(_copy_data.o)
 .text.libgcc.prologue
                0x00000000        0x0 c:/program files (x86)/atmel/studio/7.0/toolchain/avr8/avr8-gnu-toolchain/bin/../lib/gcc/avr/5.4.0/avr51\libgcc.a(_copy_data.o)
 .text.libgcc.builtins
                0x00000000        0x0 c:/program files (x86)/atmel/studio/7.0/toolchain/avr8/avr8-gnu-toolchain/bin/../lib/gcc/avr/5.4.0/avr51\libgcc.a(_copy_data.o)
 .text.libgcc.fmul
                0x00000000        0x0 c:/program files (x86)/atmel/studio/7.0/toolchain/avr8/avr8-gnu-toolchain/bin/../lib/gcc/avr/5.4.0/avr51\libgcc.a(_copy_data.o)
 .text.libgcc.fixed
                0x00000000        0x0 c:/program files (x86)/atmel/studio/7.0/toolchain/avr8/avr8-gnu-toolchain/bin/../lib/gcc/avr/5.4.0/avr51\libgcc.a(_copy_data.o)
 .text          0x00000000        0x0 c:/program files (x86)/atmel/studio/7.0/toolchain/avr8/avr8-gnu-toolchain/bin/../lib/gcc/avr/5.4.0/avr51\libgcc.a(_clear_bss.o)
 .data          0x00000000        0x0 c:/program files (x86)/atmel/studio/7.0/toolchain/avr8/avr8-gnu-toolchain/bin/../lib/gcc/avr/5.4.0/avr51\libgcc.a(_clear_bss.o)
 .bss           0x00000000        0x0 c:/program files (x86)/atmel/studio/7.0/toolchain/avr8/avr8-gnu-toolchain/bin/../lib/gcc/avr/5.4.0/avr51\libgcc.a(_clear_bss.o)
 .text.libgcc.mul
                0x00000000        0x0 c:/program files (x86)/atmel/studio/7.0/toolchain/avr8/avr8-gnu-toolchain/bin/../lib/gcc/avr/5.4.0/avr51\libgcc.a(_clear_bss.o)
 .text.libgcc.div
                0x00000000        0x0 c:/program files (x86)/atmel/studio/7.0/toolchain/avr8/avr8-gnu-toolchain/bin/../lib/gcc/avr/5.4.0/avr51\libgcc.a(_clear_bss.o)
 .text.libgcc   0x00000000        0x0 c:/program files (x86)/atmel/studio/7.0/toolchain/avr8/avr8-gnu-toolchain/bin/../lib/gcc/avr/5.4.0/avr51\libgcc.a(_clear_bss.o)
 .text.libgcc.prologue
                0x00000000        0x0 c:/program files (x86)/atmel/studio/7.0/toolchain/avr8/avr8-gnu-toolchain/bin/../lib/gcc/avr/5.4.0/avr51\libgcc.a(_clear_bss.o)
 .text.libgcc.builtins
                0x00000000        0x0 c:/program files (x86)/atmel/studio/7.0/toolchain/avr8/avr8-gnu-toolchain/bin/../lib/gcc/avr/5.4.0/avr51\libgcc.a(_clear_bss.o)
 .text.libgcc.fmul
                0x00000000        0x0 c:/program files (x86)/atmel/studio/7.0/toolchain/avr8/avr8-gnu-toolchain/bin/../lib/gcc/avr/5.4.0/avr51\libgcc.a(_clear_bss.o)
 .text.libgcc.fixed
                0x00000000        0x0 c:/program files (x86)/atmel/studio/7.0/toolchain/avr8/avr8-gnu-toolchain/bin/../lib/gcc/avr/5.4.0/avr51\libgcc.a(_clear_bss.o)
 .text          0x00000000        0x0 c:/program files (x86)/atmel/studio/7.0/toolchain/avr8/avr8-gnu-toolchain/bin/../lib/gcc/avr/5.4.0/../../../../avr/lib/avr51\libc.a(malloc.o)
 .bss           0x00000000        0x0 c:/program files (x86)/atmel/studio/7.0/toolchain/avr8/avr8-gnu-toolchain/bin/../lib/gcc/avr/5.4.0/../../../../avr/lib/avr51\libc.a(malloc.o)
 .text          0x00000000        0x0 c:/program files (x86)/atmel/studio/7.0/toolchain/avr8/avr8-gnu-toolchain/bin/../lib/gcc/avr/5.4.0/../../../../avr/lib/avr51\libc.a(memcpy.o)
 .data          0x00000000        0x0 c:/program files (x86)/atmel/studio/7.0/toolchain/avr8/avr8-gnu-toolchain/bin/../lib/gcc/avr/5.4.0/../../../../avr/lib/avr51\libc.a(memcpy.o)
 .bss           0x00000000        0x0 c:/program files (x86)/atmel/studio/7.0/toolchain/avr8/avr8-gnu-toolchain/bin/../lib/gcc/avr/5.4.0/../../../../avr/lib/avr51\libc.a(memcpy.o)
 .text.avr-libc
                0x00000000       0x12 c:/program files (x86)/atmel/studio/7.0/toolchain/avr8/avr8-gnu-toolchain/bin/../lib/gcc/avr/5.4.0/../../../../avr/lib/avr51\libc.a(memcpy.o)
 .text          0x00000000        0x0 c:/program files (x86)/atmel/studio/7.0/toolchain/avr8/avr8-gnu-toolchain/bin/../lib/gcc/avr/5.4.0/../../../../avr/lib/avr51\libc.a(memset.o)
 .data          0x00000000        0x0 c:/program files (x86)/atmel/studio/7.0/toolchain/avr8/avr8-gnu-toolchain/bin/../lib/gcc/avr/5.4.0/../../../../avr/lib/avr51\libc.a(memset.o)
 .bss           0x00000000        0x0 c:/program files (x86)/atmel/studio/7.0/toolchain/avr8/avr8-gnu-toolchain/bin/../lib/gcc/avr/5.4.0/../../../../avr/lib/avr51\libc.a(memset.o)
 .text          0x00000000        0x0 c:/program files (x86)/atmel/studio/7.0/toolchain/avr8/avr8-gnu-toolchain/bin/../lib/gcc/avr/5.4.0/../../../../avr/lib/avr51\libc.a(strncpy.o)
 .data          0x00000000        0x0 c:/program files (x86)/atmel/studio/7.0/toolchain/avr8/avr8-gnu-toolchain/bin/../lib/gcc/avr/5.4.0/../../../../avr/lib/avr51\libc.a(strncpy.o)
 .bss           0x00000000        0x0 c:/program files (x86)/atmel/studio/7.0/toolchain/avr8/avr8-gnu-toolchain/bin/../lib/gcc/avr/5.4.0/../../../../avr/lib/avr51\libc.a(strncpy.o)
 .text          0x00000000        0x0 c:/program files (x86)/atmel/studio/7.0/toolchain/avr8/avr8-gnu-toolchain/bin/../lib/gcc/avr/5.4.0/../../../../avr/lib/avr51\libc.a(strstr.o)
 .data          0x00000000        0x0 c:/program files (x86)/atmel/studio/7.0/toolchain/avr8/avr8-gnu-toolchain/bin/../lib/gcc/avr/5.4.0/../../../../avr/lib/avr51\libc.a(strstr.o)
 .bss           0x00000000        0x0 c:/program files (x86)/atmel/studio/7.0/toolchain/avr8/avr8-gnu-toolchain/bin/../lib/gcc/avr/5.4.0/../../../../avr/lib/avr51\libc.a(strstr.o)

Memory Configuration

Name             Origin             Length             Attributes
text             0x00000000         0x00020000         xr
data             0x00800100         0x00001000         rw !x
eeprom           0x00810000         0x00001000         rw !x
fuse             0x00820000         0x00000003         rw !x
lock             0x00830000         0x00000400         rw !x
signature        0x00840000         0x00000400         rw !x
user_signatures  0x00850000         0x00000400         rw !x
*default*        0x00000000         0xffffffff

Linker script and memory map

Address of section .data set to 0x800100
LOAD C:/Program Files (x86)/Atmel/Studio/7.0/Packs/atmel/ATmega_DFP/1.7.374/gcc/dev/atmega128a/avr51/crtatmega128a.o
LOAD HAL/ADXL345/ADXL345.o
LOAD HAL/ESP01/ESP01.o
LOAD HAL/GPS/GPS.o
LOAD HAL/LCD/LCD.o
LOAD HAL/LCD/LCD_Config.o
LOAD HAL/MFRC/mfrc522.o
LOAD LIB/String_Find.o
LOAD main.o
LOAD MCAL/DIO/DIO.o
LOAD MCAL/DIO/DIO_Cfg.o
LOAD MCAL/EXTI/EXTI.o
LOAD MCAL/GIE/GIE.o
LOAD MCAL/SPI/SPI.o
LOAD MCAL/SPI/SPI_Cfg.o
LOAD MCAL/TWI/TWI.o
LOAD MCAL/UART/UART.o
LOAD MCAL/UART/UART_Cfg.o
LOAD Service/croutine.o
LOAD Service/event_groups.o
LOAD Service/list.o
LOAD Service/portable/GCC/ATMega323/port.o
LOAD Service/portable/MemMang/heap_3.o
LOAD Service/queue.o
LOAD Service/service.o
LOAD Service/stream_buffer.o
LOAD Service/tasks.o
LOAD Service/timers.o
START GROUP
LOAD c:/program files (x86)/atmel/studio/7.0/toolchain/avr8/avr8-gnu-toolchain/bin/../lib/gcc/avr/5.4.0/../../../../avr/lib/avr51\libm.a
END GROUP
START GROUP
LOAD c:/program files (x86)/atmel/studio/7.0/toolchain/avr8/avr8-gnu-toolchain/bin/../lib/gcc/avr/5.4.0/avr51\libgcc.a
LOAD c:/program files (x86)/atmel/studio/7.0/toolchain/avr8/avr8-gnu-toolchain/bin/../lib/gcc/avr/5.4.0/../../../../avr/lib/avr51\libm.a
LOAD c:/program files (x86)/atmel/studio/7.0/toolchain/avr8/avr8-gnu-toolchain/bin/../lib/gcc/avr/5.4.0/../../../../avr/lib/avr51\libc.a
LOAD C:/Program Files (x86)/Atmel/Studio/7.0/Packs/atmel/ATmega_DFP/1.7.374/gcc/dev/atmega128a/avr51\libatmega128a.a
END GROUP
                [0x00000000]                __TEXT_REGION_ORIGIN__ = DEFINED (__TEXT_REGION_ORIGIN__)?__TEXT_REGION_ORIGIN__:0x0
                [0x00800100]                __DATA_REGION_ORIGIN__ = DEFINED (__DATA_REGION_ORIGIN__)?__DATA_REGION_ORIGIN__:0x800100
                [0x00020000]                __TEXT_REGION_LENGTH__ = DEFINED (__TEXT_REGION_LENGTH__)?__TEXT_REGION_LENGTH__:0x20000
                [0x00001000]                __DATA_REGION_LENGTH__ = DEFINED (__DATA_REGION_LENGTH__)?__DATA_REGION_LENGTH__:0xff00
                [0x00001000]                __EEPROM_REGION_LENGTH__ = DEFINED (__EEPROM_REGION_LENGTH__)?__EEPROM_REGION_LENGTH__:0x10000
                [0x00000003]                __FUSE_REGION_LENGTH__ = DEFINED (__FUSE_REGION_LENGTH__)?__FUSE_REGION_LENGTH__:0x400
                0x00000400                __LOCK_REGION_LENGTH__ = DEFINED (__LOCK_REGION_LENGTH__)?__LOCK_REGION_LENGTH__:0x400
                0x00000400                __SIGNATURE_REGION_LENGTH__ = DEFINED (__SIGNATURE_REGION_LENGTH__)?__SIGNATURE_REGION_LENGTH__:0x400
                0x00000400                __USER_SIGNATURE_REGION_LENGTH__ = DEFINED (__USER_SIGNATURE_REGION_LENGTH__)?__USER_SIGNATURE_REGION_LENGTH__:0x400

.hash
 *(.hash)

.dynsym
 *(.dynsym)

.dynstr
 *(.dynstr)

.gnu.version
 *(.gnu.version)

.gnu.version_d
 *(.gnu.version_d)

.gnu.version_r
 *(.gnu.version_r)

.rel.init
 *(.rel.init)

.rela.init
 *(.rela.init)

.rel.text
 *(.rel.text)
 *(.rel.text.*)
 *(.rel.gnu.linkonce.t*)

.rela.text
 *(.rela.text)
 *(.rela.text.*)
 *(.rela.gnu.linkonce.t*)

.rel.fini
 *(.rel.fini)

.rela.fini
 *(.rela.fini)

.rel.rodata
 *(.rel.rodata)
 *(.rel.rodata.*)
 *(.rel.gnu.linkonce.r*)

.rela.rodata
 *(.rela.rodata)
 *(.rela.rodata.*)
 *(.rela.gnu.linkonce.r*)

.rel.data
 *(.rel.data)
 *(.rel.data.*)
 *(.rel.gnu.linkonce.d*)

.rela.data
 *(.rela.data)
 *(.rela.data.*)
 *(.rela.gnu.linkonce.d*)

.rel.ctors
 *(.rel.ctors)

.rela.ctors
 *(.rela.ctors)

.rel.dtors
 *(.rel.dtors)

.rela.dtors
 *(.rela.dtors)

.rel.got
 *(.rel.got)

.rela.got
 *(.rela.got)

.rel.bss
 *(.rel.bss)

.rela.bss
 *(.rela.bss)

.rel.plt
 *(.rel.plt)

.rela.plt
 *(.rela.plt)

.text           0x00000000     0x28ca
 *(.vectors)
 .vectors       0x00000000       0x8c C:/Program Files (x86)/Atmel/Studio/7.0/Packs/atmel/ATmega_DFP/1.7.374/gcc/dev/atmega128a/avr51/crtatmega128a.o
                0x00000000                __vector_default
                0x00000000                __vectors
 *(.vectors)
 *(.progmem.gcc*)
 .progmem.gcc_sw_table.DIO_WriteChannel
                0x0000008c       0x1c MCAL/DIO/DIO.o
 .progmem.gcc_sw_table.DIO_ConfigChannel
                0x000000a8       0x1c MCAL/DIO/DIO.o
 .progmem.gcc_sw_table.DIO_ConfigPullUp
                0x000000c4       0x1c MCAL/DIO/DIO.o
 .progmem.gcc_sw_table.DIO_WritePort
                0x000000e0        0xe MCAL/DIO/DIO.o
 .progmem.gcc_sw_table.DIO_ConfigPort
                0x000000ee        0xe MCAL/DIO/DIO.o
 .progmem.gcc_sw_table.DIO_WriteHighNibble
                0x000000fc        0xe MCAL/DIO/DIO.o
                0x0000010a                . = ALIGN (0x2)
                0x0000010a                __trampolines_start = .
 *(.trampolines)
 .trampolines   0x0000010a        0x0 linker stubs
 *(.trampolines*)
                0x0000010a                __trampolines_end = .
 *libprintf_flt.a:*(.progmem.data)
 *libc.a:*(.progmem.data)
 *(.progmem*)
                0x0000010a                . = ALIGN (0x2)
 *(.jumptables)
 *(.jumptables*)
 *(.lowtext)
 *(.lowtext*)
                0x0000010a                __ctors_start = .
 *(.ctors)
                0x0000010a                __ctors_end = .
                0x0000010a                __dtors_start = .
 *(.dtors)
                0x0000010a                __dtors_end = .
 SORT(*)(.ctors)
 SORT(*)(.dtors)
 *(.init0)
 .init0         0x0000010a        0x0 C:/Program Files (x86)/Atmel/Studio/7.0/Packs/atmel/ATmega_DFP/1.7.374/gcc/dev/atmega128a/avr51/crtatmega128a.o
                0x0000010a                __init
 *(.init0)
 *(.init1)
 *(.init1)
 *(.init2)
 .init2         0x0000010a        0xc C:/Program Files (x86)/Atmel/Studio/7.0/Packs/atmel/ATmega_DFP/1.7.374/gcc/dev/atmega128a/avr51/crtatmega128a.o
 *(.init2)
 *(.init3)
 *(.init3)
 *(.init4)
 .init4         0x00000116       0x1a c:/program files (x86)/atmel/studio/7.0/toolchain/avr8/avr8-gnu-toolchain/bin/../lib/gcc/avr/5.4.0/avr51\libgcc.a(_copy_data.o)
                0x00000116                __do_copy_data
 .init4         0x00000130       0x10 c:/program files (x86)/atmel/studio/7.0/toolchain/avr8/avr8-gnu-toolchain/bin/../lib/gcc/avr/5.4.0/avr51\libgcc.a(_clear_bss.o)
                0x00000130                __do_clear_bss
 *(.init4)
 *(.init5)
 *(.init5)
 *(.init6)
 *(.init6)
 *(.init7)
 *(.init7)
 *(.init8)
 *(.init8)
 *(.init9)
 .init9         0x00000140        0x6 C:/Program Files (x86)/Atmel/Studio/7.0/Packs/atmel/ATmega_DFP/1.7.374/gcc/dev/atmega128a/avr51/crtatmega128a.o
 *(.init9)
 *(.text)
 .text          0x00000146        0x2 C:/Program Files (x86)/Atmel/Studio/7.0/Packs/atmel/ATmega_DFP/1.7.374/gcc/dev/atmega128a/avr51/crtatmega128a.o
                0x00000146                __vector_22
                0x00000146                __vector_28
                0x00000146                __vector_32
                0x00000146                __vector_34
                0x00000146                __vector_24
                0x00000146                __bad_interrupt
                0x00000146                __vector_31
                0x00000146                __vector_23
                0x00000146                __vector_25
                0x00000146                __vector_11
                0x00000146                __vector_13
                0x00000146                __vector_17
                0x00000146                __vector_19
                0x00000146                __vector_27
                0x00000146                __vector_33
                0x00000146                __vector_9
                0x00000146                __vector_21
                0x00000146                __vector_15
                0x00000146                __vector_29
                0x00000146                __vector_26
                0x00000146                __vector_14
                0x00000146                __vector_10
                0x00000146                __vector_16
                0x00000146                __vector_18
                0x00000146                __vector_20
                0x00000148                . = ALIGN (0x2)
 *(.text.*)
 .text.ESP01_Init
                0x00000148       0x1c HAL/ESP01/ESP01.o
                0x00000148                ESP01_Init
 .text.ESP01_ResetBuffer
                0x00000164       0x18 HAL/ESP01/ESP01.o
                0x00000164                ESP01_ResetBuffer
 .text.ESP01_CheckConnection
                0x0000017c       0x30 HAL/ESP01/ESP01.o
                0x0000017c                ESP01_CheckConnection
 .text.GPS_Init
                0x000001ac       0x1e HAL/GPS/GPS.o
                0x000001ac                GPS_Init
 .text.getGPSLocation
                0x000001ca       0x24 HAL/GPS/GPS.o
                0x000001ca                getGPSLocation
 .text.GPS_Buffer_Reset
                0x000001ee       0x18 HAL/GPS/GPS.o
                0x000001ee                GPS_Buffer_Reset
 .text.Enable   0x00000206       0x26 HAL/LCD/LCD.o
                0x00000206                Enable
 .text.LCD_SendCmd
                0x0000022c       0x56 HAL/LCD/LCD.o
                0x0000022c                LCD_SendCmd
 .text.LCD_Init
                0x00000282       0xde HAL/LCD/LCD.o
                0x00000282                LCD_Init
 .text.mfrc522_write
                0x00000360       0x2a HAL/MFRC/mfrc522.o
                0x00000360                mfrc522_write
 .text.mfrc522_read
                0x0000038a       0x2a HAL/MFRC/mfrc522.o
                0x0000038a                mfrc522_read
 .text.mfrc522_reset
                0x000003b4        0x8 HAL/MFRC/mfrc522.o
                0x000003b4                mfrc522_reset
 .text.mfrc522_init
                0x000003bc       0x40 HAL/MFRC/mfrc522.o
                0x000003bc                mfrc522_init
 .text.mfrc522_to_card
                0x000003fc      0x1de HAL/MFRC/mfrc522.o
                0x000003fc                mfrc522_to_card
 .text.mfrc522_request
                0x000005da       0x66 HAL/MFRC/mfrc522.o
                0x000005da                mfrc522_request
 .text.mfrc522_get_card_serial
                0x00000640       0x74 HAL/MFRC/mfrc522.o
                0x00000640                mfrc522_get_card_serial
 .text.find_string
                0x000006b4       0x84 LIB/String_Find.o
                0x000006b4                find_string
 .text.find_get_string
                0x00000738       0x4e LIB/String_Find.o
                0x00000738                find_get_string
 .text.main     0x00000786        0x6 main.o
                0x00000786                main
 .text.DIO_WriteChannel
                0x0000078c      0x1cc MCAL/DIO/DIO.o
                0x0000078c                DIO_WriteChannel
 .text.DIO_ConfigChannel
                0x00000958      0x1cc MCAL/DIO/DIO.o
                0x00000958                DIO_ConfigChannel
 .text.DIO_ConfigPullUp
                0x00000b24      0x1cc MCAL/DIO/DIO.o
                0x00000b24                DIO_ConfigPullUp
 .text.DIO_WritePort
                0x00000cf0       0x32 MCAL/DIO/DIO.o
                0x00000cf0                DIO_WritePort
 .text.DIO_ConfigPort
                0x00000d22       0x32 MCAL/DIO/DIO.o
                0x00000d22                DIO_ConfigPort
 .text.DIO_WriteHighNibble
                0x00000d54       0x7e MCAL/DIO/DIO.o
                0x00000d54                DIO_WriteHighNibble
 .text.__vector_1
                0x00000dd2       0x56 MCAL/EXTI/EXTI.o
                0x00000dd2                __vector_1
 .text.__vector_2
                0x00000e28       0x56 MCAL/EXTI/EXTI.o
                0x00000e28                __vector_2
 .text.__vector_3
                0x00000e7e       0x56 MCAL/EXTI/EXTI.o
                0x00000e7e                __vector_3
 .text.__vector_4
                0x00000ed4       0x56 MCAL/EXTI/EXTI.o
                0x00000ed4                __vector_4
 .text.__vector_5
                0x00000f2a       0x56 MCAL/EXTI/EXTI.o
                0x00000f2a                __vector_5
 .text.__vector_6
                0x00000f80       0x56 MCAL/EXTI/EXTI.o
                0x00000f80                __vector_6
 .text.__vector_7
                0x00000fd6       0x56 MCAL/EXTI/EXTI.o
                0x00000fd6                __vector_7
 .text.__vector_8
                0x0000102c       0x56 MCAL/EXTI/EXTI.o
                0x0000102c                __vector_8
 .text.GIE_Enable
                0x00001082        0x8 MCAL/GIE/GIE.o
                0x00001082                GIE_Enable
 .text.SPI_Init
                0x0000108a      0x11a MCAL/SPI/SPI.o
                0x0000108a                SPI_Init
 .text.SPI_Master_TransmitChar
                0x000011a4        0xa MCAL/SPI/SPI.o
                0x000011a4                SPI_Master_TransmitChar
 .text.SPI_Cannel_State
                0x000011ae       0x2a MCAL/SPI/SPI.o
                0x000011ae                SPI_Cannel_State
 .text.UART0_Init
                0x000011d8      0x162 MCAL/UART/UART.o
                0x000011d8                UART0_Init
 .text.UART1_Init
                0x0000133a      0x174 MCAL/UART/UART.o
                0x0000133a                UART1_Init
 .text.UART0_Transmit
                0x000014ae        0x8 MCAL/UART/UART.o
                0x000014ae                UART0_Transmit
 .text.UART0_Receive
                0x000014b6        0x8 MCAL/UART/UART.o
                0x000014b6                UART0_Receive
 .text.vListInitialise
                0x000014be       0x1c Service/list.o
                0x000014be                vListInitialise
 .text.vListInitialiseItem
                0x000014da        0x8 Service/list.o
                0x000014da                vListInitialiseItem
 .text.vListInsertEnd
                0x000014e2       0x42 Service/list.o
                0x000014e2                vListInsertEnd
 .text.vListInsert
                0x00001524       0x62 Service/list.o
                0x00001524                vListInsert
 .text.uxListRemove
                0x00001586       0x4e Service/list.o
                0x00001586                uxListRemove
 .text.prvSetupTimerInterrupt
                0x000015d4       0x12 Service/portable/GCC/ATMega323/port.o
 .text.pxPortInitialiseStack
                0x000015e6       0xd8 Service/portable/GCC/ATMega323/port.o
                0x000015e6                pxPortInitialiseStack
 .text.xPortStartScheduler
                0x000016be       0x5c Service/portable/GCC/ATMega323/port.o
                0x000016be                xPortStartScheduler
 .text.vPortYield
                0x0000171a       0xb0 Service/portable/GCC/ATMega323/port.o
                0x0000171a                vPortYield
 .text.vPortYieldFromTick
                0x000017ca       0xb4 Service/portable/GCC/ATMega323/port.o
                0x000017ca                vPortYieldFromTick
 .text.__vector_12
                0x0000187e        0x4 Service/portable/GCC/ATMega323/port.o
                0x0000187e                __vector_12
 .text.pvPortMalloc
                0x00001882       0x18 Service/portable/MemMang/heap_3.o
                0x00001882                pvPortMalloc
 .text.vPortFree
                0x0000189a       0x18 Service/portable/MemMang/heap_3.o
                0x0000189a                vPortFree
 .text.prvIsQueueEmpty
                0x000018b2       0x1a Service/queue.o
 .text.prvUnlockQueue
                0x000018cc       0x60 Service/queue.o
 .text.xQueueGenericReset
                0x0000192c       0x84 Service/queue.o
                0x0000192c                xQueueGenericReset
 .text.prvInitialiseNewQueue
                0x000019b0       0x24 Service/queue.o
 .text.xQueueGenericCreate
                0x000019d4       0x50 Service/queue.o
                0x000019d4                xQueueGenericCreate
 .text.xQueueCreateCountingSemaphore
                0x00001a24       0x16 Service/queue.o
                0x00001a24                xQueueCreateCountingSemaphore
 .text.xQueueGiveFromISR
                0x00001a3a       0x50 Service/queue.o
                0x00001a3a                xQueueGiveFromISR
 .text.xQueueSemaphoreTake
                0x00001a8a       0xe8 Service/queue.o
                0x00001a8a                xQueueSemaphoreTake
 .text.ESP01_CheckConnectionTask
                0x00001b72       0x18 Service/service.o
                0x00001b72                ESP01_CheckConnectionTask
 .text.GPS_GetLocationTask
                0x00001b8a       0x80 Service/service.o
                0x00001b8a                GPS_GetLocationTask
 .text.RFID_TakeAttendance
                0x00001c0a       0x7c Service/service.o
                0x00001c0a                RFID_TakeAttendance
 .text.System_Init
                0x00001c86       0x24 Service/service.o
                0x00001c86                System_Init
 .text.startScheduler
                0x00001caa       0x60 Service/service.o
                0x00001caa                startScheduler
 .text.__vector_30
                0x00001d0a       0x7e Service/service.o
                0x00001d0a                __vector_30
 .text.prvResetNextTaskUnblockTime
                0x00001d88       0x3e Service/tasks.o
 .text.prvDeleteTCB
                0x00001dc6       0x16 Service/tasks.o
 .text.prvInitialiseNewTask
                0x00001ddc       0xdc Service/tasks.o
 .text.prvInitialiseTaskLists
                0x00001eb8       0x5c Service/tasks.o
 .text.prvAddNewTaskToReadyList
                0x00001f14       0xb2 Service/tasks.o
 .text.prvCheckTasksWaitingTermination
                0x00001fc6       0x48 Service/tasks.o
 .text.prvIdleTask
                0x0000200e        0xe Service/tasks.o
 .text.prvAddCurrentTaskToDelayedList
                0x0000201c       0x82 Service/tasks.o
 .text.xTaskCreate
                0x0000209e       0x9e Service/tasks.o
                0x0000209e                xTaskCreate
 .text.vTaskStartScheduler
                0x0000213c       0x50 Service/tasks.o
                0x0000213c                vTaskStartScheduler
 .text.vTaskSuspendAll
                0x0000218c        0xc Service/tasks.o
                0x0000218c                vTaskSuspendAll
 .text.xTaskIncrementTick
                0x00002198      0x16c Service/tasks.o
                0x00002198                xTaskIncrementTick
 .text.xTaskResumeAll
                0x00002304       0xd8 Service/tasks.o
                0x00002304                xTaskResumeAll
 .text.vTaskDelay
                0x000023dc       0x24 Service/tasks.o
                0x000023dc                vTaskDelay
 .text.vTaskSwitchContext
                0x00002400       0xa8 Service/tasks.o
                0x00002400                vTaskSwitchContext
 .text.vTaskPlaceOnEventList
                0x000024a8       0x20 Service/tasks.o
                0x000024a8                vTaskPlaceOnEventList
 .text.xTaskRemoveFromEventList
                0x000024c8       0x8c Service/tasks.o
                0x000024c8                xTaskRemoveFromEventList
 .text.vTaskInternalSetTimeOutState
                0x00002554       0x16 Service/tasks.o
                0x00002554                vTaskInternalSetTimeOutState
 .text.xTaskCheckForTimeOut
                0x0000256a       0x5c Service/tasks.o
                0x0000256a                xTaskCheckForTimeOut
 .text.vTaskMissedYield
                0x000025c6        0x8 Service/tasks.o
                0x000025c6                vTaskMissedYield
 .text.libgcc.div
                0x000025ce       0x44 c:/program files (x86)/atmel/studio/7.0/toolchain/avr8/avr8-gnu-toolchain/bin/../lib/gcc/avr/5.4.0/avr51\libgcc.a(_udivmodsi4.o)
                0x000025ce                __udivmodsi4
 .text.libgcc   0x00002612       0x12 c:/program files (x86)/atmel/studio/7.0/toolchain/avr8/avr8-gnu-toolchain/bin/../lib/gcc/avr/5.4.0/avr51\libgcc.a(_tablejump2.o)
                0x00002612                __tablejump2__
 .text.avr-libc
                0x00002624      0x242 c:/program files (x86)/atmel/studio/7.0/toolchain/avr8/avr8-gnu-toolchain/bin/../lib/gcc/avr/5.4.0/../../../../avr/lib/avr51\libc.a(malloc.o)
                0x00002624                malloc
                0x00002754                free
 .text.avr-libc
                0x00002866        0xe c:/program files (x86)/atmel/studio/7.0/toolchain/avr8/avr8-gnu-toolchain/bin/../lib/gcc/avr/5.4.0/../../../../avr/lib/avr51\libc.a(memset.o)
                0x00002866                memset
 .text.avr-libc
                0x00002874       0x1e c:/program files (x86)/atmel/studio/7.0/toolchain/avr8/avr8-gnu-toolchain/bin/../lib/gcc/avr/5.4.0/../../../../avr/lib/avr51\libc.a(strncpy.o)
                0x00002874                strncpy
 .text.avr-libc
                0x00002892       0x34 c:/program files (x86)/atmel/studio/7.0/toolchain/avr8/avr8-gnu-toolchain/bin/../lib/gcc/avr/5.4.0/../../../../avr/lib/avr51\libc.a(strstr.o)
                0x00002892                strstr
                0x000028c6                . = ALIGN (0x2)
 *(.fini9)
 .fini9         0x000028c6        0x0 c:/program files (x86)/atmel/studio/7.0/toolchain/avr8/avr8-gnu-toolchain/bin/../lib/gcc/avr/5.4.0/avr51\libgcc.a(_exit.o)
                0x000028c6                _exit
                0x000028c6                exit
 *(.fini9)
 *(.fini8)
 *(.fini8)
 *(.fini7)
 *(.fini7)
 *(.fini6)
 *(.fini6)
 *(.fini5)
 *(.fini5)
 *(.fini4)
 *(.fini4)
 *(.fini3)
 *(.fini3)
 *(.fini2)
 *(.fini2)
 *(.fini1)
 *(.fini1)
 *(.fini0)
 .fini0         0x000028c6        0x4 c:/program files (x86)/atmel/studio/7.0/toolchain/avr8/avr8-gnu-toolchain/bin/../lib/gcc/avr/5.4.0/avr51\libgcc.a(_exit.o)
 *(.fini0)
                0x000028ca                _etext = .

.data           0x00800100       0x72 load address 0x000028ca
                0x00800100                PROVIDE (__data_start, .)
 *(.data)
 .data          0x00800100        0x6 c:/program files (x86)/atmel/studio/7.0/toolchain/avr8/avr8-gnu-toolchain/bin/../lib/gcc/avr/5.4.0/../../../../avr/lib/avr51\libc.a(malloc.o)
                0x00800100                __malloc_heap_end
                0x00800102                __malloc_heap_start
                0x00800104                __malloc_margin
 *(.data*)
 .data.LCD_CFG  0x00800106        0x3 HAL/LCD/LCD_Config.o
                0x00800106                LCD_CFG
 .data.SPI_CFG  0x00800109        0x7 MCAL/SPI/SPI_Cfg.o
                0x00800109                SPI_CFG
 .data.UART1_Cfg
                0x00800110        0xd MCAL/UART/UART_Cfg.o
                0x00800110                UART1_Cfg
 .data.UART0_Cfg
                0x0080011d        0xd MCAL/UART/UART_Cfg.o
                0x0080011d                UART0_Cfg
 *(.gnu.linkonce.d*)
 *(.rodata)
 *(.rodata*)
 .rodata.str1.1
                0x0080012a        0x9 HAL/ESP01/ESP01.o
 .rodata.str1.1
                0x00800133       0x3a Service/service.o
                                 0x3c (size before relaxing)
 .rodata.str1.1
                0x0080016d        0x5 Service/tasks.o
 *(.gnu.linkonce.r*)
                0x00800172                . = ALIGN (0x2)
                0x00800172                _edata = .
                0x00800172                PROVIDE (__data_end, .)

.bss            0x00800172      0x307
                0x00800172                PROVIDE (__bss_start, .)
 *(.bss)
 *(.bss*)
 .bss.EXT_INTERRUPT7_FUNCTION_PTR
                0x00800172        0x2 MCAL/EXTI/EXTI.o
                0x00800172                EXT_INTERRUPT7_FUNCTION_PTR
 .bss.EXT_INTERRUPT6_FUNCTION_PTR
                0x00800174        0x2 MCAL/EXTI/EXTI.o
                0x00800174                EXT_INTERRUPT6_FUNCTION_PTR
 .bss.EXT_INTERRUPT5_FUNCTION_PTR
                0x00800176        0x2 MCAL/EXTI/EXTI.o
                0x00800176                EXT_INTERRUPT5_FUNCTION_PTR
 .bss.EXT_INTERRUPT4_FUNCTION_PTR
                0x00800178        0x2 MCAL/EXTI/EXTI.o
                0x00800178                EXT_INTERRUPT4_FUNCTION_PTR
 .bss.EXT_INTERRUPT3_FUNCTION_PTR
                0x0080017a        0x2 MCAL/EXTI/EXTI.o
                0x0080017a                EXT_INTERRUPT3_FUNCTION_PTR
 .bss.EXT_INTERRUPT2_FUNCTION_PTR
                0x0080017c        0x2 MCAL/EXTI/EXTI.o
                0x0080017c                EXT_INTERRUPT2_FUNCTION_PTR
 .bss.EXT_INTERRUPT1_FUNCTION_PTR
                0x0080017e        0x2 MCAL/EXTI/EXTI.o
                0x0080017e                EXT_INTERRUPT1_FUNCTION_PTR
 .bss.EXT_INTERRUPT0_FUNCTION_PTR
                0x00800180        0x2 MCAL/EXTI/EXTI.o
                0x00800180                EXT_INTERRUPT0_FUNCTION_PTR
 .bss.uxSchedulerSuspended
                0x00800182        0x1 Service/tasks.o
 .bss.xIdleTaskHandle
                0x00800183        0x2 Service/tasks.o
 .bss.xNextTaskUnblockTime
                0x00800185        0x2 Service/tasks.o
 .bss.uxTaskNumber
                0x00800187        0x1 Service/tasks.o
 .bss.xNumOfOverflows
                0x00800188        0x1 Service/tasks.o
 .bss.xYieldPending
                0x00800189        0x1 Service/tasks.o
 .bss.uxPendedTicks
                0x0080018a        0x1 Service/tasks.o
 .bss.xSchedulerRunning
                0x0080018b        0x1 Service/tasks.o
 .bss.uxTopReadyPriority
                0x0080018c        0x1 Service/tasks.o
 .bss.xTickCount
                0x0080018d        0x2 Service/tasks.o
 .bss.uxCurrentNumberOfTasks
                0x0080018f        0x1 Service/tasks.o
 .bss.uxDeletedTasksWaitingCleanUp
                0x00800190        0x1 Service/tasks.o
 .bss.xTasksWaitingTermination
                0x00800191        0x9 Service/tasks.o
 .bss.xPendingReadyList
                0x0080019a        0x9 Service/tasks.o
 .bss.pxOverflowDelayedTaskList
                0x008001a3        0x2 Service/tasks.o
 .bss.pxDelayedTaskList
                0x008001a5        0x2 Service/tasks.o
 .bss.xDelayedTaskList2
                0x008001a7        0x9 Service/tasks.o
 .bss.xDelayedTaskList1
                0x008001b0        0x9 Service/tasks.o
 .bss.pxReadyTasksLists
                0x008001b9       0x5a Service/tasks.o
 .bss.pxCurrentTCB
                0x00800213        0x2 Service/tasks.o
                0x00800213                pxCurrentTCB
 *(COMMON)
 COMMON         0x00800215       0x67 HAL/ESP01/ESP01.o
                0x00800215                esp_buff
                0x00800279                temp
                0x0080027a                esp_buff_len
                0x0080027b                result
 COMMON         0x0080027c      0x1f5 HAL/GPS/GPS.o
                0x0080027c                gps_buff
                0x00800470                gps_buff_len
 COMMON         0x00800471        0x4 main.o
                0x00800471                CHECK_CONNECTION
                0x00800473                ESP_SEM
 COMMON         0x00800475        0x4 c:/program files (x86)/atmel/studio/7.0/toolchain/avr8/avr8-gnu-toolchain/bin/../lib/gcc/avr/5.4.0/../../../../avr/lib/avr51\libc.a(malloc.o)
                0x00800475                __brkval
                0x00800477                __flp
                0x00800479                PROVIDE (__bss_end, .)
                0x000028ca                __data_load_start = LOADADDR (.data)
                0x0000293c                __data_load_end = (__data_load_start + SIZEOF (.data))

.noinit         0x00800479        0x0
                [!provide]                PROVIDE (__noinit_start, .)
 *(.noinit*)
                [!provide]                PROVIDE (__noinit_end, .)
                0x00800479                _end = .
                0x00800479                PROVIDE (__heap_start, .)

.eeprom         0x00810000        0x0
 *(.eeprom*)
                0x00810000                __eeprom_end = .

.fuse
 *(.fuse)
 *(.lfuse)
 *(.hfuse)
 *(.efuse)

.lock
 *(.lock*)

.signature
 *(.signature*)

.user_signatures
 *(.user_signatures*)

.stab
 *(.stab)

.stabstr
 *(.stabstr)

.stab.excl
 *(.stab.excl)

.stab.exclstr
 *(.stab.exclstr)

.stab.index
 *(.stab.index)

.stab.indexstr
 *(.stab.indexstr)

.comment        0x00000000       0x30
 *(.comment)
 .comment       0x00000000       0x30 HAL/ESP01/ESP01.o
                                 0x31 (size before relaxing)
 .comment       0x00000030       0x31 HAL/GPS/GPS.o
 .comment       0x00000030       0x31 HAL/LCD/LCD.o
 .comment       0x00000030       0x31 HAL/LCD/LCD_Config.o
 .comment       0x00000030       0x31 HAL/MFRC/mfrc522.o
 .comment       0x00000030       0x31 LIB/String_Find.o
 .comment       0x00000030       0x31 main.o
 .comment       0x00000030       0x31 MCAL/DIO/DIO.o
 .comment       0x00000030       0x31 MCAL/EXTI/EXTI.o
 .comment       0x00000030       0x31 MCAL/GIE/GIE.o
 .comment       0x00000030       0x31 MCAL/SPI/SPI.o
 .comment       0x00000030       0x31 MCAL/SPI/SPI_Cfg.o
 .comment       0x00000030       0x31 MCAL/UART/UART.o
 .comment       0x00000030       0x31 MCAL/UART/UART_Cfg.o
 .comment       0x00000030       0x31 Service/list.o
 .comment       0x00000030       0x31 Service/portable/GCC/ATMega323/port.o
 .comment       0x00000030       0x31 Service/portable/MemMang/heap_3.o
 .comment       0x00000030       0x31 Service/queue.o
 .comment       0x00000030       0x31 Service/service.o
 .comment       0x00000030       0x31 Service/tasks.o
 .comment       0x00000030       0x31 c:/program files (x86)/atmel/studio/7.0/toolchain/avr8/avr8-gnu-toolchain/bin/../lib/gcc/avr/5.4.0/../../../../avr/lib/avr51\libc.a(malloc.o)

.note.gnu.avr.deviceinfo
                0x00000000       0x40
 .note.gnu.avr.deviceinfo
                0x00000000       0x40 C:/Program Files (x86)/Atmel/Studio/7.0/Packs/atmel/ATmega_DFP/1.7.374/gcc/dev/atmega128a/avr51/crtatmega128a.o

.note.gnu.build-id
 *(.note.gnu.build-id)

.debug
 *(.debug)

.line
 *(.line)

.debug_srcinfo
 *(.debug_srcinfo)

.debug_sfnames
 *(.debug_sfnames)

.debug_aranges  0x00000000      0x648
 *(.debug_aranges)
 .debug_aranges
                0x00000000       0x30 HAL/ESP01/ESP01.o
 .debug_aranges
                0x00000030       0x30 HAL/GPS/GPS.o
 .debug_aranges
                0x00000060       0x50 HAL/LCD/LCD.o
 .debug_aranges
                0x000000b0       0x18 HAL/LCD/LCD_Config.o
 .debug_aranges
                0x000000c8       0x50 HAL/MFRC/mfrc522.o
 .debug_aranges
                0x00000118       0x28 LIB/String_Find.o
 .debug_aranges
                0x00000140       0x20 main.o
 .debug_aranges
                0x00000160       0x70 MCAL/DIO/DIO.o
 .debug_aranges
                0x000001d0       0x70 MCAL/EXTI/EXTI.o
 .debug_aranges
                0x00000240       0x28 MCAL/GIE/GIE.o
 .debug_aranges
                0x00000268       0x40 MCAL/SPI/SPI.o
 .debug_aranges
                0x000002a8       0x18 MCAL/SPI/SPI_Cfg.o
 .debug_aranges
                0x000002c0       0x60 MCAL/UART/UART.o
 .debug_aranges
                0x00000320       0x18 MCAL/UART/UART_Cfg.o
 .debug_aranges
                0x00000338       0x40 Service/list.o
 .debug_aranges
                0x00000378       0x50 Service/portable/GCC/ATMega323/port.o
 .debug_aranges
                0x000003c8       0x28 Service/portable/MemMang/heap_3.o
 .debug_aranges
                0x000003f0       0xd0 Service/queue.o
 .debug_aranges
                0x000004c0       0x48 Service/service.o
 .debug_aranges
                0x00000508      0x140 Service/tasks.o

.debug_pubnames
 *(.debug_pubnames)

.debug_info     0x00000000     0x7987
 *(.debug_info .gnu.linkonce.wi.*)
 .debug_info    0x00000000      0x780 C:/Program Files (x86)/Atmel/Studio/7.0/Packs/atmel/ATmega_DFP/1.7.374/gcc/dev/atmega128a/avr51/crtatmega128a.o
 .debug_info    0x00000780      0x1cd HAL/ESP01/ESP01.o
 .debug_info    0x0000094d      0x15e HAL/GPS/GPS.o
 .debug_info    0x00000aab      0xb55 HAL/LCD/LCD.o
 .debug_info    0x00001600      0x134 HAL/LCD/LCD_Config.o
 .debug_info    0x00001734      0x7b9 HAL/MFRC/mfrc522.o
 .debug_info    0x00001eed      0x1e7 LIB/String_Find.o
 .debug_info    0x000020d4      0x193 main.o
 .debug_info    0x00002267      0x5fe MCAL/DIO/DIO.o
 .debug_info    0x00002865      0x309 MCAL/EXTI/EXTI.o
 .debug_info    0x00002b6e       0x8b MCAL/GIE/GIE.o
 .debug_info    0x00002bf9      0x698 MCAL/SPI/SPI.o
 .debug_info    0x00003291      0x1c1 MCAL/SPI/SPI_Cfg.o
 .debug_info    0x00003452      0x665 MCAL/UART/UART.o
 .debug_info    0x00003ab7      0x2c0 MCAL/UART/UART_Cfg.o
 .debug_info    0x00003d77      0x2d8 Service/list.o
 .debug_info    0x0000404f      0x24e Service/portable/GCC/ATMega323/port.o
 .debug_info    0x0000429d      0x171 Service/portable/MemMang/heap_3.o
 .debug_info    0x0000440e     0x14aa Service/queue.o
 .debug_info    0x000058b8      0x8f8 Service/service.o
 .debug_info    0x000061b0     0x17d7 Service/tasks.o

.debug_abbrev   0x00000000     0x1de4
 *(.debug_abbrev)
 .debug_abbrev  0x00000000      0x718 C:/Program Files (x86)/Atmel/Studio/7.0/Packs/atmel/ATmega_DFP/1.7.374/gcc/dev/atmega128a/avr51/crtatmega128a.o
 .debug_abbrev  0x00000718       0xd2 HAL/ESP01/ESP01.o
 .debug_abbrev  0x000007ea       0xce HAL/GPS/GPS.o
 .debug_abbrev  0x000008b8      0x191 HAL/LCD/LCD.o
 .debug_abbrev  0x00000a49       0x6d HAL/LCD/LCD_Config.o
 .debug_abbrev  0x00000ab6      0x134 HAL/MFRC/mfrc522.o
 .debug_abbrev  0x00000bea       0xd2 LIB/String_Find.o
 .debug_abbrev  0x00000cbc       0xac main.o
 .debug_abbrev  0x00000d68      0x14e MCAL/DIO/DIO.o
 .debug_abbrev  0x00000eb6       0xc2 MCAL/EXTI/EXTI.o
 .debug_abbrev  0x00000f78       0x46 MCAL/GIE/GIE.o
 .debug_abbrev  0x00000fbe      0x198 MCAL/SPI/SPI.o
 .debug_abbrev  0x00001156       0x6d MCAL/SPI/SPI_Cfg.o
 .debug_abbrev  0x000011c3      0x1d4 MCAL/UART/UART.o
 .debug_abbrev  0x00001397       0x7f MCAL/UART/UART_Cfg.o
 .debug_abbrev  0x00001416       0xff Service/list.o
 .debug_abbrev  0x00001515      0x143 Service/portable/GCC/ATMega323/port.o
 .debug_abbrev  0x00001658       0xd9 Service/portable/MemMang/heap_3.o
 .debug_abbrev  0x00001731      0x252 Service/queue.o
 .debug_abbrev  0x00001983      0x1cb Service/service.o
 .debug_abbrev  0x00001b4e      0x296 Service/tasks.o

.debug_line     0x00000000     0x421f
 *(.debug_line .debug_line.* .debug_line_end)
 .debug_line    0x00000000      0x16a C:/Program Files (x86)/Atmel/Studio/7.0/Packs/atmel/ATmega_DFP/1.7.374/gcc/dev/atmega128a/avr51/crtatmega128a.o
 .debug_line    0x0000016a       0xfd HAL/ESP01/ESP01.o
 .debug_line    0x00000267       0xd6 HAL/GPS/GPS.o
 .debug_line    0x0000033d      0x428 HAL/LCD/LCD.o
 .debug_line    0x00000765       0x54 HAL/LCD/LCD_Config.o
 .debug_line    0x000007b9      0x3cb HAL/MFRC/mfrc522.o
 .debug_line    0x00000b84      0x12e LIB/String_Find.o
 .debug_line    0x00000cb2      0x139 main.o
 .debug_line    0x00000deb      0x74f MCAL/DIO/DIO.o
 .debug_line    0x0000153a      0x2fd MCAL/EXTI/EXTI.o
 .debug_line    0x00001837       0x6d MCAL/GIE/GIE.o
 .debug_line    0x000018a4      0x2b1 MCAL/SPI/SPI.o
 .debug_line    0x00001b55       0x4f MCAL/SPI/SPI_Cfg.o
 .debug_line    0x00001ba4      0x388 MCAL/UART/UART.o
 .debug_line    0x00001f2c       0x53 MCAL/UART/UART_Cfg.o
 .debug_line    0x00001f7f      0x20a Service/list.o
 .debug_line    0x00002189      0x2cd Service/portable/GCC/ATMega323/port.o
 .debug_line    0x00002456      0x188 Service/portable/MemMang/heap_3.o
 .debug_line    0x000025de      0xa81 Service/queue.o
 .debug_line    0x0000305f      0x3af Service/service.o
 .debug_line    0x0000340e      0xe11 Service/tasks.o

.debug_frame    0x00000000     0x1260
 *(.debug_frame)
 .debug_frame   0x00000000       0x44 HAL/ESP01/ESP01.o
 .debug_frame   0x00000044       0x50 HAL/GPS/GPS.o
 .debug_frame   0x00000094       0xc4 HAL/LCD/LCD.o
 .debug_frame   0x00000158      0x130 HAL/MFRC/mfrc522.o
 .debug_frame   0x00000288       0x78 LIB/String_Find.o
 .debug_frame   0x00000300       0x24 main.o
 .debug_frame   0x00000324       0xc4 MCAL/DIO/DIO.o
 .debug_frame   0x000003e8      0x304 MCAL/EXTI/EXTI.o
 .debug_frame   0x000006ec       0x34 MCAL/GIE/GIE.o
 .debug_frame   0x00000720       0x7c MCAL/SPI/SPI.o
 .debug_frame   0x0000079c       0xc4 MCAL/UART/UART.o
 .debug_frame   0x00000860       0x88 Service/list.o
 .debug_frame   0x000008e8       0x84 Service/portable/GCC/ATMega323/port.o
 .debug_frame   0x0000096c       0x4c Service/portable/MemMang/heap_3.o
 .debug_frame   0x000009b8      0x2fc Service/queue.o
 .debug_frame   0x00000cb4       0xec Service/service.o
 .debug_frame   0x00000da0      0x4c0 Service/tasks.o

.debug_str      0x00000000     0x27f2
 *(.debug_str)
 .debug_str     0x00000000      0x27d C:/Program Files (x86)/Atmel/Studio/7.0/Packs/atmel/ATmega_DFP/1.7.374/gcc/dev/atmega128a/avr51/crtatmega128a.o
 .debug_str     0x0000027d      0x1e4 HAL/ESP01/ESP01.o
                                0x218 (size before relaxing)
 .debug_str     0x00000461       0x8e HAL/GPS/GPS.o
                                0x225 (size before relaxing)
 .debug_str     0x000004ef      0x5e5 HAL/LCD/LCD.o
                                0x7cd (size before relaxing)
 .debug_str     0x00000ad4       0x18 HAL/LCD/LCD_Config.o
                                0x334 (size before relaxing)
 .debug_str     0x00000aec      0x160 HAL/MFRC/mfrc522.o
                                0x5f9 (size before relaxing)
 .debug_str     0x00000c4c       0x86 LIB/String_Find.o
                                0x1e6 (size before relaxing)
 .debug_str     0x00000cd2       0x6f main.o
                                0x261 (size before relaxing)
 .debug_str     0x00000d41      0x139 MCAL/DIO/DIO.o
                                0x685 (size before relaxing)
 .debug_str     0x00000e7a      0x2d5 MCAL/EXTI/EXTI.o
                                0x48c (size before relaxing)
 .debug_str     0x0000114f       0x29 MCAL/GIE/GIE.o
                                0x1a3 (size before relaxing)
 .debug_str     0x00001178      0x214 MCAL/SPI/SPI.o
                                0x7b2 (size before relaxing)
 .debug_str     0x0000138c       0x16 MCAL/SPI/SPI_Cfg.o
                                0x30b (size before relaxing)
 .debug_str     0x000013a2      0x4e6 MCAL/UART/UART.o
                                0x759 (size before relaxing)
 .debug_str     0x00001888       0x18 MCAL/UART/UART_Cfg.o
                                0x597 (size before relaxing)
 .debug_str     0x000018a0      0x14f Service/list.o
                                0x2eb (size before relaxing)
 .debug_str     0x000019ef      0x136 Service/portable/GCC/ATMega323/port.o
                                0x2fc (size before relaxing)
 .debug_str     0x00001b25       0x83 Service/portable/MemMang/heap_3.o
                                0x219 (size before relaxing)
 .debug_str     0x00001ba8      0x4c9 Service/queue.o
                                0x7d2 (size before relaxing)
 .debug_str     0x00002071       0xb5 Service/service.o
                                0x786 (size before relaxing)
 .debug_str     0x00002126      0x6cc Service/tasks.o
                                0xbb7 (size before relaxing)

.debug_loc      0x00000000     0x6ff5
 *(.debug_loc)
 .debug_loc     0x00000000       0x2f HAL/GPS/GPS.o
 .debug_loc     0x0000002f      0x75d HAL/LCD/LCD.o
 .debug_loc     0x0000078c      0x716 HAL/MFRC/mfrc522.o
 .debug_loc     0x00000ea2      0x38d LIB/String_Find.o
 .debug_loc     0x0000122f     0x18b2 MCAL/DIO/DIO.o
 .debug_loc     0x00002ae1      0x990 MCAL/EXTI/EXTI.o
 .debug_loc     0x00003471      0x164 MCAL/SPI/SPI.o
 .debug_loc     0x000035d5      0x290 MCAL/UART/UART.o
 .debug_loc     0x00003865      0x145 Service/list.o
 .debug_loc     0x000039aa      0x2a0 Service/portable/GCC/ATMega323/port.o
 .debug_loc     0x00003c4a      0x102 Service/portable/MemMang/heap_3.o
 .debug_loc     0x00003d4c     0x170f Service/queue.o
 .debug_loc     0x0000545b      0x23f Service/service.o
 .debug_loc     0x0000569a     0x195b Service/tasks.o

.debug_macinfo
 *(.debug_macinfo)

.debug_weaknames
 *(.debug_weaknames)

.debug_funcnames
 *(.debug_funcnames)

.debug_typenames
 *(.debug_typenames)

.debug_varnames
 *(.debug_varnames)

.debug_pubtypes
 *(.debug_pubtypes)

.debug_ranges   0x00000000      0x578
 *(.debug_ranges)
 .debug_ranges  0x00000000       0x20 HAL/ESP01/ESP01.o
 .debug_ranges  0x00000020       0x20 HAL/GPS/GPS.o
 .debug_ranges  0x00000040       0x40 HAL/LCD/LCD.o
 .debug_ranges  0x00000080       0x40 HAL/MFRC/mfrc522.o
 .debug_ranges  0x000000c0       0x18 LIB/String_Find.o
 .debug_ranges  0x000000d8       0x10 main.o
 .debug_ranges  0x000000e8       0x60 MCAL/DIO/DIO.o
 .debug_ranges  0x00000148       0x60 MCAL/EXTI/EXTI.o
 .debug_ranges  0x000001a8       0x18 MCAL/GIE/GIE.o
 .debug_ranges  0x000001c0       0x30 MCAL/SPI/SPI.o
 .debug_ranges  0x000001f0       0x50 MCAL/UART/UART.o
 .debug_ranges  0x00000240       0x30 Service/list.o
 .debug_ranges  0x00000270       0x40 Service/portable/GCC/ATMega323/port.o
 .debug_ranges  0x000002b0       0x18 Service/portable/MemMang/heap_3.o
 .debug_ranges  0x000002c8      0x108 Service/queue.o
 .debug_ranges  0x000003d0       0x38 Service/service.o
 .debug_ranges  0x00000408      0x170 Service/tasks.o

.debug_macro
 *(.debug_macro)
OUTPUT(GraduationControllerSide.elf elf32-avr)
LOAD linker stubs
