Archive member included to satisfy reference by file (symbol)

c:/program files (x86)/atmel/studio/7.0/toolchain/avr8/avr8-gnu-toolchain/bin/../lib/gcc/avr/5.4.0/../../../../avr/lib/avr51\libm.a(addsf3.o)
                              MCAL/TWI/TWI.o (__subsf3)
c:/program files (x86)/atmel/studio/7.0/toolchain/avr8/avr8-gnu-toolchain/bin/../lib/gcc/avr/5.4.0/../../../../avr/lib/avr51\libm.a(addsf3x.o)
                              c:/program files (x86)/atmel/studio/7.0/toolchain/avr8/avr8-gnu-toolchain/bin/../lib/gcc/avr/5.4.0/../../../../avr/lib/avr51\libm.a(addsf3.o) (__addsf3x)
c:/program files (x86)/atmel/studio/7.0/toolchain/avr8/avr8-gnu-toolchain/bin/../lib/gcc/avr/5.4.0/../../../../avr/lib/avr51\libm.a(cmpsf2.o)
                              HAL/ADXL345/ADXL345.o (__ltsf2)
c:/program files (x86)/atmel/studio/7.0/toolchain/avr8/avr8-gnu-toolchain/bin/../lib/gcc/avr/5.4.0/../../../../avr/lib/avr51\libm.a(divsf3.o)
                              MCAL/TWI/TWI.o (__divsf3)
c:/program files (x86)/atmel/studio/7.0/toolchain/avr8/avr8-gnu-toolchain/bin/../lib/gcc/avr/5.4.0/../../../../avr/lib/avr51\libm.a(divsf3x.o)
                              c:/program files (x86)/atmel/studio/7.0/toolchain/avr8/avr8-gnu-toolchain/bin/../lib/gcc/avr/5.4.0/../../../../avr/lib/avr51\libm.a(divsf3.o) (__divsf3x)
c:/program files (x86)/atmel/studio/7.0/toolchain/avr8/avr8-gnu-toolchain/bin/../lib/gcc/avr/5.4.0/../../../../avr/lib/avr51\libm.a(fixunssfsi.o)
                              HAL/ADXL345/ADXL345.o (__fixunssfsi)
c:/program files (x86)/atmel/studio/7.0/toolchain/avr8/avr8-gnu-toolchain/bin/../lib/gcc/avr/5.4.0/../../../../avr/lib/avr51\libm.a(floatsisf.o)
                              HAL/ADXL345/ADXL345.o (__floatunsisf)
c:/program files (x86)/atmel/studio/7.0/toolchain/avr8/avr8-gnu-toolchain/bin/../lib/gcc/avr/5.4.0/../../../../avr/lib/avr51\libm.a(fp_cmp.o)
                              c:/program files (x86)/atmel/studio/7.0/toolchain/avr8/avr8-gnu-toolchain/bin/../lib/gcc/avr/5.4.0/../../../../avr/lib/avr51\libm.a(cmpsf2.o) (__fp_cmp)
c:/program files (x86)/atmel/studio/7.0/toolchain/avr8/avr8-gnu-toolchain/bin/../lib/gcc/avr/5.4.0/../../../../avr/lib/avr51\libm.a(fp_inf.o)
                              c:/program files (x86)/atmel/studio/7.0/toolchain/avr8/avr8-gnu-toolchain/bin/../lib/gcc/avr/5.4.0/../../../../avr/lib/avr51\libm.a(addsf3x.o) (__fp_inf)
c:/program files (x86)/atmel/studio/7.0/toolchain/avr8/avr8-gnu-toolchain/bin/../lib/gcc/avr/5.4.0/../../../../avr/lib/avr51\libm.a(fp_nan.o)
                              c:/program files (x86)/atmel/studio/7.0/toolchain/avr8/avr8-gnu-toolchain/bin/../lib/gcc/avr/5.4.0/../../../../avr/lib/avr51\libm.a(addsf3x.o) (__fp_nan)
c:/program files (x86)/atmel/studio/7.0/toolchain/avr8/avr8-gnu-toolchain/bin/../lib/gcc/avr/5.4.0/../../../../avr/lib/avr51\libm.a(fp_pscA.o)
                              c:/program files (x86)/atmel/studio/7.0/toolchain/avr8/avr8-gnu-toolchain/bin/../lib/gcc/avr/5.4.0/../../../../avr/lib/avr51\libm.a(addsf3x.o) (__fp_pscA)
c:/program files (x86)/atmel/studio/7.0/toolchain/avr8/avr8-gnu-toolchain/bin/../lib/gcc/avr/5.4.0/../../../../avr/lib/avr51\libm.a(fp_pscB.o)
                              c:/program files (x86)/atmel/studio/7.0/toolchain/avr8/avr8-gnu-toolchain/bin/../lib/gcc/avr/5.4.0/../../../../avr/lib/avr51\libm.a(addsf3x.o) (__fp_pscB)
c:/program files (x86)/atmel/studio/7.0/toolchain/avr8/avr8-gnu-toolchain/bin/../lib/gcc/avr/5.4.0/../../../../avr/lib/avr51\libm.a(fp_round.o)
                              c:/program files (x86)/atmel/studio/7.0/toolchain/avr8/avr8-gnu-toolchain/bin/../lib/gcc/avr/5.4.0/../../../../avr/lib/avr51\libm.a(addsf3.o) (__fp_round)
c:/program files (x86)/atmel/studio/7.0/toolchain/avr8/avr8-gnu-toolchain/bin/../lib/gcc/avr/5.4.0/../../../../avr/lib/avr51\libm.a(fp_split3.o)
                              c:/program files (x86)/atmel/studio/7.0/toolchain/avr8/avr8-gnu-toolchain/bin/../lib/gcc/avr/5.4.0/../../../../avr/lib/avr51\libm.a(addsf3x.o) (__fp_split3)
c:/program files (x86)/atmel/studio/7.0/toolchain/avr8/avr8-gnu-toolchain/bin/../lib/gcc/avr/5.4.0/../../../../avr/lib/avr51\libm.a(fp_zero.o)
                              c:/program files (x86)/atmel/studio/7.0/toolchain/avr8/avr8-gnu-toolchain/bin/../lib/gcc/avr/5.4.0/../../../../avr/lib/avr51\libm.a(addsf3x.o) (__fp_zero)
c:/program files (x86)/atmel/studio/7.0/toolchain/avr8/avr8-gnu-toolchain/bin/../lib/gcc/avr/5.4.0/../../../../avr/lib/avr51\libm.a(gesf2.o)
                              HAL/ADXL345/ADXL345.o (__gtsf2)
c:/program files (x86)/atmel/studio/7.0/toolchain/avr8/avr8-gnu-toolchain/bin/../lib/gcc/avr/5.4.0/../../../../avr/lib/avr51\libm.a(mulsf3.o)
                              main.o (__mulsf3)
c:/program files (x86)/atmel/studio/7.0/toolchain/avr8/avr8-gnu-toolchain/bin/../lib/gcc/avr/5.4.0/../../../../avr/lib/avr51\libm.a(mulsf3x.o)
                              c:/program files (x86)/atmel/studio/7.0/toolchain/avr8/avr8-gnu-toolchain/bin/../lib/gcc/avr/5.4.0/../../../../avr/lib/avr51\libm.a(mulsf3.o) (__mulsf3x)
c:/program files (x86)/atmel/studio/7.0/toolchain/avr8/avr8-gnu-toolchain/bin/../lib/gcc/avr/5.4.0/avr51\libgcc.a(_udivmodsi4.o)
                              MCAL/UART/UART.o (__udivmodsi4)
c:/program files (x86)/atmel/studio/7.0/toolchain/avr8/avr8-gnu-toolchain/bin/../lib/gcc/avr/5.4.0/avr51\libgcc.a(_exit.o)
                              C:/Program Files (x86)/Atmel/Studio/7.0/Packs/atmel/ATmega_DFP/1.7.374/gcc/dev/atmega128a/avr51/crtatmega128a.o (exit)
c:/program files (x86)/atmel/studio/7.0/toolchain/avr8/avr8-gnu-toolchain/bin/../lib/gcc/avr/5.4.0/avr51\libgcc.a(_tablejump2.o)
                              MCAL/DIO/DIO.o (__tablejump2__)
c:/program files (x86)/atmel/studio/7.0/toolchain/avr8/avr8-gnu-toolchain/bin/../lib/gcc/avr/5.4.0/avr51\libgcc.a(_copy_data.o)
                              HAL/ESP01/ESP01.o (__do_copy_data)
c:/program files (x86)/atmel/studio/7.0/toolchain/avr8/avr8-gnu-toolchain/bin/../lib/gcc/avr/5.4.0/avr51\libgcc.a(_clear_bss.o)
                              HAL/ESP01/ESP01.o (__do_clear_bss)
c:/program files (x86)/atmel/studio/7.0/toolchain/avr8/avr8-gnu-toolchain/bin/../lib/gcc/avr/5.4.0/../../../../avr/lib/avr51\libc.a(malloc.o)
                              Service/portable/MemMang/heap_3.o (malloc)
c:/program files (x86)/atmel/studio/7.0/toolchain/avr8/avr8-gnu-toolchain/bin/../lib/gcc/avr/5.4.0/../../../../avr/lib/avr51\libc.a(memcpy.o)
                              Service/queue.o (memcpy)
c:/program files (x86)/atmel/studio/7.0/toolchain/avr8/avr8-gnu-toolchain/bin/../lib/gcc/avr/5.4.0/../../../../avr/lib/avr51\libc.a(memset.o)
                              HAL/ESP01/ESP01.o (memset)
c:/program files (x86)/atmel/studio/7.0/toolchain/avr8/avr8-gnu-toolchain/bin/../lib/gcc/avr/5.4.0/../../../../avr/lib/avr51\libc.a(strncpy.o)
                              LIB/String_Find.o (strncpy)
c:/program files (x86)/atmel/studio/7.0/toolchain/avr8/avr8-gnu-toolchain/bin/../lib/gcc/avr/5.4.0/../../../../avr/lib/avr51\libc.a(strstr.o)
                              LIB/String_Find.o (strstr)
c:/program files (x86)/atmel/studio/7.0/toolchain/avr8/avr8-gnu-toolchain/bin/../lib/gcc/avr/5.4.0/../../../../avr/lib/avr51\libc.a(sprintf.o)
                              main.o (sprintf)
c:/program files (x86)/atmel/studio/7.0/toolchain/avr8/avr8-gnu-toolchain/bin/../lib/gcc/avr/5.4.0/../../../../avr/lib/avr51\libc.a(vfprintf_std.o)
                              c:/program files (x86)/atmel/studio/7.0/toolchain/avr8/avr8-gnu-toolchain/bin/../lib/gcc/avr/5.4.0/../../../../avr/lib/avr51\libc.a(sprintf.o) (vfprintf)
c:/program files (x86)/atmel/studio/7.0/toolchain/avr8/avr8-gnu-toolchain/bin/../lib/gcc/avr/5.4.0/../../../../avr/lib/avr51\libc.a(strnlen_P.o)
                              c:/program files (x86)/atmel/studio/7.0/toolchain/avr8/avr8-gnu-toolchain/bin/../lib/gcc/avr/5.4.0/../../../../avr/lib/avr51\libc.a(vfprintf_std.o) (strnlen_P)
c:/program files (x86)/atmel/studio/7.0/toolchain/avr8/avr8-gnu-toolchain/bin/../lib/gcc/avr/5.4.0/../../../../avr/lib/avr51\libc.a(strnlen.o)
                              c:/program files (x86)/atmel/studio/7.0/toolchain/avr8/avr8-gnu-toolchain/bin/../lib/gcc/avr/5.4.0/../../../../avr/lib/avr51\libc.a(vfprintf_std.o) (strnlen)
c:/program files (x86)/atmel/studio/7.0/toolchain/avr8/avr8-gnu-toolchain/bin/../lib/gcc/avr/5.4.0/../../../../avr/lib/avr51\libc.a(fputc.o)
                              c:/program files (x86)/atmel/studio/7.0/toolchain/avr8/avr8-gnu-toolchain/bin/../lib/gcc/avr/5.4.0/../../../../avr/lib/avr51\libc.a(vfprintf_std.o) (fputc)
c:/program files (x86)/atmel/studio/7.0/toolchain/avr8/avr8-gnu-toolchain/bin/../lib/gcc/avr/5.4.0/../../../../avr/lib/avr51\libc.a(ultoa_invert.o)
                              c:/program files (x86)/atmel/studio/7.0/toolchain/avr8/avr8-gnu-toolchain/bin/../lib/gcc/avr/5.4.0/../../../../avr/lib/avr51\libc.a(vfprintf_std.o) (__ultoa_invert)

Allocating common symbols
Common symbol       size              file

gps_buff            0x1f4             HAL/GPS/GPS.o
esp_buff            0x64              HAL/ESP01/ESP01.o
temp                0x1               HAL/ESP01/ESP01.o
__brkval            0x2               c:/program files (x86)/atmel/studio/7.0/toolchain/avr8/avr8-gnu-toolchain/bin/../lib/gcc/avr/5.4.0/../../../../avr/lib/avr51\libc.a(malloc.o)
UART1_SEND          0x2               Service/service.o
Reg                 0x1               main.o
esp_buff_len        0x1               HAL/ESP01/ESP01.o
TestData            0xc               main.o
CHECK_CONNECTION    0x2               Service/service.o
result              0x1               HAL/ESP01/ESP01.o
ESP_SEM             0x2               Service/service.o
__flp               0x2               c:/program files (x86)/atmel/studio/7.0/toolchain/avr8/avr8-gnu-toolchain/bin/../lib/gcc/avr/5.4.0/../../../../avr/lib/avr51\libc.a(malloc.o)
gps_buff_len        0x1               HAL/GPS/GPS.o

Discarded input sections

 .data          0x00000000        0x0 C:/Program Files (x86)/Atmel/Studio/7.0/Packs/atmel/ATmega_DFP/1.7.374/gcc/dev/atmega128a/avr51/crtatmega128a.o
 .bss           0x00000000        0x0 C:/Program Files (x86)/Atmel/Studio/7.0/Packs/atmel/ATmega_DFP/1.7.374/gcc/dev/atmega128a/avr51/crtatmega128a.o
 .text          0x00000000        0x0 HAL/ADXL345/ADXL345.o
 .data          0x00000000        0x0 HAL/ADXL345/ADXL345.o
 .bss           0x00000000        0x0 HAL/ADXL345/ADXL345.o
 .text          0x00000000        0x0 HAL/ESP01/ESP01.o
 .data          0x00000000        0x0 HAL/ESP01/ESP01.o
 .bss           0x00000000        0x0 HAL/ESP01/ESP01.o
 .text.ESP01_Init
                0x00000000       0x1c HAL/ESP01/ESP01.o
 .rodata.str1.1
                0x00000000        0x9 HAL/ESP01/ESP01.o
 .text.ESP01_CheckConnection
                0x00000000       0x38 HAL/ESP01/ESP01.o
 .text          0x00000000        0x0 HAL/GPS/GPS.o
 .data          0x00000000        0x0 HAL/GPS/GPS.o
 .bss           0x00000000        0x0 HAL/GPS/GPS.o
 .text.GPS_Init
                0x00000000       0x1e HAL/GPS/GPS.o
 .text.getGPSLocation
                0x00000000       0x24 HAL/GPS/GPS.o
 .text.GPS_Buffer_Reset
                0x00000000       0x18 HAL/GPS/GPS.o
 .debug_info    0x00000000      0x15e HAL/GPS/GPS.o
 .debug_abbrev  0x00000000       0xce HAL/GPS/GPS.o
 .debug_loc     0x00000000       0x2f HAL/GPS/GPS.o
 .debug_aranges
                0x00000000       0x30 HAL/GPS/GPS.o
 .debug_ranges  0x00000000       0x20 HAL/GPS/GPS.o
 .debug_line    0x00000000       0xd6 HAL/GPS/GPS.o
 .debug_str     0x00000000      0x225 HAL/GPS/GPS.o
 .comment       0x00000000       0x31 HAL/GPS/GPS.o
 .debug_frame   0x00000000       0x50 HAL/GPS/GPS.o
 COMMON         0x00000000      0x1f5 HAL/GPS/GPS.o
 .text          0x00000000        0x0 HAL/LCD/LCD.o
 .data          0x00000000        0x0 HAL/LCD/LCD.o
 .bss           0x00000000        0x0 HAL/LCD/LCD.o
 .text.Enable   0x00000000       0x2a HAL/LCD/LCD.o
 .text.LCD_SendCmd
                0x00000000       0x66 HAL/LCD/LCD.o
 .text.LCD_Init
                0x00000000       0xfa HAL/LCD/LCD.o
 .text.LCD_SendChar
                0x00000000       0xb6 HAL/LCD/LCD.o
 .text.LCD_SendString
                0x00000000       0x2c HAL/LCD/LCD.o
 .text.LCD_ClearScreen
                0x00000000        0x8 HAL/LCD/LCD.o
 .text.LCD_Custom_Char
                0x00000000       0x3c HAL/LCD/LCD.o
 .debug_info    0x00000000      0xb55 HAL/LCD/LCD.o
 .debug_abbrev  0x00000000      0x191 HAL/LCD/LCD.o
 .debug_loc     0x00000000      0x75d HAL/LCD/LCD.o
 .debug_aranges
                0x00000000       0x50 HAL/LCD/LCD.o
 .debug_ranges  0x00000000       0x40 HAL/LCD/LCD.o
 .debug_line    0x00000000      0x428 HAL/LCD/LCD.o
 .debug_str     0x00000000      0x7cd HAL/LCD/LCD.o
 .comment       0x00000000       0x31 HAL/LCD/LCD.o
 .debug_frame   0x00000000       0xc4 HAL/LCD/LCD.o
 .text          0x00000000        0x0 HAL/LCD/LCD_Config.o
 .data          0x00000000        0x0 HAL/LCD/LCD_Config.o
 .bss           0x00000000        0x0 HAL/LCD/LCD_Config.o
 .data.LCD_CFG  0x00000000        0x3 HAL/LCD/LCD_Config.o
 .debug_info    0x00000000      0x134 HAL/LCD/LCD_Config.o
 .debug_abbrev  0x00000000       0x6d HAL/LCD/LCD_Config.o
 .debug_aranges
                0x00000000       0x18 HAL/LCD/LCD_Config.o
 .debug_line    0x00000000       0x54 HAL/LCD/LCD_Config.o
 .debug_str     0x00000000      0x334 HAL/LCD/LCD_Config.o
 .comment       0x00000000       0x31 HAL/LCD/LCD_Config.o
 .text          0x00000000        0x0 HAL/MFRC/mfrc522.o
 .data          0x00000000        0x0 HAL/MFRC/mfrc522.o
 .bss           0x00000000        0x0 HAL/MFRC/mfrc522.o
 .text.mfrc522_write
                0x00000000       0x32 HAL/MFRC/mfrc522.o
 .text.mfrc522_read
                0x00000000       0x32 HAL/MFRC/mfrc522.o
 .text.mfrc522_reset
                0x00000000        0xa HAL/MFRC/mfrc522.o
 .text.mfrc522_init
                0x00000000       0x56 HAL/MFRC/mfrc522.o
 .text.mfrc522_to_card
                0x00000000      0x1fe HAL/MFRC/mfrc522.o
 .text.mfrc522_request
                0x00000000       0x6a HAL/MFRC/mfrc522.o
 .text.mfrc522_get_card_serial
                0x00000000       0x78 HAL/MFRC/mfrc522.o
 .debug_info    0x00000000      0x7b9 HAL/MFRC/mfrc522.o
 .debug_abbrev  0x00000000      0x134 HAL/MFRC/mfrc522.o
 .debug_loc     0x00000000      0x716 HAL/MFRC/mfrc522.o
 .debug_aranges
                0x00000000       0x50 HAL/MFRC/mfrc522.o
 .debug_ranges  0x00000000       0x40 HAL/MFRC/mfrc522.o
 .debug_line    0x00000000      0x3cb HAL/MFRC/mfrc522.o
 .debug_str     0x00000000      0x5f9 HAL/MFRC/mfrc522.o
 .comment       0x00000000       0x31 HAL/MFRC/mfrc522.o
 .debug_frame   0x00000000      0x130 HAL/MFRC/mfrc522.o
 .text          0x00000000        0x0 LIB/String_Find.o
 .data          0x00000000        0x0 LIB/String_Find.o
 .bss           0x00000000        0x0 LIB/String_Find.o
 .text.find_string
                0x00000000       0x84 LIB/String_Find.o
 .text.find_get_string
                0x00000000       0x4e LIB/String_Find.o
 .debug_info    0x00000000      0x1e7 LIB/String_Find.o
 .debug_abbrev  0x00000000       0xd2 LIB/String_Find.o
 .debug_loc     0x00000000      0x38d LIB/String_Find.o
 .debug_aranges
                0x00000000       0x28 LIB/String_Find.o
 .debug_ranges  0x00000000       0x18 LIB/String_Find.o
 .debug_line    0x00000000      0x12e LIB/String_Find.o
 .debug_str     0x00000000      0x1e6 LIB/String_Find.o
 .comment       0x00000000       0x31 LIB/String_Find.o
 .debug_frame   0x00000000       0x78 LIB/String_Find.o
 .text          0x00000000        0x0 main.o
 .data          0x00000000        0x0 main.o
 .bss           0x00000000        0x0 main.o
 .text          0x00000000        0x0 MCAL/DIO/DIO.o
 .data          0x00000000        0x0 MCAL/DIO/DIO.o
 .bss           0x00000000        0x0 MCAL/DIO/DIO.o
 .text.DIO_Init
                0x00000000      0x298 MCAL/DIO/DIO.o
 .progmem.gcc_sw_table.DIO_Init
                0x00000000       0x1c MCAL/DIO/DIO.o
 .text.DIO_WriteChannel
                0x00000000      0x1cc MCAL/DIO/DIO.o
 .progmem.gcc_sw_table.DIO_WriteChannel
                0x00000000       0x1c MCAL/DIO/DIO.o
 .text.DIO_ReadChannel
                0x00000000      0x15c MCAL/DIO/DIO.o
 .progmem.gcc_sw_table.DIO_ReadChannel
                0x00000000        0xe MCAL/DIO/DIO.o
 .text.DIO_ConfigChannel
                0x00000000      0x1cc MCAL/DIO/DIO.o
 .progmem.gcc_sw_table.DIO_ConfigChannel
                0x00000000       0x1c MCAL/DIO/DIO.o
 .text.DIO_ConfigPullUp
                0x00000000      0x1cc MCAL/DIO/DIO.o
 .progmem.gcc_sw_table.DIO_ConfigPullUp
                0x00000000       0x1c MCAL/DIO/DIO.o
 .text.DIO_ToggleChannel
                0x00000000       0xde MCAL/DIO/DIO.o
 .progmem.gcc_sw_table.DIO_ToggleChannel
                0x00000000        0xe MCAL/DIO/DIO.o
 .text.DIO_WritePort
                0x00000000       0x32 MCAL/DIO/DIO.o
 .progmem.gcc_sw_table.DIO_WritePort
                0x00000000        0xe MCAL/DIO/DIO.o
 .text.DIO_ReadPort
                0x00000000       0x36 MCAL/DIO/DIO.o
 .progmem.gcc_sw_table.DIO_ReadPort
                0x00000000        0xe MCAL/DIO/DIO.o
 .text.DIO_ConfigPort
                0x00000000       0x32 MCAL/DIO/DIO.o
 .progmem.gcc_sw_table.DIO_ConfigPort
                0x00000000        0xe MCAL/DIO/DIO.o
 .text.DIO_WriteLowNibble
                0x00000000       0x7e MCAL/DIO/DIO.o
 .progmem.gcc_sw_table.DIO_WriteLowNibble
                0x00000000        0xe MCAL/DIO/DIO.o
 .text.DIO_WriteHighNibble
                0x00000000       0x7e MCAL/DIO/DIO.o
 .progmem.gcc_sw_table.DIO_WriteHighNibble
                0x00000000        0xe MCAL/DIO/DIO.o
 .debug_info    0x00000000      0x5fe MCAL/DIO/DIO.o
 .debug_abbrev  0x00000000      0x14e MCAL/DIO/DIO.o
 .debug_loc     0x00000000     0x18b2 MCAL/DIO/DIO.o
 .debug_aranges
                0x00000000       0x70 MCAL/DIO/DIO.o
 .debug_ranges  0x00000000       0x60 MCAL/DIO/DIO.o
 .debug_line    0x00000000      0x74f MCAL/DIO/DIO.o
 .debug_str     0x00000000      0x685 MCAL/DIO/DIO.o
 .comment       0x00000000       0x31 MCAL/DIO/DIO.o
 .debug_frame   0x00000000       0xc4 MCAL/DIO/DIO.o
 .text          0x00000000        0x0 MCAL/DIO/DIO_Cfg.o
 .data          0x00000000        0x0 MCAL/DIO/DIO_Cfg.o
 .bss           0x00000000        0x0 MCAL/DIO/DIO_Cfg.o
 .rodata.countPinsConfigured
                0x00000000        0x1 MCAL/DIO/DIO_Cfg.o
 .bss.PinConfig
                0x00000000        0x0 MCAL/DIO/DIO_Cfg.o
 .debug_info    0x00000000      0x2c5 MCAL/DIO/DIO_Cfg.o
 .debug_abbrev  0x00000000       0x86 MCAL/DIO/DIO_Cfg.o
 .debug_aranges
                0x00000000       0x18 MCAL/DIO/DIO_Cfg.o
 .debug_line    0x00000000       0x65 MCAL/DIO/DIO_Cfg.o
 .debug_str     0x00000000      0x573 MCAL/DIO/DIO_Cfg.o
 .comment       0x00000000       0x31 MCAL/DIO/DIO_Cfg.o
 .text          0x00000000        0x0 MCAL/EXTI/EXTI.o
 .data          0x00000000        0x0 MCAL/EXTI/EXTI.o
 .bss           0x00000000        0x0 MCAL/EXTI/EXTI.o
 .text          0x00000000        0x0 MCAL/GIE/GIE.o
 .data          0x00000000        0x0 MCAL/GIE/GIE.o
 .bss           0x00000000        0x0 MCAL/GIE/GIE.o
 .text.GIE_Disable
                0x00000000        0x8 MCAL/GIE/GIE.o
 .text          0x00000000        0x0 MCAL/SPI/SPI.o
 .data          0x00000000        0x0 MCAL/SPI/SPI.o
 .bss           0x00000000        0x0 MCAL/SPI/SPI.o
 .text.SPI_Init
                0x00000000      0x12c MCAL/SPI/SPI.o
 .text.SPI_Master_TransmitChar
                0x00000000        0xa MCAL/SPI/SPI.o
 .text.SPI_Slave_ReceiveChar
                0x00000000        0xa MCAL/SPI/SPI.o
 .text.SPI_Master_TransmitString
                0x00000000       0x2c MCAL/SPI/SPI.o
 .text.SPI_Cannel_State
                0x00000000       0x30 MCAL/SPI/SPI.o
 .debug_info    0x00000000      0x698 MCAL/SPI/SPI.o
 .debug_abbrev  0x00000000      0x198 MCAL/SPI/SPI.o
 .debug_loc     0x00000000      0x164 MCAL/SPI/SPI.o
 .debug_aranges
                0x00000000       0x40 MCAL/SPI/SPI.o
 .debug_ranges  0x00000000       0x30 MCAL/SPI/SPI.o
 .debug_line    0x00000000      0x2b1 MCAL/SPI/SPI.o
 .debug_str     0x00000000      0x7b2 MCAL/SPI/SPI.o
 .comment       0x00000000       0x31 MCAL/SPI/SPI.o
 .debug_frame   0x00000000       0x7c MCAL/SPI/SPI.o
 .text          0x00000000        0x0 MCAL/SPI/SPI_Cfg.o
 .data          0x00000000        0x0 MCAL/SPI/SPI_Cfg.o
 .bss           0x00000000        0x0 MCAL/SPI/SPI_Cfg.o
 .data.SPI_CFG  0x00000000        0x7 MCAL/SPI/SPI_Cfg.o
 .debug_info    0x00000000      0x1c1 MCAL/SPI/SPI_Cfg.o
 .debug_abbrev  0x00000000       0x6d MCAL/SPI/SPI_Cfg.o
 .debug_aranges
                0x00000000       0x18 MCAL/SPI/SPI_Cfg.o
 .debug_line    0x00000000       0x4f MCAL/SPI/SPI_Cfg.o
 .debug_str     0x00000000      0x30b MCAL/SPI/SPI_Cfg.o
 .comment       0x00000000       0x31 MCAL/SPI/SPI_Cfg.o
 .text          0x00000000        0x0 MCAL/TWI/TWI.o
 .data          0x00000000        0x0 MCAL/TWI/TWI.o
 .bss           0x00000000        0x0 MCAL/TWI/TWI.o
 .text.TWI_Read_With_ACK
                0x00000000       0x1e MCAL/TWI/TWI.o
 .text          0x00000000        0x0 MCAL/UART/UART.o
 .data          0x00000000        0x0 MCAL/UART/UART.o
 .bss           0x00000000        0x0 MCAL/UART/UART.o
 .text.UART0_Init
                0x00000000      0x162 MCAL/UART/UART.o
 .text.UART0_Transmit
                0x00000000        0x8 MCAL/UART/UART.o
 .text.UART0_TransmitString
                0x00000000       0x38 MCAL/UART/UART.o
 .text.UART1_sendATCommand
                0x00000000       0x12 MCAL/UART/UART.o
 .text.UART0_Receive
                0x00000000        0x8 MCAL/UART/UART.o
 .text.UART1_Receive
                0x00000000        0xe MCAL/UART/UART.o
 .text          0x00000000        0x0 MCAL/UART/UART_Cfg.o
 .data          0x00000000        0x0 MCAL/UART/UART_Cfg.o
 .bss           0x00000000        0x0 MCAL/UART/UART_Cfg.o
 .data.UART0_Cfg
                0x00000000        0xd MCAL/UART/UART_Cfg.o
 .text          0x00000000        0x0 Service/croutine.o
 .data          0x00000000        0x0 Service/croutine.o
 .bss           0x00000000        0x0 Service/croutine.o
 .debug_info    0x00000000       0x64 Service/croutine.o
 .debug_abbrev  0x00000000       0x26 Service/croutine.o
 .debug_aranges
                0x00000000       0x18 Service/croutine.o
 .debug_line    0x00000000       0x1a Service/croutine.o
 .debug_str     0x00000000      0x1ac Service/croutine.o
 .comment       0x00000000       0x31 Service/croutine.o
 .text          0x00000000        0x0 Service/event_groups.o
 .data          0x00000000        0x0 Service/event_groups.o
 .bss           0x00000000        0x0 Service/event_groups.o
 .text.prvTestWaitCondition
                0x00000000       0x26 Service/event_groups.o
 .text.xEventGroupCreate
                0x00000000       0x26 Service/event_groups.o
 .text.xEventGroupWaitBits
                0x00000000       0xe4 Service/event_groups.o
 .text.xEventGroupClearBits
                0x00000000       0x1e Service/event_groups.o
 .text.xEventGroupGetBitsFromISR
                0x00000000        0x8 Service/event_groups.o
 .text.xEventGroupSetBits
                0x00000000       0xc8 Service/event_groups.o
 .text.xEventGroupSync
                0x00000000       0xd6 Service/event_groups.o
 .text.vEventGroupDelete
                0x00000000       0x2e Service/event_groups.o
 .text.vEventGroupSetBitsCallback
                0x00000000        0x8 Service/event_groups.o
 .text.vEventGroupClearBitsCallback
                0x00000000        0x8 Service/event_groups.o
 .debug_info    0x00000000      0x8df Service/event_groups.o
 .debug_abbrev  0x00000000      0x1dc Service/event_groups.o
 .debug_loc     0x00000000      0xb41 Service/event_groups.o
 .debug_aranges
                0x00000000       0x68 Service/event_groups.o
 .debug_ranges  0x00000000       0x70 Service/event_groups.o
 .debug_line    0x00000000      0x437 Service/event_groups.o
 .debug_str     0x00000000      0x5c0 Service/event_groups.o
 .comment       0x00000000       0x31 Service/event_groups.o
 .debug_frame   0x00000000      0x15c Service/event_groups.o
 .text          0x00000000        0x0 Service/list.o
 .data          0x00000000        0x0 Service/list.o
 .bss           0x00000000        0x0 Service/list.o
 .text.vListInitialise
                0x00000000       0x1c Service/list.o
 .text.vListInitialiseItem
                0x00000000        0x8 Service/list.o
 .text.vListInsert
                0x00000000       0x62 Service/list.o
 .text          0x00000000        0x0 Service/portable/GCC/ATMega323/port.o
 .data          0x00000000        0x0 Service/portable/GCC/ATMega323/port.o
 .bss           0x00000000        0x0 Service/portable/GCC/ATMega323/port.o
 .text.prvSetupTimerInterrupt
                0x00000000       0x12 Service/portable/GCC/ATMega323/port.o
 .text.pxPortInitialiseStack
                0x00000000       0xd8 Service/portable/GCC/ATMega323/port.o
 .text.xPortStartScheduler
                0x00000000       0x5e Service/portable/GCC/ATMega323/port.o
 .text.vPortEndScheduler
                0x00000000        0x2 Service/portable/GCC/ATMega323/port.o
 .text.vPortYield
                0x00000000       0xb2 Service/portable/GCC/ATMega323/port.o
 .text          0x00000000        0x0 Service/portable/MemMang/heap_3.o
 .data          0x00000000        0x0 Service/portable/MemMang/heap_3.o
 .bss           0x00000000        0x0 Service/portable/MemMang/heap_3.o
 .text.pvPortMalloc
                0x00000000       0x1e Service/portable/MemMang/heap_3.o
 .text.vPortFree
                0x00000000       0x1e Service/portable/MemMang/heap_3.o
 .debug_info    0x00000000      0x171 Service/portable/MemMang/heap_3.o
 .debug_abbrev  0x00000000       0xd9 Service/portable/MemMang/heap_3.o
 .debug_loc     0x00000000      0x102 Service/portable/MemMang/heap_3.o
 .debug_aranges
                0x00000000       0x28 Service/portable/MemMang/heap_3.o
 .debug_ranges  0x00000000       0x18 Service/portable/MemMang/heap_3.o
 .debug_line    0x00000000      0x188 Service/portable/MemMang/heap_3.o
 .debug_str     0x00000000      0x219 Service/portable/MemMang/heap_3.o
 .comment       0x00000000       0x31 Service/portable/MemMang/heap_3.o
 .debug_frame   0x00000000       0x4c Service/portable/MemMang/heap_3.o
 .text          0x00000000        0x0 Service/queue.o
 .data          0x00000000        0x0 Service/queue.o
 .bss           0x00000000        0x0 Service/queue.o
 .text.prvGetDisinheritPriorityAfterTimeout
                0x00000000       0x20 Service/queue.o
 .text.prvIsQueueEmpty
                0x00000000       0x1a Service/queue.o
 .text.prvIsQueueFull
                0x00000000       0x1c Service/queue.o
 .text.prvCopyDataToQueue
                0x00000000       0xbe Service/queue.o
 .text.prvCopyDataFromQueue
                0x00000000       0x34 Service/queue.o
 .text.prvUnlockQueue
                0x00000000       0x68 Service/queue.o
 .text.xQueueGenericReset
                0x00000000       0x8c Service/queue.o
 .text.prvInitialiseNewQueue
                0x00000000       0x26 Service/queue.o
 .text.xQueueGenericCreate
                0x00000000       0x54 Service/queue.o
 .text.xQueueCreateCountingSemaphore
                0x00000000       0x18 Service/queue.o
 .text.xQueueGenericSend
                0x00000000      0x124 Service/queue.o
 .text.prvInitialiseMutex
                0x00000000       0x20 Service/queue.o
 .text.xQueueCreateMutex
                0x00000000       0x1c Service/queue.o
 .text.xQueueGenericSendFromISR
                0x00000000       0x74 Service/queue.o
 .text.xQueueReceive
                0x00000000      0x11e Service/queue.o
 .text.xQueueSemaphoreTake
                0x00000000      0x162 Service/queue.o
 .text.xQueuePeek
                0x00000000      0x122 Service/queue.o
 .text.xQueueReceiveFromISR
                0x00000000       0x6e Service/queue.o
 .text.xQueuePeekFromISR
                0x00000000       0x2e Service/queue.o
 .text.uxQueueMessagesWaiting
                0x00000000       0x10 Service/queue.o
 .text.uxQueueSpacesAvailable
                0x00000000       0x16 Service/queue.o
 .text.uxQueueMessagesWaitingFromISR
                0x00000000        0x6 Service/queue.o
 .text.vQueueDelete
                0x00000000        0x6 Service/queue.o
 .text.xQueueIsQueueEmptyFromISR
                0x00000000       0x10 Service/queue.o
 .text.xQueueIsQueueFullFromISR
                0x00000000       0x12 Service/queue.o
 .text          0x00000000        0x0 Service/service.o
 .data          0x00000000        0x0 Service/service.o
 .bss           0x00000000        0x0 Service/service.o
 .text.ESP01_CheckConnectionTask
                0x00000000       0x38 Service/service.o
 .text.System_Init
                0x00000000       0x36 Service/service.o
 .rodata.str1.1
                0x00000000       0x21 Service/service.o
 .text.startScheduler
                0x00000000       0x84 Service/service.o
 .text.GPS_GetLocationTask
                0x00000000       0x82 Service/service.o
 .text.RFID_TakeAttendance
                0x00000000       0x6a Service/service.o
 .text          0x00000000        0x0 Service/stream_buffer.o
 .data          0x00000000        0x0 Service/stream_buffer.o
 .bss           0x00000000        0x0 Service/stream_buffer.o
 .text.prvBytesInBuffer
                0x00000000       0x26 Service/stream_buffer.o
 .text.prvInitialiseNewStreamBuffer
                0x00000000       0x20 Service/stream_buffer.o
 .text.prvWriteBytesToBuffer
                0x00000000       0x92 Service/stream_buffer.o
 .text.prvWriteMessageToBuffer
                0x00000000       0x8a Service/stream_buffer.o
 .text.prvReadBytesFromBuffer
                0x00000000       0xa0 Service/stream_buffer.o
 .text.prvReadMessageFromBuffer
                0x00000000       0x8c Service/stream_buffer.o
 .text.xStreamBufferGenericCreate
                0x00000000       0x5a Service/stream_buffer.o
 .text.vStreamBufferDelete
                0x00000000       0x1a Service/stream_buffer.o
 .text.xStreamBufferReset
                0x00000000       0x3e Service/stream_buffer.o
 .text.xStreamBufferSetTriggerLevel
                0x00000000       0x22 Service/stream_buffer.o
 .text.xStreamBufferSpacesAvailable
                0x00000000       0x24 Service/stream_buffer.o
 .text.xStreamBufferBytesAvailable
                0x00000000        0x6 Service/stream_buffer.o
 .text.xStreamBufferSend
                0x00000000      0x14c Service/stream_buffer.o
 .text.xStreamBufferSendFromISR
                0x00000000       0x8c Service/stream_buffer.o
 .text.xStreamBufferReceive
                0x00000000       0xf8 Service/stream_buffer.o
 .text.xStreamBufferNextMessageLengthBytes
                0x00000000       0x66 Service/stream_buffer.o
 .text.xStreamBufferReceiveFromISR
                0x00000000       0x88 Service/stream_buffer.o
 .text.xStreamBufferIsEmpty
                0x00000000       0x18 Service/stream_buffer.o
 .text.xStreamBufferIsFull
                0x00000000       0x2c Service/stream_buffer.o
 .text.xStreamBufferSendCompletedFromISR
                0x00000000       0x46 Service/stream_buffer.o
 .text.xStreamBufferReceiveCompletedFromISR
                0x00000000       0x46 Service/stream_buffer.o
 .debug_info    0x00000000     0x12df Service/stream_buffer.o
 .debug_abbrev  0x00000000      0x22a Service/stream_buffer.o
 .debug_loc     0x00000000     0x1c5a Service/stream_buffer.o
 .debug_aranges
                0x00000000       0xc0 Service/stream_buffer.o
 .debug_ranges  0x00000000       0xb0 Service/stream_buffer.o
 .debug_line    0x00000000      0x79e Service/stream_buffer.o
 .debug_str     0x00000000      0x7d8 Service/stream_buffer.o
 .comment       0x00000000       0x31 Service/stream_buffer.o
 .debug_frame   0x00000000      0x3e8 Service/stream_buffer.o
 .text          0x00000000        0x0 Service/tasks.o
 .data          0x00000000        0x0 Service/tasks.o
 .bss           0x00000000        0x0 Service/tasks.o
 .text.prvDeleteTCB
                0x00000000       0x1a Service/tasks.o
 .text.prvInitialiseNewTask
                0x00000000       0xe6 Service/tasks.o
 .text.prvInitialiseTaskLists
                0x00000000       0x66 Service/tasks.o
 .text.prvAddNewTaskToReadyList
                0x00000000       0xb8 Service/tasks.o
 .text.prvCheckTasksWaitingTermination
                0x00000000       0x4c Service/tasks.o
 .text.prvIdleTask
                0x00000000       0x12 Service/tasks.o
 .text.prvAddCurrentTaskToDelayedList
                0x00000000       0x88 Service/tasks.o
 .text.xTaskCreate
                0x00000000       0xa8 Service/tasks.o
 .text.vTaskDelete
                0x00000000       0xa2 Service/tasks.o
 .rodata.str1.1
                0x00000000        0x5 Service/tasks.o
 .text.vTaskStartScheduler
                0x00000000       0x54 Service/tasks.o
 .text.vTaskEndScheduler
                0x00000000        0xc Service/tasks.o
 .text.vTaskSuspendAll
                0x00000000        0xc Service/tasks.o
 .text.xTaskGetTickCount
                0x00000000       0x14 Service/tasks.o
 .text.xTaskGetTickCountFromISR
                0x00000000        0xa Service/tasks.o
 .text.uxTaskGetNumberOfTasks
                0x00000000        0x6 Service/tasks.o
 .text.pcTaskGetName
                0x00000000       0x10 Service/tasks.o
 .text.xTaskResumeAll
                0x00000000       0xe4 Service/tasks.o
 .text.vTaskDelayUntil
                0x00000000       0x82 Service/tasks.o
 .text.vTaskDelay
                0x00000000       0x2c Service/tasks.o
 .text.vTaskPlaceOnEventList
                0x00000000       0x24 Service/tasks.o
 .text.vTaskPlaceOnUnorderedEventList
                0x00000000       0x32 Service/tasks.o
 .text.vTaskRemoveFromUnorderedEventList
                0x00000000       0x70 Service/tasks.o
 .text.vTaskSetTimeOutState
                0x00000000       0x20 Service/tasks.o
 .text.vTaskInternalSetTimeOutState
                0x00000000       0x16 Service/tasks.o
 .text.xTaskCheckForTimeOut
                0x00000000       0x5e Service/tasks.o
 .text.vTaskMissedYield
                0x00000000        0x8 Service/tasks.o
 .text.xTaskGetCurrentTaskHandle
                0x00000000        0xa Service/tasks.o
 .text.xTaskPriorityInherit
                0x00000000       0xe4 Service/tasks.o
 .text.xTaskPriorityDisinherit
                0x00000000       0x80 Service/tasks.o
 .text.vTaskPriorityDisinheritAfterTimeout
                0x00000000       0xa0 Service/tasks.o
 .text.uxTaskResetEventItemValue
                0x00000000       0x2e Service/tasks.o
 .text.pvTaskIncrementMutexHeldCount
                0x00000000       0x24 Service/tasks.o
 .text.ulTaskNotifyTake
                0x00000000       0xae Service/tasks.o
 .text.xTaskNotifyWait
                0x00000000      0x108 Service/tasks.o
 .text.xTaskGenericNotify
                0x00000000      0x10a Service/tasks.o
 .text.xTaskGenericNotifyFromISR
                0x00000000      0x12e Service/tasks.o
 .text.vTaskNotifyGiveFromISR
                0x00000000       0xb4 Service/tasks.o
 .text.xTaskNotifyStateClear
                0x00000000       0x28 Service/tasks.o
 .bss.xIdleTaskHandle
                0x00000000        0x2 Service/tasks.o
 .bss.uxTaskNumber
                0x00000000        0x1 Service/tasks.o
 .bss.xSchedulerRunning
                0x00000000        0x1 Service/tasks.o
 .bss.uxCurrentNumberOfTasks
                0x00000000        0x1 Service/tasks.o
 .bss.uxDeletedTasksWaitingCleanUp
                0x00000000        0x1 Service/tasks.o
 .bss.xTasksWaitingTermination
                0x00000000        0x9 Service/tasks.o
 .bss.xDelayedTaskList2
                0x00000000        0x9 Service/tasks.o
 .bss.xDelayedTaskList1
                0x00000000        0x9 Service/tasks.o
 .text          0x00000000        0x0 Service/timers.o
 .data          0x00000000        0x0 Service/timers.o
 .bss           0x00000000        0x0 Service/timers.o
 .debug_info    0x00000000       0x64 Service/timers.o
 .debug_abbrev  0x00000000       0x26 Service/timers.o
 .debug_aranges
                0x00000000       0x18 Service/timers.o
 .debug_line    0x00000000       0x1a Service/timers.o
 .debug_str     0x00000000      0x1aa Service/timers.o
 .comment       0x00000000       0x31 Service/timers.o
 .text          0x00000000        0x0 c:/program files (x86)/atmel/studio/7.0/toolchain/avr8/avr8-gnu-toolchain/bin/../lib/gcc/avr/5.4.0/../../../../avr/lib/avr51\libm.a(addsf3.o)
 .data          0x00000000        0x0 c:/program files (x86)/atmel/studio/7.0/toolchain/avr8/avr8-gnu-toolchain/bin/../lib/gcc/avr/5.4.0/../../../../avr/lib/avr51\libm.a(addsf3.o)
 .bss           0x00000000        0x0 c:/program files (x86)/atmel/studio/7.0/toolchain/avr8/avr8-gnu-toolchain/bin/../lib/gcc/avr/5.4.0/../../../../avr/lib/avr51\libm.a(addsf3.o)
 .text          0x00000000        0x0 c:/program files (x86)/atmel/studio/7.0/toolchain/avr8/avr8-gnu-toolchain/bin/../lib/gcc/avr/5.4.0/../../../../avr/lib/avr51\libm.a(addsf3x.o)
 .data          0x00000000        0x0 c:/program files (x86)/atmel/studio/7.0/toolchain/avr8/avr8-gnu-toolchain/bin/../lib/gcc/avr/5.4.0/../../../../avr/lib/avr51\libm.a(addsf3x.o)
 .bss           0x00000000        0x0 c:/program files (x86)/atmel/studio/7.0/toolchain/avr8/avr8-gnu-toolchain/bin/../lib/gcc/avr/5.4.0/../../../../avr/lib/avr51\libm.a(addsf3x.o)
 .text          0x00000000        0x0 c:/program files (x86)/atmel/studio/7.0/toolchain/avr8/avr8-gnu-toolchain/bin/../lib/gcc/avr/5.4.0/../../../../avr/lib/avr51\libm.a(cmpsf2.o)
 .data          0x00000000        0x0 c:/program files (x86)/atmel/studio/7.0/toolchain/avr8/avr8-gnu-toolchain/bin/../lib/gcc/avr/5.4.0/../../../../avr/lib/avr51\libm.a(cmpsf2.o)
 .bss           0x00000000        0x0 c:/program files (x86)/atmel/studio/7.0/toolchain/avr8/avr8-gnu-toolchain/bin/../lib/gcc/avr/5.4.0/../../../../avr/lib/avr51\libm.a(cmpsf2.o)
 .text          0x00000000        0x0 c:/program files (x86)/atmel/studio/7.0/toolchain/avr8/avr8-gnu-toolchain/bin/../lib/gcc/avr/5.4.0/../../../../avr/lib/avr51\libm.a(divsf3.o)
 .data          0x00000000        0x0 c:/program files (x86)/atmel/studio/7.0/toolchain/avr8/avr8-gnu-toolchain/bin/../lib/gcc/avr/5.4.0/../../../../avr/lib/avr51\libm.a(divsf3.o)
 .bss           0x00000000        0x0 c:/program files (x86)/atmel/studio/7.0/toolchain/avr8/avr8-gnu-toolchain/bin/../lib/gcc/avr/5.4.0/../../../../avr/lib/avr51\libm.a(divsf3.o)
 .text          0x00000000        0x0 c:/program files (x86)/atmel/studio/7.0/toolchain/avr8/avr8-gnu-toolchain/bin/../lib/gcc/avr/5.4.0/../../../../avr/lib/avr51\libm.a(divsf3x.o)
 .data          0x00000000        0x0 c:/program files (x86)/atmel/studio/7.0/toolchain/avr8/avr8-gnu-toolchain/bin/../lib/gcc/avr/5.4.0/../../../../avr/lib/avr51\libm.a(divsf3x.o)
 .bss           0x00000000        0x0 c:/program files (x86)/atmel/studio/7.0/toolchain/avr8/avr8-gnu-toolchain/bin/../lib/gcc/avr/5.4.0/../../../../avr/lib/avr51\libm.a(divsf3x.o)
 .text          0x00000000        0x0 c:/program files (x86)/atmel/studio/7.0/toolchain/avr8/avr8-gnu-toolchain/bin/../lib/gcc/avr/5.4.0/../../../../avr/lib/avr51\libm.a(fixunssfsi.o)
 .data          0x00000000        0x0 c:/program files (x86)/atmel/studio/7.0/toolchain/avr8/avr8-gnu-toolchain/bin/../lib/gcc/avr/5.4.0/../../../../avr/lib/avr51\libm.a(fixunssfsi.o)
 .bss           0x00000000        0x0 c:/program files (x86)/atmel/studio/7.0/toolchain/avr8/avr8-gnu-toolchain/bin/../lib/gcc/avr/5.4.0/../../../../avr/lib/avr51\libm.a(fixunssfsi.o)
 .text          0x00000000        0x0 c:/program files (x86)/atmel/studio/7.0/toolchain/avr8/avr8-gnu-toolchain/bin/../lib/gcc/avr/5.4.0/../../../../avr/lib/avr51\libm.a(floatsisf.o)
 .data          0x00000000        0x0 c:/program files (x86)/atmel/studio/7.0/toolchain/avr8/avr8-gnu-toolchain/bin/../lib/gcc/avr/5.4.0/../../../../avr/lib/avr51\libm.a(floatsisf.o)
 .bss           0x00000000        0x0 c:/program files (x86)/atmel/studio/7.0/toolchain/avr8/avr8-gnu-toolchain/bin/../lib/gcc/avr/5.4.0/../../../../avr/lib/avr51\libm.a(floatsisf.o)
 .text          0x00000000        0x0 c:/program files (x86)/atmel/studio/7.0/toolchain/avr8/avr8-gnu-toolchain/bin/../lib/gcc/avr/5.4.0/../../../../avr/lib/avr51\libm.a(fp_cmp.o)
 .data          0x00000000        0x0 c:/program files (x86)/atmel/studio/7.0/toolchain/avr8/avr8-gnu-toolchain/bin/../lib/gcc/avr/5.4.0/../../../../avr/lib/avr51\libm.a(fp_cmp.o)
 .bss           0x00000000        0x0 c:/program files (x86)/atmel/studio/7.0/toolchain/avr8/avr8-gnu-toolchain/bin/../lib/gcc/avr/5.4.0/../../../../avr/lib/avr51\libm.a(fp_cmp.o)
 .text          0x00000000        0x0 c:/program files (x86)/atmel/studio/7.0/toolchain/avr8/avr8-gnu-toolchain/bin/../lib/gcc/avr/5.4.0/../../../../avr/lib/avr51\libm.a(fp_inf.o)
 .data          0x00000000        0x0 c:/program files (x86)/atmel/studio/7.0/toolchain/avr8/avr8-gnu-toolchain/bin/../lib/gcc/avr/5.4.0/../../../../avr/lib/avr51\libm.a(fp_inf.o)
 .bss           0x00000000        0x0 c:/program files (x86)/atmel/studio/7.0/toolchain/avr8/avr8-gnu-toolchain/bin/../lib/gcc/avr/5.4.0/../../../../avr/lib/avr51\libm.a(fp_inf.o)
 .text          0x00000000        0x0 c:/program files (x86)/atmel/studio/7.0/toolchain/avr8/avr8-gnu-toolchain/bin/../lib/gcc/avr/5.4.0/../../../../avr/lib/avr51\libm.a(fp_nan.o)
 .data          0x00000000        0x0 c:/program files (x86)/atmel/studio/7.0/toolchain/avr8/avr8-gnu-toolchain/bin/../lib/gcc/avr/5.4.0/../../../../avr/lib/avr51\libm.a(fp_nan.o)
 .bss           0x00000000        0x0 c:/program files (x86)/atmel/studio/7.0/toolchain/avr8/avr8-gnu-toolchain/bin/../lib/gcc/avr/5.4.0/../../../../avr/lib/avr51\libm.a(fp_nan.o)
 .text          0x00000000        0x0 c:/program files (x86)/atmel/studio/7.0/toolchain/avr8/avr8-gnu-toolchain/bin/../lib/gcc/avr/5.4.0/../../../../avr/lib/avr51\libm.a(fp_pscA.o)
 .data          0x00000000        0x0 c:/program files (x86)/atmel/studio/7.0/toolchain/avr8/avr8-gnu-toolchain/bin/../lib/gcc/avr/5.4.0/../../../../avr/lib/avr51\libm.a(fp_pscA.o)
 .bss           0x00000000        0x0 c:/program files (x86)/atmel/studio/7.0/toolchain/avr8/avr8-gnu-toolchain/bin/../lib/gcc/avr/5.4.0/../../../../avr/lib/avr51\libm.a(fp_pscA.o)
 .text          0x00000000        0x0 c:/program files (x86)/atmel/studio/7.0/toolchain/avr8/avr8-gnu-toolchain/bin/../lib/gcc/avr/5.4.0/../../../../avr/lib/avr51\libm.a(fp_pscB.o)
 .data          0x00000000        0x0 c:/program files (x86)/atmel/studio/7.0/toolchain/avr8/avr8-gnu-toolchain/bin/../lib/gcc/avr/5.4.0/../../../../avr/lib/avr51\libm.a(fp_pscB.o)
 .bss           0x00000000        0x0 c:/program files (x86)/atmel/studio/7.0/toolchain/avr8/avr8-gnu-toolchain/bin/../lib/gcc/avr/5.4.0/../../../../avr/lib/avr51\libm.a(fp_pscB.o)
 .text          0x00000000        0x0 c:/program files (x86)/atmel/studio/7.0/toolchain/avr8/avr8-gnu-toolchain/bin/../lib/gcc/avr/5.4.0/../../../../avr/lib/avr51\libm.a(fp_round.o)
 .data          0x00000000        0x0 c:/program files (x86)/atmel/studio/7.0/toolchain/avr8/avr8-gnu-toolchain/bin/../lib/gcc/avr/5.4.0/../../../../avr/lib/avr51\libm.a(fp_round.o)
 .bss           0x00000000        0x0 c:/program files (x86)/atmel/studio/7.0/toolchain/avr8/avr8-gnu-toolchain/bin/../lib/gcc/avr/5.4.0/../../../../avr/lib/avr51\libm.a(fp_round.o)
 .text          0x00000000        0x0 c:/program files (x86)/atmel/studio/7.0/toolchain/avr8/avr8-gnu-toolchain/bin/../lib/gcc/avr/5.4.0/../../../../avr/lib/avr51\libm.a(fp_split3.o)
 .data          0x00000000        0x0 c:/program files (x86)/atmel/studio/7.0/toolchain/avr8/avr8-gnu-toolchain/bin/../lib/gcc/avr/5.4.0/../../../../avr/lib/avr51\libm.a(fp_split3.o)
 .bss           0x00000000        0x0 c:/program files (x86)/atmel/studio/7.0/toolchain/avr8/avr8-gnu-toolchain/bin/../lib/gcc/avr/5.4.0/../../../../avr/lib/avr51\libm.a(fp_split3.o)
 .text          0x00000000        0x0 c:/program files (x86)/atmel/studio/7.0/toolchain/avr8/avr8-gnu-toolchain/bin/../lib/gcc/avr/5.4.0/../../../../avr/lib/avr51\libm.a(fp_zero.o)
 .data          0x00000000        0x0 c:/program files (x86)/atmel/studio/7.0/toolchain/avr8/avr8-gnu-toolchain/bin/../lib/gcc/avr/5.4.0/../../../../avr/lib/avr51\libm.a(fp_zero.o)
 .bss           0x00000000        0x0 c:/program files (x86)/atmel/studio/7.0/toolchain/avr8/avr8-gnu-toolchain/bin/../lib/gcc/avr/5.4.0/../../../../avr/lib/avr51\libm.a(fp_zero.o)
 .text          0x00000000        0x0 c:/program files (x86)/atmel/studio/7.0/toolchain/avr8/avr8-gnu-toolchain/bin/../lib/gcc/avr/5.4.0/../../../../avr/lib/avr51\libm.a(gesf2.o)
 .data          0x00000000        0x0 c:/program files (x86)/atmel/studio/7.0/toolchain/avr8/avr8-gnu-toolchain/bin/../lib/gcc/avr/5.4.0/../../../../avr/lib/avr51\libm.a(gesf2.o)
 .bss           0x00000000        0x0 c:/program files (x86)/atmel/studio/7.0/toolchain/avr8/avr8-gnu-toolchain/bin/../lib/gcc/avr/5.4.0/../../../../avr/lib/avr51\libm.a(gesf2.o)
 .text          0x00000000        0x0 c:/program files (x86)/atmel/studio/7.0/toolchain/avr8/avr8-gnu-toolchain/bin/../lib/gcc/avr/5.4.0/../../../../avr/lib/avr51\libm.a(mulsf3.o)
 .data          0x00000000        0x0 c:/program files (x86)/atmel/studio/7.0/toolchain/avr8/avr8-gnu-toolchain/bin/../lib/gcc/avr/5.4.0/../../../../avr/lib/avr51\libm.a(mulsf3.o)
 .bss           0x00000000        0x0 c:/program files (x86)/atmel/studio/7.0/toolchain/avr8/avr8-gnu-toolchain/bin/../lib/gcc/avr/5.4.0/../../../../avr/lib/avr51\libm.a(mulsf3.o)
 .text          0x00000000        0x0 c:/program files (x86)/atmel/studio/7.0/toolchain/avr8/avr8-gnu-toolchain/bin/../lib/gcc/avr/5.4.0/../../../../avr/lib/avr51\libm.a(mulsf3x.o)
 .data          0x00000000        0x0 c:/program files (x86)/atmel/studio/7.0/toolchain/avr8/avr8-gnu-toolchain/bin/../lib/gcc/avr/5.4.0/../../../../avr/lib/avr51\libm.a(mulsf3x.o)
 .bss           0x00000000        0x0 c:/program files (x86)/atmel/studio/7.0/toolchain/avr8/avr8-gnu-toolchain/bin/../lib/gcc/avr/5.4.0/../../../../avr/lib/avr51\libm.a(mulsf3x.o)
 .text          0x00000000        0x0 c:/program files (x86)/atmel/studio/7.0/toolchain/avr8/avr8-gnu-toolchain/bin/../lib/gcc/avr/5.4.0/avr51\libgcc.a(_udivmodsi4.o)
 .data          0x00000000        0x0 c:/program files (x86)/atmel/studio/7.0/toolchain/avr8/avr8-gnu-toolchain/bin/../lib/gcc/avr/5.4.0/avr51\libgcc.a(_udivmodsi4.o)
 .bss           0x00000000        0x0 c:/program files (x86)/atmel/studio/7.0/toolchain/avr8/avr8-gnu-toolchain/bin/../lib/gcc/avr/5.4.0/avr51\libgcc.a(_udivmodsi4.o)
 .text.libgcc.mul
                0x00000000        0x0 c:/program files (x86)/atmel/studio/7.0/toolchain/avr8/avr8-gnu-toolchain/bin/../lib/gcc/avr/5.4.0/avr51\libgcc.a(_udivmodsi4.o)
 .text.libgcc   0x00000000        0x0 c:/program files (x86)/atmel/studio/7.0/toolchain/avr8/avr8-gnu-toolchain/bin/../lib/gcc/avr/5.4.0/avr51\libgcc.a(_udivmodsi4.o)
 .text.libgcc.prologue
                0x00000000        0x0 c:/program files (x86)/atmel/studio/7.0/toolchain/avr8/avr8-gnu-toolchain/bin/../lib/gcc/avr/5.4.0/avr51\libgcc.a(_udivmodsi4.o)
 .text.libgcc.builtins
                0x00000000        0x0 c:/program files (x86)/atmel/studio/7.0/toolchain/avr8/avr8-gnu-toolchain/bin/../lib/gcc/avr/5.4.0/avr51\libgcc.a(_udivmodsi4.o)
 .text.libgcc.fmul
                0x00000000        0x0 c:/program files (x86)/atmel/studio/7.0/toolchain/avr8/avr8-gnu-toolchain/bin/../lib/gcc/avr/5.4.0/avr51\libgcc.a(_udivmodsi4.o)
 .text.libgcc.fixed
                0x00000000        0x0 c:/program files (x86)/atmel/studio/7.0/toolchain/avr8/avr8-gnu-toolchain/bin/../lib/gcc/avr/5.4.0/avr51\libgcc.a(_udivmodsi4.o)
 .text          0x00000000        0x0 c:/program files (x86)/atmel/studio/7.0/toolchain/avr8/avr8-gnu-toolchain/bin/../lib/gcc/avr/5.4.0/avr51\libgcc.a(_exit.o)
 .data          0x00000000        0x0 c:/program files (x86)/atmel/studio/7.0/toolchain/avr8/avr8-gnu-toolchain/bin/../lib/gcc/avr/5.4.0/avr51\libgcc.a(_exit.o)
 .bss           0x00000000        0x0 c:/program files (x86)/atmel/studio/7.0/toolchain/avr8/avr8-gnu-toolchain/bin/../lib/gcc/avr/5.4.0/avr51\libgcc.a(_exit.o)
 .text.libgcc.mul
                0x00000000        0x0 c:/program files (x86)/atmel/studio/7.0/toolchain/avr8/avr8-gnu-toolchain/bin/../lib/gcc/avr/5.4.0/avr51\libgcc.a(_exit.o)
 .text.libgcc.div
                0x00000000        0x0 c:/program files (x86)/atmel/studio/7.0/toolchain/avr8/avr8-gnu-toolchain/bin/../lib/gcc/avr/5.4.0/avr51\libgcc.a(_exit.o)
 .text.libgcc   0x00000000        0x0 c:/program files (x86)/atmel/studio/7.0/toolchain/avr8/avr8-gnu-toolchain/bin/../lib/gcc/avr/5.4.0/avr51\libgcc.a(_exit.o)
 .text.libgcc.prologue
                0x00000000        0x0 c:/program files (x86)/atmel/studio/7.0/toolchain/avr8/avr8-gnu-toolchain/bin/../lib/gcc/avr/5.4.0/avr51\libgcc.a(_exit.o)
 .text.libgcc.builtins
                0x00000000        0x0 c:/program files (x86)/atmel/studio/7.0/toolchain/avr8/avr8-gnu-toolchain/bin/../lib/gcc/avr/5.4.0/avr51\libgcc.a(_exit.o)
 .text.libgcc.fmul
                0x00000000        0x0 c:/program files (x86)/atmel/studio/7.0/toolchain/avr8/avr8-gnu-toolchain/bin/../lib/gcc/avr/5.4.0/avr51\libgcc.a(_exit.o)
 .text.libgcc.fixed
                0x00000000        0x0 c:/program files (x86)/atmel/studio/7.0/toolchain/avr8/avr8-gnu-toolchain/bin/../lib/gcc/avr/5.4.0/avr51\libgcc.a(_exit.o)
 .text          0x00000000        0x0 c:/program files (x86)/atmel/studio/7.0/toolchain/avr8/avr8-gnu-toolchain/bin/../lib/gcc/avr/5.4.0/avr51\libgcc.a(_tablejump2.o)
 .data          0x00000000        0x0 c:/program files (x86)/atmel/studio/7.0/toolchain/avr8/avr8-gnu-toolchain/bin/../lib/gcc/avr/5.4.0/avr51\libgcc.a(_tablejump2.o)
 .bss           0x00000000        0x0 c:/program files (x86)/atmel/studio/7.0/toolchain/avr8/avr8-gnu-toolchain/bin/../lib/gcc/avr/5.4.0/avr51\libgcc.a(_tablejump2.o)
 .text.libgcc.mul
                0x00000000        0x0 c:/program files (x86)/atmel/studio/7.0/toolchain/avr8/avr8-gnu-toolchain/bin/../lib/gcc/avr/5.4.0/avr51\libgcc.a(_tablejump2.o)
 .text.libgcc.div
                0x00000000        0x0 c:/program files (x86)/atmel/studio/7.0/toolchain/avr8/avr8-gnu-toolchain/bin/../lib/gcc/avr/5.4.0/avr51\libgcc.a(_tablejump2.o)
 .text.libgcc.prologue
                0x00000000        0x0 c:/program files (x86)/atmel/studio/7.0/toolchain/avr8/avr8-gnu-toolchain/bin/../lib/gcc/avr/5.4.0/avr51\libgcc.a(_tablejump2.o)
 .text.libgcc.builtins
                0x00000000        0x0 c:/program files (x86)/atmel/studio/7.0/toolchain/avr8/avr8-gnu-toolchain/bin/../lib/gcc/avr/5.4.0/avr51\libgcc.a(_tablejump2.o)
 .text.libgcc.fmul
                0x00000000        0x0 c:/program files (x86)/atmel/studio/7.0/toolchain/avr8/avr8-gnu-toolchain/bin/../lib/gcc/avr/5.4.0/avr51\libgcc.a(_tablejump2.o)
 .text.libgcc.fixed
                0x00000000        0x0 c:/program files (x86)/atmel/studio/7.0/toolchain/avr8/avr8-gnu-toolchain/bin/../lib/gcc/avr/5.4.0/avr51\libgcc.a(_tablejump2.o)
 .text          0x00000000        0x0 c:/program files (x86)/atmel/studio/7.0/toolchain/avr8/avr8-gnu-toolchain/bin/../lib/gcc/avr/5.4.0/avr51\libgcc.a(_copy_data.o)
 .data          0x00000000        0x0 c:/program files (x86)/atmel/studio/7.0/toolchain/avr8/avr8-gnu-toolchain/bin/../lib/gcc/avr/5.4.0/avr51\libgcc.a(_copy_data.o)
 .bss           0x00000000        0x0 c:/program files (x86)/atmel/studio/7.0/toolchain/avr8/avr8-gnu-toolchain/bin/../lib/gcc/avr/5.4.0/avr51\libgcc.a(_copy_data.o)
 .text.libgcc.mul
                0x00000000        0x0 c:/program files (x86)/atmel/studio/7.0/toolchain/avr8/avr8-gnu-toolchain/bin/../lib/gcc/avr/5.4.0/avr51\libgcc.a(_copy_data.o)
 .text.libgcc.div
                0x00000000        0x0 c:/program files (x86)/atmel/studio/7.0/toolchain/avr8/avr8-gnu-toolchain/bin/../lib/gcc/avr/5.4.0/avr51\libgcc.a(_copy_data.o)
 .text.libgcc   0x00000000        0x0 c:/program files (x86)/atmel/studio/7.0/toolchain/avr8/avr8-gnu-toolchain/bin/../lib/gcc/avr/5.4.0/avr51\libgcc.a(_copy_data.o)
 .text.libgcc.prologue
                0x00000000        0x0 c:/program files (x86)/atmel/studio/7.0/toolchain/avr8/avr8-gnu-toolchain/bin/../lib/gcc/avr/5.4.0/avr51\libgcc.a(_copy_data.o)
 .text.libgcc.builtins
                0x00000000        0x0 c:/program files (x86)/atmel/studio/7.0/toolchain/avr8/avr8-gnu-toolchain/bin/../lib/gcc/avr/5.4.0/avr51\libgcc.a(_copy_data.o)
 .text.libgcc.fmul
                0x00000000        0x0 c:/program files (x86)/atmel/studio/7.0/toolchain/avr8/avr8-gnu-toolchain/bin/../lib/gcc/avr/5.4.0/avr51\libgcc.a(_copy_data.o)
 .text.libgcc.fixed
                0x00000000        0x0 c:/program files (x86)/atmel/studio/7.0/toolchain/avr8/avr8-gnu-toolchain/bin/../lib/gcc/avr/5.4.0/avr51\libgcc.a(_copy_data.o)
 .text          0x00000000        0x0 c:/program files (x86)/atmel/studio/7.0/toolchain/avr8/avr8-gnu-toolchain/bin/../lib/gcc/avr/5.4.0/avr51\libgcc.a(_clear_bss.o)
 .data          0x00000000        0x0 c:/program files (x86)/atmel/studio/7.0/toolchain/avr8/avr8-gnu-toolchain/bin/../lib/gcc/avr/5.4.0/avr51\libgcc.a(_clear_bss.o)
 .bss           0x00000000        0x0 c:/program files (x86)/atmel/studio/7.0/toolchain/avr8/avr8-gnu-toolchain/bin/../lib/gcc/avr/5.4.0/avr51\libgcc.a(_clear_bss.o)
 .text.libgcc.mul
                0x00000000        0x0 c:/program files (x86)/atmel/studio/7.0/toolchain/avr8/avr8-gnu-toolchain/bin/../lib/gcc/avr/5.4.0/avr51\libgcc.a(_clear_bss.o)
 .text.libgcc.div
                0x00000000        0x0 c:/program files (x86)/atmel/studio/7.0/toolchain/avr8/avr8-gnu-toolchain/bin/../lib/gcc/avr/5.4.0/avr51\libgcc.a(_clear_bss.o)
 .text.libgcc   0x00000000        0x0 c:/program files (x86)/atmel/studio/7.0/toolchain/avr8/avr8-gnu-toolchain/bin/../lib/gcc/avr/5.4.0/avr51\libgcc.a(_clear_bss.o)
 .text.libgcc.prologue
                0x00000000        0x0 c:/program files (x86)/atmel/studio/7.0/toolchain/avr8/avr8-gnu-toolchain/bin/../lib/gcc/avr/5.4.0/avr51\libgcc.a(_clear_bss.o)
 .text.libgcc.builtins
                0x00000000        0x0 c:/program files (x86)/atmel/studio/7.0/toolchain/avr8/avr8-gnu-toolchain/bin/../lib/gcc/avr/5.4.0/avr51\libgcc.a(_clear_bss.o)
 .text.libgcc.fmul
                0x00000000        0x0 c:/program files (x86)/atmel/studio/7.0/toolchain/avr8/avr8-gnu-toolchain/bin/../lib/gcc/avr/5.4.0/avr51\libgcc.a(_clear_bss.o)
 .text.libgcc.fixed
                0x00000000        0x0 c:/program files (x86)/atmel/studio/7.0/toolchain/avr8/avr8-gnu-toolchain/bin/../lib/gcc/avr/5.4.0/avr51\libgcc.a(_clear_bss.o)
 .text          0x00000000        0x0 c:/program files (x86)/atmel/studio/7.0/toolchain/avr8/avr8-gnu-toolchain/bin/../lib/gcc/avr/5.4.0/../../../../avr/lib/avr51\libc.a(malloc.o)
 .data          0x00000000        0x6 c:/program files (x86)/atmel/studio/7.0/toolchain/avr8/avr8-gnu-toolchain/bin/../lib/gcc/avr/5.4.0/../../../../avr/lib/avr51\libc.a(malloc.o)
 .bss           0x00000000        0x0 c:/program files (x86)/atmel/studio/7.0/toolchain/avr8/avr8-gnu-toolchain/bin/../lib/gcc/avr/5.4.0/../../../../avr/lib/avr51\libc.a(malloc.o)
 .text.avr-libc
                0x00000000      0x242 c:/program files (x86)/atmel/studio/7.0/toolchain/avr8/avr8-gnu-toolchain/bin/../lib/gcc/avr/5.4.0/../../../../avr/lib/avr51\libc.a(malloc.o)
 .comment       0x00000000       0x31 c:/program files (x86)/atmel/studio/7.0/toolchain/avr8/avr8-gnu-toolchain/bin/../lib/gcc/avr/5.4.0/../../../../avr/lib/avr51\libc.a(malloc.o)
 COMMON         0x00000000        0x4 c:/program files (x86)/atmel/studio/7.0/toolchain/avr8/avr8-gnu-toolchain/bin/../lib/gcc/avr/5.4.0/../../../../avr/lib/avr51\libc.a(malloc.o)
 .text          0x00000000        0x0 c:/program files (x86)/atmel/studio/7.0/toolchain/avr8/avr8-gnu-toolchain/bin/../lib/gcc/avr/5.4.0/../../../../avr/lib/avr51\libc.a(memcpy.o)
 .data          0x00000000        0x0 c:/program files (x86)/atmel/studio/7.0/toolchain/avr8/avr8-gnu-toolchain/bin/../lib/gcc/avr/5.4.0/../../../../avr/lib/avr51\libc.a(memcpy.o)
 .bss           0x00000000        0x0 c:/program files (x86)/atmel/studio/7.0/toolchain/avr8/avr8-gnu-toolchain/bin/../lib/gcc/avr/5.4.0/../../../../avr/lib/avr51\libc.a(memcpy.o)
 .text.avr-libc
                0x00000000       0x12 c:/program files (x86)/atmel/studio/7.0/toolchain/avr8/avr8-gnu-toolchain/bin/../lib/gcc/avr/5.4.0/../../../../avr/lib/avr51\libc.a(memcpy.o)
 .text          0x00000000        0x0 c:/program files (x86)/atmel/studio/7.0/toolchain/avr8/avr8-gnu-toolchain/bin/../lib/gcc/avr/5.4.0/../../../../avr/lib/avr51\libc.a(memset.o)
 .data          0x00000000        0x0 c:/program files (x86)/atmel/studio/7.0/toolchain/avr8/avr8-gnu-toolchain/bin/../lib/gcc/avr/5.4.0/../../../../avr/lib/avr51\libc.a(memset.o)
 .bss           0x00000000        0x0 c:/program files (x86)/atmel/studio/7.0/toolchain/avr8/avr8-gnu-toolchain/bin/../lib/gcc/avr/5.4.0/../../../../avr/lib/avr51\libc.a(memset.o)
 .text          0x00000000        0x0 c:/program files (x86)/atmel/studio/7.0/toolchain/avr8/avr8-gnu-toolchain/bin/../lib/gcc/avr/5.4.0/../../../../avr/lib/avr51\libc.a(strncpy.o)
 .data          0x00000000        0x0 c:/program files (x86)/atmel/studio/7.0/toolchain/avr8/avr8-gnu-toolchain/bin/../lib/gcc/avr/5.4.0/../../../../avr/lib/avr51\libc.a(strncpy.o)
 .bss           0x00000000        0x0 c:/program files (x86)/atmel/studio/7.0/toolchain/avr8/avr8-gnu-toolchain/bin/../lib/gcc/avr/5.4.0/../../../../avr/lib/avr51\libc.a(strncpy.o)
 .text.avr-libc
                0x00000000       0x1e c:/program files (x86)/atmel/studio/7.0/toolchain/avr8/avr8-gnu-toolchain/bin/../lib/gcc/avr/5.4.0/../../../../avr/lib/avr51\libc.a(strncpy.o)
 .text          0x00000000        0x0 c:/program files (x86)/atmel/studio/7.0/toolchain/avr8/avr8-gnu-toolchain/bin/../lib/gcc/avr/5.4.0/../../../../avr/lib/avr51\libc.a(strstr.o)
 .data          0x00000000        0x0 c:/program files (x86)/atmel/studio/7.0/toolchain/avr8/avr8-gnu-toolchain/bin/../lib/gcc/avr/5.4.0/../../../../avr/lib/avr51\libc.a(strstr.o)
 .bss           0x00000000        0x0 c:/program files (x86)/atmel/studio/7.0/toolchain/avr8/avr8-gnu-toolchain/bin/../lib/gcc/avr/5.4.0/../../../../avr/lib/avr51\libc.a(strstr.o)
 .text.avr-libc
                0x00000000       0x34 c:/program files (x86)/atmel/studio/7.0/toolchain/avr8/avr8-gnu-toolchain/bin/../lib/gcc/avr/5.4.0/../../../../avr/lib/avr51\libc.a(strstr.o)
 .text          0x00000000        0x0 c:/program files (x86)/atmel/studio/7.0/toolchain/avr8/avr8-gnu-toolchain/bin/../lib/gcc/avr/5.4.0/../../../../avr/lib/avr51\libc.a(sprintf.o)
 .data          0x00000000        0x0 c:/program files (x86)/atmel/studio/7.0/toolchain/avr8/avr8-gnu-toolchain/bin/../lib/gcc/avr/5.4.0/../../../../avr/lib/avr51\libc.a(sprintf.o)
 .bss           0x00000000        0x0 c:/program files (x86)/atmel/studio/7.0/toolchain/avr8/avr8-gnu-toolchain/bin/../lib/gcc/avr/5.4.0/../../../../avr/lib/avr51\libc.a(sprintf.o)
 .text          0x00000000        0x0 c:/program files (x86)/atmel/studio/7.0/toolchain/avr8/avr8-gnu-toolchain/bin/../lib/gcc/avr/5.4.0/../../../../avr/lib/avr51\libc.a(vfprintf_std.o)
 .data          0x00000000        0x0 c:/program files (x86)/atmel/studio/7.0/toolchain/avr8/avr8-gnu-toolchain/bin/../lib/gcc/avr/5.4.0/../../../../avr/lib/avr51\libc.a(vfprintf_std.o)
 .bss           0x00000000        0x0 c:/program files (x86)/atmel/studio/7.0/toolchain/avr8/avr8-gnu-toolchain/bin/../lib/gcc/avr/5.4.0/../../../../avr/lib/avr51\libc.a(vfprintf_std.o)
 .text          0x00000000        0x0 c:/program files (x86)/atmel/studio/7.0/toolchain/avr8/avr8-gnu-toolchain/bin/../lib/gcc/avr/5.4.0/../../../../avr/lib/avr51\libc.a(strnlen_P.o)
 .data          0x00000000        0x0 c:/program files (x86)/atmel/studio/7.0/toolchain/avr8/avr8-gnu-toolchain/bin/../lib/gcc/avr/5.4.0/../../../../avr/lib/avr51\libc.a(strnlen_P.o)
 .bss           0x00000000        0x0 c:/program files (x86)/atmel/studio/7.0/toolchain/avr8/avr8-gnu-toolchain/bin/../lib/gcc/avr/5.4.0/../../../../avr/lib/avr51\libc.a(strnlen_P.o)
 .text          0x00000000        0x0 c:/program files (x86)/atmel/studio/7.0/toolchain/avr8/avr8-gnu-toolchain/bin/../lib/gcc/avr/5.4.0/../../../../avr/lib/avr51\libc.a(strnlen.o)
 .data          0x00000000        0x0 c:/program files (x86)/atmel/studio/7.0/toolchain/avr8/avr8-gnu-toolchain/bin/../lib/gcc/avr/5.4.0/../../../../avr/lib/avr51\libc.a(strnlen.o)
 .bss           0x00000000        0x0 c:/program files (x86)/atmel/studio/7.0/toolchain/avr8/avr8-gnu-toolchain/bin/../lib/gcc/avr/5.4.0/../../../../avr/lib/avr51\libc.a(strnlen.o)
 .text          0x00000000        0x0 c:/program files (x86)/atmel/studio/7.0/toolchain/avr8/avr8-gnu-toolchain/bin/../lib/gcc/avr/5.4.0/../../../../avr/lib/avr51\libc.a(fputc.o)
 .data          0x00000000        0x0 c:/program files (x86)/atmel/studio/7.0/toolchain/avr8/avr8-gnu-toolchain/bin/../lib/gcc/avr/5.4.0/../../../../avr/lib/avr51\libc.a(fputc.o)
 .bss           0x00000000        0x0 c:/program files (x86)/atmel/studio/7.0/toolchain/avr8/avr8-gnu-toolchain/bin/../lib/gcc/avr/5.4.0/../../../../avr/lib/avr51\libc.a(fputc.o)
 .text          0x00000000        0x0 c:/program files (x86)/atmel/studio/7.0/toolchain/avr8/avr8-gnu-toolchain/bin/../lib/gcc/avr/5.4.0/../../../../avr/lib/avr51\libc.a(ultoa_invert.o)
 .data          0x00000000        0x0 c:/program files (x86)/atmel/studio/7.0/toolchain/avr8/avr8-gnu-toolchain/bin/../lib/gcc/avr/5.4.0/../../../../avr/lib/avr51\libc.a(ultoa_invert.o)
 .bss           0x00000000        0x0 c:/program files (x86)/atmel/studio/7.0/toolchain/avr8/avr8-gnu-toolchain/bin/../lib/gcc/avr/5.4.0/../../../../avr/lib/avr51\libc.a(ultoa_invert.o)

Memory Configuration

Name             Origin             Length             Attributes
text             0x00000000         0x00020000         xr
data             0x00800100         0x00001000         rw !x
eeprom           0x00810000         0x00001000         rw !x
fuse             0x00820000         0x00000003         rw !x
lock             0x00830000         0x00000400         rw !x
signature        0x00840000         0x00000400         rw !x
user_signatures  0x00850000         0x00000400         rw !x
*default*        0x00000000         0xffffffff

Linker script and memory map

Address of section .data set to 0x800100
LOAD C:/Program Files (x86)/Atmel/Studio/7.0/Packs/atmel/ATmega_DFP/1.7.374/gcc/dev/atmega128a/avr51/crtatmega128a.o
LOAD HAL/ADXL345/ADXL345.o
LOAD HAL/ESP01/ESP01.o
LOAD HAL/GPS/GPS.o
LOAD HAL/LCD/LCD.o
LOAD HAL/LCD/LCD_Config.o
LOAD HAL/MFRC/mfrc522.o
LOAD LIB/String_Find.o
LOAD main.o
LOAD MCAL/DIO/DIO.o
LOAD MCAL/DIO/DIO_Cfg.o
LOAD MCAL/EXTI/EXTI.o
LOAD MCAL/GIE/GIE.o
LOAD MCAL/SPI/SPI.o
LOAD MCAL/SPI/SPI_Cfg.o
LOAD MCAL/TWI/TWI.o
LOAD MCAL/UART/UART.o
LOAD MCAL/UART/UART_Cfg.o
LOAD Service/croutine.o
LOAD Service/event_groups.o
LOAD Service/list.o
LOAD Service/portable/GCC/ATMega323/port.o
LOAD Service/portable/MemMang/heap_3.o
LOAD Service/queue.o
LOAD Service/service.o
LOAD Service/stream_buffer.o
LOAD Service/tasks.o
LOAD Service/timers.o
START GROUP
LOAD c:/program files (x86)/atmel/studio/7.0/toolchain/avr8/avr8-gnu-toolchain/bin/../lib/gcc/avr/5.4.0/../../../../avr/lib/avr51\libm.a
END GROUP
START GROUP
LOAD c:/program files (x86)/atmel/studio/7.0/toolchain/avr8/avr8-gnu-toolchain/bin/../lib/gcc/avr/5.4.0/avr51\libgcc.a
LOAD c:/program files (x86)/atmel/studio/7.0/toolchain/avr8/avr8-gnu-toolchain/bin/../lib/gcc/avr/5.4.0/../../../../avr/lib/avr51\libm.a
LOAD c:/program files (x86)/atmel/studio/7.0/toolchain/avr8/avr8-gnu-toolchain/bin/../lib/gcc/avr/5.4.0/../../../../avr/lib/avr51\libc.a
LOAD C:/Program Files (x86)/Atmel/Studio/7.0/Packs/atmel/ATmega_DFP/1.7.374/gcc/dev/atmega128a/avr51\libatmega128a.a
END GROUP
                [0x00000000]                __TEXT_REGION_ORIGIN__ = DEFINED (__TEXT_REGION_ORIGIN__)?__TEXT_REGION_ORIGIN__:0x0
                [0x00800100]                __DATA_REGION_ORIGIN__ = DEFINED (__DATA_REGION_ORIGIN__)?__DATA_REGION_ORIGIN__:0x800100
                [0x00020000]                __TEXT_REGION_LENGTH__ = DEFINED (__TEXT_REGION_LENGTH__)?__TEXT_REGION_LENGTH__:0x20000
                [0x00001000]                __DATA_REGION_LENGTH__ = DEFINED (__DATA_REGION_LENGTH__)?__DATA_REGION_LENGTH__:0xff00
                [0x00001000]                __EEPROM_REGION_LENGTH__ = DEFINED (__EEPROM_REGION_LENGTH__)?__EEPROM_REGION_LENGTH__:0x10000
                [0x00000003]                __FUSE_REGION_LENGTH__ = DEFINED (__FUSE_REGION_LENGTH__)?__FUSE_REGION_LENGTH__:0x400
                0x00000400                __LOCK_REGION_LENGTH__ = DEFINED (__LOCK_REGION_LENGTH__)?__LOCK_REGION_LENGTH__:0x400
                0x00000400                __SIGNATURE_REGION_LENGTH__ = DEFINED (__SIGNATURE_REGION_LENGTH__)?__SIGNATURE_REGION_LENGTH__:0x400
                0x00000400                __USER_SIGNATURE_REGION_LENGTH__ = DEFINED (__USER_SIGNATURE_REGION_LENGTH__)?__USER_SIGNATURE_REGION_LENGTH__:0x400

.hash
 *(.hash)

.dynsym
 *(.dynsym)

.dynstr
 *(.dynstr)

.gnu.version
 *(.gnu.version)

.gnu.version_d
 *(.gnu.version_d)

.gnu.version_r
 *(.gnu.version_r)

.rel.init
 *(.rel.init)

.rela.init
 *(.rela.init)

.rel.text
 *(.rel.text)
 *(.rel.text.*)
 *(.rel.gnu.linkonce.t*)

.rela.text
 *(.rela.text)
 *(.rela.text.*)
 *(.rela.gnu.linkonce.t*)

.rel.fini
 *(.rel.fini)

.rela.fini
 *(.rela.fini)

.rel.rodata
 *(.rel.rodata)
 *(.rel.rodata.*)
 *(.rel.gnu.linkonce.r*)

.rela.rodata
 *(.rela.rodata)
 *(.rela.rodata.*)
 *(.rela.gnu.linkonce.r*)

.rel.data
 *(.rel.data)
 *(.rel.data.*)
 *(.rel.gnu.linkonce.d*)

.rela.data
 *(.rela.data)
 *(.rela.data.*)
 *(.rela.gnu.linkonce.d*)

.rel.ctors
 *(.rel.ctors)

.rela.ctors
 *(.rela.ctors)

.rel.dtors
 *(.rel.dtors)

.rela.dtors
 *(.rela.dtors)

.rel.got
 *(.rel.got)

.rela.got
 *(.rela.got)

.rel.bss
 *(.rel.bss)

.rela.bss
 *(.rela.bss)

.rel.plt
 *(.rel.plt)

.rela.plt
 *(.rela.plt)

.text           0x00000000     0x1cfc
 *(.vectors)
 .vectors       0x00000000       0x8c C:/Program Files (x86)/Atmel/Studio/7.0/Packs/atmel/ATmega_DFP/1.7.374/gcc/dev/atmega128a/avr51/crtatmega128a.o
                0x00000000                __vector_default
                0x00000000                __vectors
 *(.vectors)
 *(.progmem.gcc*)
 .progmem.gcc_sw_table.EXT_INTERRUPTS_STATE
                0x0000008c       0x20 MCAL/EXTI/EXTI.o
 .progmem.gcc_sw_table.EXT_INTERRUPTS_SNCONTROL_MODE
                0x000000ac       0x10 MCAL/EXTI/EXTI.o
 .progmem.gcc_sw_table.EXT_INTERRUPTS_SetCallBack
                0x000000bc       0x10 MCAL/EXTI/EXTI.o
                0x000000cc                . = ALIGN (0x2)
                0x000000cc                __trampolines_start = .
 *(.trampolines)
 .trampolines   0x000000cc        0x0 linker stubs
 *(.trampolines*)
                0x000000cc                __trampolines_end = .
 *libprintf_flt.a:*(.progmem.data)
 *libc.a:*(.progmem.data)
 *(.progmem*)
                0x000000cc                . = ALIGN (0x2)
 *(.jumptables)
 *(.jumptables*)
 *(.lowtext)
 *(.lowtext*)
                0x000000cc                __ctors_start = .
 *(.ctors)
                0x000000cc                __ctors_end = .
                0x000000cc                __dtors_start = .
 *(.dtors)
                0x000000cc                __dtors_end = .
 SORT(*)(.ctors)
 SORT(*)(.dtors)
 *(.init0)
 .init0         0x000000cc        0x0 C:/Program Files (x86)/Atmel/Studio/7.0/Packs/atmel/ATmega_DFP/1.7.374/gcc/dev/atmega128a/avr51/crtatmega128a.o
                0x000000cc                __init
 *(.init0)
 *(.init1)
 *(.init1)
 *(.init2)
 .init2         0x000000cc        0xc C:/Program Files (x86)/Atmel/Studio/7.0/Packs/atmel/ATmega_DFP/1.7.374/gcc/dev/atmega128a/avr51/crtatmega128a.o
 *(.init2)
 *(.init3)
 *(.init3)
 *(.init4)
 .init4         0x000000d8       0x1a c:/program files (x86)/atmel/studio/7.0/toolchain/avr8/avr8-gnu-toolchain/bin/../lib/gcc/avr/5.4.0/avr51\libgcc.a(_copy_data.o)
                0x000000d8                __do_copy_data
 .init4         0x000000f2       0x10 c:/program files (x86)/atmel/studio/7.0/toolchain/avr8/avr8-gnu-toolchain/bin/../lib/gcc/avr/5.4.0/avr51\libgcc.a(_clear_bss.o)
                0x000000f2                __do_clear_bss
 *(.init4)
 *(.init5)
 *(.init5)
 *(.init6)
 *(.init6)
 *(.init7)
 *(.init7)
 *(.init8)
 *(.init8)
 *(.init9)
 .init9         0x00000102        0x6 C:/Program Files (x86)/Atmel/Studio/7.0/Packs/atmel/ATmega_DFP/1.7.374/gcc/dev/atmega128a/avr51/crtatmega128a.o
 *(.init9)
 *(.text)
 .text          0x00000108        0x2 C:/Program Files (x86)/Atmel/Studio/7.0/Packs/atmel/ATmega_DFP/1.7.374/gcc/dev/atmega128a/avr51/crtatmega128a.o
                0x00000108                __vector_22
                0x00000108                __vector_28
                0x00000108                __vector_32
                0x00000108                __vector_34
                0x00000108                __vector_24
                0x00000108                __bad_interrupt
                0x00000108                __vector_31
                0x00000108                __vector_23
                0x00000108                __vector_25
                0x00000108                __vector_11
                0x00000108                __vector_13
                0x00000108                __vector_17
                0x00000108                __vector_19
                0x00000108                __vector_27
                0x00000108                __vector_33
                0x00000108                __vector_9
                0x00000108                __vector_21
                0x00000108                __vector_15
                0x00000108                __vector_29
                0x00000108                __vector_26
                0x00000108                __vector_14
                0x00000108                __vector_10
                0x00000108                __vector_16
                0x00000108                __vector_18
                0x00000108                __vector_20
                0x0000010a                . = ALIGN (0x2)
 *(.text.*)
 .text.setRange
                0x0000010a        0xc HAL/ADXL345/ADXL345.o
                0x0000010a                setRange
 .text.setDataRate
                0x00000116        0xa HAL/ADXL345/ADXL345.o
                0x00000116                setDataRate
 .text.clearSettings
                0x00000120       0x92 HAL/ADXL345/ADXL345.o
                0x00000120                clearSettings
 .text.Accelerometor_init
                0x000001b2       0x20 HAL/ADXL345/ADXL345.o
                0x000001b2                Accelerometor_init
 .text.Accelerometor_ReadAxis
                0x000001d2       0xfc HAL/ADXL345/ADXL345.o
                0x000001d2                Accelerometor_ReadAxis
 .text.constrain
                0x000002ce       0x7e HAL/ADXL345/ADXL345.o
                0x000002ce                constrain
 .text.setFreeFallParameters
                0x0000034c       0x7c HAL/ADXL345/ADXL345.o
                0x0000034c                setFreeFallParameters
 .text.setActivityParameters
                0x000003c8       0x7c HAL/ADXL345/ADXL345.o
                0x000003c8                setActivityParameters
 .text.ESP01_ResetBuffer
                0x00000444       0x18 HAL/ESP01/ESP01.o
                0x00000444                ESP01_ResetBuffer
 .text.INT4_Function
                0x0000045c       0x12 main.o
                0x0000045c                INT4_Function
 .text.INT5_Function
                0x0000046e       0x12 main.o
                0x0000046e                INT5_Function
 .text.main     0x00000480       0xd0 main.o
                0x00000480                main
 .text.EXT_INTERRUPTS_STATE
                0x00000550       0xb0 MCAL/EXTI/EXTI.o
                0x00000550                EXT_INTERRUPTS_STATE
 .text.EXT_INTERRUPTS_SNCONTROL_MODE
                0x00000600       0x98 MCAL/EXTI/EXTI.o
                0x00000600                EXT_INTERRUPTS_SNCONTROL_MODE
 .text.EXT_INTERRUPTS_SetCallBack
                0x00000698       0x62 MCAL/EXTI/EXTI.o
                0x00000698                EXT_INTERRUPTS_SetCallBack
 .text.__vector_1
                0x000006fa       0x56 MCAL/EXTI/EXTI.o
                0x000006fa                __vector_1
 .text.__vector_2
                0x00000750       0x56 MCAL/EXTI/EXTI.o
                0x00000750                __vector_2
 .text.__vector_3
                0x000007a6       0x56 MCAL/EXTI/EXTI.o
                0x000007a6                __vector_3
 .text.__vector_4
                0x000007fc       0x56 MCAL/EXTI/EXTI.o
                0x000007fc                __vector_4
 .text.__vector_5
                0x00000852       0x56 MCAL/EXTI/EXTI.o
                0x00000852                __vector_5
 .text.__vector_6
                0x000008a8       0x56 MCAL/EXTI/EXTI.o
                0x000008a8                __vector_6
 .text.__vector_7
                0x000008fe       0x56 MCAL/EXTI/EXTI.o
                0x000008fe                __vector_7
 .text.__vector_8
                0x00000954       0x56 MCAL/EXTI/EXTI.o
                0x00000954                __vector_8
 .text.GIE_Enable
                0x000009aa        0x8 MCAL/GIE/GIE.o
                0x000009aa                GIE_Enable
 .text.TWI_Init
                0x000009b2      0x154 MCAL/TWI/TWI.o
                0x000009b2                TWI_Init
 .text.TWI_Start
                0x00000b06       0x1a MCAL/TWI/TWI.o
                0x00000b06                TWI_Start
 .text.TWI_Stop
                0x00000b20       0x12 MCAL/TWI/TWI.o
                0x00000b20                TWI_Stop
 .text.TWI_Write
                0x00000b32       0x1e MCAL/TWI/TWI.o
                0x00000b32                TWI_Write
 .text.TWI_Read_With_NACK
                0x00000b50       0x1e MCAL/TWI/TWI.o
                0x00000b50                TWI_Read_With_NACK
 .text.TWI_Get_Status
                0x00000b6e        0x8 MCAL/TWI/TWI.o
                0x00000b6e                TWI_Get_Status
 .text.TWI_ByteWrite
                0x00000b76       0x40 MCAL/TWI/TWI.o
                0x00000b76                TWI_ByteWrite
 .text.TWI_ByteRead
                0x00000bb6       0x5a MCAL/TWI/TWI.o
                0x00000bb6                TWI_ByteRead
 .text.UART1_Init
                0x00000c10      0x170 MCAL/UART/UART.o
                0x00000c10                UART1_Init
 .text.UART1_Transmit
                0x00000d80        0xe MCAL/UART/UART.o
                0x00000d80                UART1_Transmit
 .text.UART1_TransmitString
                0x00000d8e       0x36 MCAL/UART/UART.o
                0x00000d8e                UART1_TransmitString
 .text.vListInsertEnd
                0x00000dc4       0x42 Service/list.o
                0x00000dc4                vListInsertEnd
 .text.uxListRemove
                0x00000e06       0x4e Service/list.o
                0x00000e06                uxListRemove
 .text.vPortYieldFromTick
                0x00000e54       0xb4 Service/portable/GCC/ATMega323/port.o
                0x00000e54                vPortYieldFromTick
 .text.__vector_12
                0x00000f08        0x4 Service/portable/GCC/ATMega323/port.o
                0x00000f08                __vector_12
 .text.xQueueGiveFromISR
                0x00000f0c       0x50 Service/queue.o
                0x00000f0c                xQueueGiveFromISR
 .text.__vector_30
                0x00000f5c       0x7c Service/service.o
                0x00000f5c                __vector_30
 .text.prvResetNextTaskUnblockTime
                0x00000fd8       0x3e Service/tasks.o
 .text.xTaskIncrementTick
                0x00001016      0x16c Service/tasks.o
                0x00001016                xTaskIncrementTick
 .text.vTaskSwitchContext
                0x00001182       0xa8 Service/tasks.o
                0x00001182                vTaskSwitchContext
 .text.xTaskRemoveFromEventList
                0x0000122a       0x88 Service/tasks.o
                0x0000122a                xTaskRemoveFromEventList
 .text.avr-libc.fplib
                0x000012b2        0xa c:/program files (x86)/atmel/studio/7.0/toolchain/avr8/avr8-gnu-toolchain/bin/../lib/gcc/avr/5.4.0/../../../../avr/lib/avr51\libm.a(addsf3.o)
                0x000012b2                __subsf3
                0x000012b4                __addsf3
 .text.avr-libc.fplib
                0x000012bc       0xc0 c:/program files (x86)/atmel/studio/7.0/toolchain/avr8/avr8-gnu-toolchain/bin/../lib/gcc/avr/5.4.0/../../../../avr/lib/avr51\libm.a(addsf3x.o)
                0x000012d6                __addsf3x
 .text.avr-libc.fplib
                0x0000137c        0x8 c:/program files (x86)/atmel/studio/7.0/toolchain/avr8/avr8-gnu-toolchain/bin/../lib/gcc/avr/5.4.0/../../../../avr/lib/avr51\libm.a(cmpsf2.o)
                0x0000137c                __nesf2
                0x0000137c                __eqsf2
                0x0000137c                __cmpsf2
                0x0000137c                __ltsf2
                0x0000137c                __lesf2
 .text.avr-libc.fplib
                0x00001384        0x4 c:/program files (x86)/atmel/studio/7.0/toolchain/avr8/avr8-gnu-toolchain/bin/../lib/gcc/avr/5.4.0/../../../../avr/lib/avr51\libm.a(divsf3.o)
                0x00001384                __divsf3
 .text.avr-libc.fplib
                0x00001388       0xcc c:/program files (x86)/atmel/studio/7.0/toolchain/avr8/avr8-gnu-toolchain/bin/../lib/gcc/avr/5.4.0/../../../../avr/lib/avr51\libm.a(divsf3x.o)
                0x0000139e                __divsf3x
                0x000013a2                __divsf3_pse
 .text.avr-libc.fplib
                0x00001454       0x58 c:/program files (x86)/atmel/studio/7.0/toolchain/avr8/avr8-gnu-toolchain/bin/../lib/gcc/avr/5.4.0/../../../../avr/lib/avr51\libm.a(fixunssfsi.o)
                0x00001454                __fixunssfsi
 .text.avr-libc.fplib
                0x000014ac       0x7a c:/program files (x86)/atmel/studio/7.0/toolchain/avr8/avr8-gnu-toolchain/bin/../lib/gcc/avr/5.4.0/../../../../avr/lib/avr51\libm.a(floatsisf.o)
                0x000014ac                __floatunsisf
                0x000014b0                __floatsisf
 .text.avr-libc.fplib
                0x00001526       0x48 c:/program files (x86)/atmel/studio/7.0/toolchain/avr8/avr8-gnu-toolchain/bin/../lib/gcc/avr/5.4.0/../../../../avr/lib/avr51\libm.a(fp_cmp.o)
                0x00001526                __fp_cmp
 .text.avr-libc.fplib
                0x0000156e        0xc c:/program files (x86)/atmel/studio/7.0/toolchain/avr8/avr8-gnu-toolchain/bin/../lib/gcc/avr/5.4.0/../../../../avr/lib/avr51\libm.a(fp_inf.o)
                0x0000156e                __fp_inf
 .text.avr-libc.fplib
                0x0000157a        0x6 c:/program files (x86)/atmel/studio/7.0/toolchain/avr8/avr8-gnu-toolchain/bin/../lib/gcc/avr/5.4.0/../../../../avr/lib/avr51\libm.a(fp_nan.o)
                0x0000157a                __fp_nan
 .text.avr-libc.fplib
                0x00001580        0xe c:/program files (x86)/atmel/studio/7.0/toolchain/avr8/avr8-gnu-toolchain/bin/../lib/gcc/avr/5.4.0/../../../../avr/lib/avr51\libm.a(fp_pscA.o)
                0x00001580                __fp_pscA
 .text.avr-libc.fplib
                0x0000158e        0xe c:/program files (x86)/atmel/studio/7.0/toolchain/avr8/avr8-gnu-toolchain/bin/../lib/gcc/avr/5.4.0/../../../../avr/lib/avr51\libm.a(fp_pscB.o)
                0x0000158e                __fp_pscB
 .text.avr-libc.fplib
                0x0000159c       0x22 c:/program files (x86)/atmel/studio/7.0/toolchain/avr8/avr8-gnu-toolchain/bin/../lib/gcc/avr/5.4.0/../../../../avr/lib/avr51\libm.a(fp_round.o)
                0x0000159c                __fp_round
 .text.avr-libc.fplib
                0x000015be       0x44 c:/program files (x86)/atmel/studio/7.0/toolchain/avr8/avr8-gnu-toolchain/bin/../lib/gcc/avr/5.4.0/../../../../avr/lib/avr51\libm.a(fp_split3.o)
                0x000015be                __fp_split3
                0x000015ce                __fp_splitA
 .text.avr-libc.fplib
                0x00001602        0xe c:/program files (x86)/atmel/studio/7.0/toolchain/avr8/avr8-gnu-toolchain/bin/../lib/gcc/avr/5.4.0/../../../../avr/lib/avr51\libm.a(fp_zero.o)
                0x00001602                __fp_zero
                0x00001604                __fp_szero
 .text.avr-libc.fplib
                0x00001610        0x8 c:/program files (x86)/atmel/studio/7.0/toolchain/avr8/avr8-gnu-toolchain/bin/../lib/gcc/avr/5.4.0/../../../../avr/lib/avr51\libm.a(gesf2.o)
                0x00001610                __gesf2
                0x00001610                __gtsf2
 .text.avr-libc.fplib
                0x00001618        0x4 c:/program files (x86)/atmel/studio/7.0/toolchain/avr8/avr8-gnu-toolchain/bin/../lib/gcc/avr/5.4.0/../../../../avr/lib/avr51\libm.a(mulsf3.o)
                0x00001618                __mulsf3
 .text.avr-libc.fplib
                0x0000161c       0xc2 c:/program files (x86)/atmel/studio/7.0/toolchain/avr8/avr8-gnu-toolchain/bin/../lib/gcc/avr/5.4.0/../../../../avr/lib/avr51\libm.a(mulsf3x.o)
                0x00001630                __mulsf3x
                0x00001634                __mulsf3_pse
 .text.libgcc.div
                0x000016de       0x44 c:/program files (x86)/atmel/studio/7.0/toolchain/avr8/avr8-gnu-toolchain/bin/../lib/gcc/avr/5.4.0/avr51\libgcc.a(_udivmodsi4.o)
                0x000016de                __udivmodsi4
 .text.libgcc   0x00001722       0x12 c:/program files (x86)/atmel/studio/7.0/toolchain/avr8/avr8-gnu-toolchain/bin/../lib/gcc/avr/5.4.0/avr51\libgcc.a(_tablejump2.o)
                0x00001722                __tablejump2__
 .text.avr-libc
                0x00001734        0xe c:/program files (x86)/atmel/studio/7.0/toolchain/avr8/avr8-gnu-toolchain/bin/../lib/gcc/avr/5.4.0/../../../../avr/lib/avr51\libc.a(memset.o)
                0x00001734                memset
 .text.avr-libc
                0x00001742       0x5c c:/program files (x86)/atmel/studio/7.0/toolchain/avr8/avr8-gnu-toolchain/bin/../lib/gcc/avr/5.4.0/../../../../avr/lib/avr51\libc.a(sprintf.o)
                0x00001742                sprintf
 .text.avr-libc
                0x0000179e      0x3fa c:/program files (x86)/atmel/studio/7.0/toolchain/avr8/avr8-gnu-toolchain/bin/../lib/gcc/avr/5.4.0/../../../../avr/lib/avr51\libc.a(vfprintf_std.o)
                0x0000179e                vfprintf
 .text.avr-libc
                0x00001b98       0x16 c:/program files (x86)/atmel/studio/7.0/toolchain/avr8/avr8-gnu-toolchain/bin/../lib/gcc/avr/5.4.0/../../../../avr/lib/avr51\libc.a(strnlen_P.o)
                0x00001b98                strnlen_P
 .text.avr-libc
                0x00001bae       0x16 c:/program files (x86)/atmel/studio/7.0/toolchain/avr8/avr8-gnu-toolchain/bin/../lib/gcc/avr/5.4.0/../../../../avr/lib/avr51\libc.a(strnlen.o)
                0x00001bae                strnlen
 .text.avr-libc
                0x00001bc4       0x78 c:/program files (x86)/atmel/studio/7.0/toolchain/avr8/avr8-gnu-toolchain/bin/../lib/gcc/avr/5.4.0/../../../../avr/lib/avr51\libc.a(fputc.o)
                0x00001bc4                fputc
 .text.avr-libc
                0x00001c3c       0xbc c:/program files (x86)/atmel/studio/7.0/toolchain/avr8/avr8-gnu-toolchain/bin/../lib/gcc/avr/5.4.0/../../../../avr/lib/avr51\libc.a(ultoa_invert.o)
                0x00001c3c                __ultoa_invert
                0x00001cf8                . = ALIGN (0x2)
 *(.fini9)
 .fini9         0x00001cf8        0x0 c:/program files (x86)/atmel/studio/7.0/toolchain/avr8/avr8-gnu-toolchain/bin/../lib/gcc/avr/5.4.0/avr51\libgcc.a(_exit.o)
                0x00001cf8                _exit
                0x00001cf8                exit
 *(.fini9)
 *(.fini8)
 *(.fini8)
 *(.fini7)
 *(.fini7)
 *(.fini6)
 *(.fini6)
 *(.fini5)
 *(.fini5)
 *(.fini4)
 *(.fini4)
 *(.fini3)
 *(.fini3)
 *(.fini2)
 *(.fini2)
 *(.fini1)
 *(.fini1)
 *(.fini0)
 .fini0         0x00001cf8        0x4 c:/program files (x86)/atmel/studio/7.0/toolchain/avr8/avr8-gnu-toolchain/bin/../lib/gcc/avr/5.4.0/avr51\libgcc.a(_exit.o)
 *(.fini0)
                0x00001cfc                _etext = .

.data           0x00800100       0x32 load address 0x00001cfc
                0x00800100                PROVIDE (__data_start, .)
 *(.data)
 *(.data*)
 .data.UART1_Cfg
                0x00800100        0xd MCAL/UART/UART_Cfg.o
                0x00800100                UART1_Cfg
 *(.gnu.linkonce.d*)
 *(.rodata)
 *(.rodata*)
 .rodata.str1.1
                0x0080010d       0x24 main.o
 *(.gnu.linkonce.r*)
                0x00800132                . = ALIGN (0x2)
 *fill*         0x00800131        0x1 
                0x00800132                _edata = .
                0x00800132                PROVIDE (__data_end, .)

.bss            0x00800132       0xfc
                0x00800132                PROVIDE (__bss_start, .)
 *(.bss)
 *(.bss*)
 .bss.EXT_INTERRUPT7_FUNCTION_PTR
                0x00800132        0x2 MCAL/EXTI/EXTI.o
                0x00800132                EXT_INTERRUPT7_FUNCTION_PTR
 .bss.EXT_INTERRUPT6_FUNCTION_PTR
                0x00800134        0x2 MCAL/EXTI/EXTI.o
                0x00800134                EXT_INTERRUPT6_FUNCTION_PTR
 .bss.EXT_INTERRUPT5_FUNCTION_PTR
                0x00800136        0x2 MCAL/EXTI/EXTI.o
                0x00800136                EXT_INTERRUPT5_FUNCTION_PTR
 .bss.EXT_INTERRUPT4_FUNCTION_PTR
                0x00800138        0x2 MCAL/EXTI/EXTI.o
                0x00800138                EXT_INTERRUPT4_FUNCTION_PTR
 .bss.EXT_INTERRUPT3_FUNCTION_PTR
                0x0080013a        0x2 MCAL/EXTI/EXTI.o
                0x0080013a                EXT_INTERRUPT3_FUNCTION_PTR
 .bss.EXT_INTERRUPT2_FUNCTION_PTR
                0x0080013c        0x2 MCAL/EXTI/EXTI.o
                0x0080013c                EXT_INTERRUPT2_FUNCTION_PTR
 .bss.EXT_INTERRUPT1_FUNCTION_PTR
                0x0080013e        0x2 MCAL/EXTI/EXTI.o
                0x0080013e                EXT_INTERRUPT1_FUNCTION_PTR
 .bss.EXT_INTERRUPT0_FUNCTION_PTR
                0x00800140        0x2 MCAL/EXTI/EXTI.o
                0x00800140                EXT_INTERRUPT0_FUNCTION_PTR
 .bss.uxSchedulerSuspended
                0x00800142        0x1 Service/tasks.o
 .bss.xNextTaskUnblockTime
                0x00800143        0x2 Service/tasks.o
 .bss.xNumOfOverflows
                0x00800145        0x1 Service/tasks.o
 .bss.xYieldPending
                0x00800146        0x1 Service/tasks.o
 .bss.uxPendedTicks
                0x00800147        0x1 Service/tasks.o
 .bss.uxTopReadyPriority
                0x00800148        0x1 Service/tasks.o
 .bss.xTickCount
                0x00800149        0x2 Service/tasks.o
 .bss.xPendingReadyList
                0x0080014b        0x9 Service/tasks.o
 .bss.pxOverflowDelayedTaskList
                0x00800154        0x2 Service/tasks.o
 .bss.pxDelayedTaskList
                0x00800156        0x2 Service/tasks.o
 .bss.pxReadyTasksLists
                0x00800158       0x5a Service/tasks.o
 .bss.pxCurrentTCB
                0x008001b2        0x2 Service/tasks.o
                0x008001b2                pxCurrentTCB
 *(COMMON)
 COMMON         0x008001b4       0x67 HAL/ESP01/ESP01.o
                0x008001b4                esp_buff
                0x00800218                temp
                0x00800219                esp_buff_len
                0x0080021a                result
 COMMON         0x0080021b        0xd main.o
                0x0080021b                Reg
                0x0080021c                TestData
 COMMON         0x00800228        0x6 Service/service.o
                0x00800228                UART1_SEND
                0x0080022a                CHECK_CONNECTION
                0x0080022c                ESP_SEM
                0x0080022e                PROVIDE (__bss_end, .)
                0x00001cfc                __data_load_start = LOADADDR (.data)
                0x00001d2e                __data_load_end = (__data_load_start + SIZEOF (.data))

.noinit         0x0080022e        0x0
                [!provide]                PROVIDE (__noinit_start, .)
 *(.noinit*)
                [!provide]                PROVIDE (__noinit_end, .)
                0x0080022e                _end = .
                0x0080022e                PROVIDE (__heap_start, .)

.eeprom         0x00810000        0x0
 *(.eeprom*)
                0x00810000                __eeprom_end = .

.fuse
 *(.fuse)
 *(.lfuse)
 *(.hfuse)
 *(.efuse)

.lock
 *(.lock*)

.signature
 *(.signature*)

.user_signatures
 *(.user_signatures*)

.stab
 *(.stab)

.stabstr
 *(.stabstr)

.stab.excl
 *(.stab.excl)

.stab.exclstr
 *(.stab.exclstr)

.stab.index
 *(.stab.index)

.stab.indexstr
 *(.stab.indexstr)

.comment        0x00000000       0x5c
 *(.comment)
 .comment       0x00000000       0x30 HAL/ADXL345/ADXL345.o
                                 0x31 (size before relaxing)
 .comment       0x00000030       0x31 HAL/ESP01/ESP01.o
 .comment       0x00000030       0x31 main.o
 .comment       0x00000030       0x31 MCAL/EXTI/EXTI.o
 .comment       0x00000030       0x31 MCAL/GIE/GIE.o
 .comment       0x00000030       0x31 MCAL/TWI/TWI.o
 .comment       0x00000030       0x31 MCAL/UART/UART.o
 .comment       0x00000030       0x31 MCAL/UART/UART_Cfg.o
 .comment       0x00000030       0x31 Service/list.o
 .comment       0x00000030       0x31 Service/portable/GCC/ATMega323/port.o
 .comment       0x00000030       0x31 Service/queue.o
 .comment       0x00000030       0x31 Service/service.o
 .comment       0x00000030       0x31 Service/tasks.o
 .comment       0x00000030       0x31 c:/program files (x86)/atmel/studio/7.0/toolchain/avr8/avr8-gnu-toolchain/bin/../lib/gcc/avr/5.4.0/../../../../avr/lib/avr51\libc.a(sprintf.o)
 .comment       0x00000030       0x2c c:/program files (x86)/atmel/studio/7.0/toolchain/avr8/avr8-gnu-toolchain/bin/../lib/gcc/avr/5.4.0/../../../../avr/lib/avr51\libc.a(vfprintf_std.o)
                                 0x2d (size before relaxing)
 .comment       0x0000005c       0x31 c:/program files (x86)/atmel/studio/7.0/toolchain/avr8/avr8-gnu-toolchain/bin/../lib/gcc/avr/5.4.0/../../../../avr/lib/avr51\libc.a(fputc.o)

.note.gnu.avr.deviceinfo
                0x00000000       0x40
 .note.gnu.avr.deviceinfo
                0x00000000       0x40 C:/Program Files (x86)/Atmel/Studio/7.0/Packs/atmel/ATmega_DFP/1.7.374/gcc/dev/atmega128a/avr51/crtatmega128a.o

.note.gnu.build-id
 *(.note.gnu.build-id)

.debug
 *(.debug)

.line
 *(.line)

.debug_srcinfo
 *(.debug_srcinfo)

.debug_sfnames
 *(.debug_sfnames)

.debug_aranges  0x00000000      0x550
 *(.debug_aranges)
 .debug_aranges
                0x00000000       0x58 HAL/ADXL345/ADXL345.o
 .debug_aranges
                0x00000058       0x30 HAL/ESP01/ESP01.o
 .debug_aranges
                0x00000088       0x30 main.o
 .debug_aranges
                0x000000b8       0x70 MCAL/EXTI/EXTI.o
 .debug_aranges
                0x00000128       0x28 MCAL/GIE/GIE.o
 .debug_aranges
                0x00000150       0x60 MCAL/TWI/TWI.o
 .debug_aranges
                0x000001b0       0x60 MCAL/UART/UART.o
 .debug_aranges
                0x00000210       0x18 MCAL/UART/UART_Cfg.o
 .debug_aranges
                0x00000228       0x40 Service/list.o
 .debug_aranges
                0x00000268       0x50 Service/portable/GCC/ATMega323/port.o
 .debug_aranges
                0x000002b8       0xe8 Service/queue.o
 .debug_aranges
                0x000003a0       0x48 Service/service.o
 .debug_aranges
                0x000003e8      0x168 Service/tasks.o

.debug_pubnames
 *(.debug_pubnames)

.debug_info     0x00000000     0x6959
 *(.debug_info .gnu.linkonce.wi.*)
 .debug_info    0x00000000      0x780 C:/Program Files (x86)/Atmel/Studio/7.0/Packs/atmel/ATmega_DFP/1.7.374/gcc/dev/atmega128a/avr51/crtatmega128a.o
 .debug_info    0x00000780      0xb3d HAL/ADXL345/ADXL345.o
 .debug_info    0x000012bd      0x1cd HAL/ESP01/ESP01.o
 .debug_info    0x0000148a      0x504 main.o
 .debug_info    0x0000198e      0x309 MCAL/EXTI/EXTI.o
 .debug_info    0x00001c97       0x8b MCAL/GIE/GIE.o
 .debug_info    0x00001d22      0x3de MCAL/TWI/TWI.o
 .debug_info    0x00002100      0x665 MCAL/UART/UART.o
 .debug_info    0x00002765      0x2c0 MCAL/UART/UART_Cfg.o
 .debug_info    0x00002a25      0x2d8 Service/list.o
 .debug_info    0x00002cfd      0x24e Service/portable/GCC/ATMega323/port.o
 .debug_info    0x00002f4b     0x166b Service/queue.o
 .debug_info    0x000045b6      0x9ae Service/service.o
 .debug_info    0x00004f64     0x19f5 Service/tasks.o

.debug_abbrev   0x00000000     0x1921
 *(.debug_abbrev)
 .debug_abbrev  0x00000000      0x718 C:/Program Files (x86)/Atmel/Studio/7.0/Packs/atmel/ATmega_DFP/1.7.374/gcc/dev/atmega128a/avr51/crtatmega128a.o
 .debug_abbrev  0x00000718      0x21a HAL/ADXL345/ADXL345.o
 .debug_abbrev  0x00000932       0xd2 HAL/ESP01/ESP01.o
 .debug_abbrev  0x00000a04      0x1be main.o
 .debug_abbrev  0x00000bc2       0xc2 MCAL/EXTI/EXTI.o
 .debug_abbrev  0x00000c84       0x46 MCAL/GIE/GIE.o
 .debug_abbrev  0x00000cca      0x10f MCAL/TWI/TWI.o
 .debug_abbrev  0x00000dd9      0x1d4 MCAL/UART/UART.o
 .debug_abbrev  0x00000fad       0x7f MCAL/UART/UART_Cfg.o
 .debug_abbrev  0x0000102c       0xff Service/list.o
 .debug_abbrev  0x0000112b      0x143 Service/portable/GCC/ATMega323/port.o
 .debug_abbrev  0x0000126e      0x252 Service/queue.o
 .debug_abbrev  0x000014c0      0x1cb Service/service.o
 .debug_abbrev  0x0000168b      0x296 Service/tasks.o

.debug_line     0x00000000     0x370a
 *(.debug_line .debug_line.* .debug_line_end)
 .debug_line    0x00000000      0x16a C:/Program Files (x86)/Atmel/Studio/7.0/Packs/atmel/ATmega_DFP/1.7.374/gcc/dev/atmega128a/avr51/crtatmega128a.o
 .debug_line    0x0000016a      0x3a9 HAL/ADXL345/ADXL345.o
 .debug_line    0x00000513       0xfd HAL/ESP01/ESP01.o
 .debug_line    0x00000610      0x313 main.o
 .debug_line    0x00000923      0x2fd MCAL/EXTI/EXTI.o
 .debug_line    0x00000c20       0x6d MCAL/GIE/GIE.o
 .debug_line    0x00000c8d      0x286 MCAL/TWI/TWI.o
 .debug_line    0x00000f13      0x388 MCAL/UART/UART.o
 .debug_line    0x0000129b       0x53 MCAL/UART/UART_Cfg.o
 .debug_line    0x000012ee      0x20a Service/list.o
 .debug_line    0x000014f8      0x2cd Service/portable/GCC/ATMega323/port.o
 .debug_line    0x000017c5      0xb63 Service/queue.o
 .debug_line    0x00002328      0x41d Service/service.o
 .debug_line    0x00002745      0xfc5 Service/tasks.o

.debug_frame    0x00000000     0x1138
 *(.debug_frame)
 .debug_frame   0x00000000      0x14c HAL/ADXL345/ADXL345.o
 .debug_frame   0x0000014c       0x44 HAL/ESP01/ESP01.o
 .debug_frame   0x00000190       0x54 main.o
 .debug_frame   0x000001e4      0x304 MCAL/EXTI/EXTI.o
 .debug_frame   0x000004e8       0x34 MCAL/GIE/GIE.o
 .debug_frame   0x0000051c       0xd8 MCAL/TWI/TWI.o
 .debug_frame   0x000005f4       0xc4 MCAL/UART/UART.o
 .debug_frame   0x000006b8       0x88 Service/list.o
 .debug_frame   0x00000740       0x84 Service/portable/GCC/ATMega323/port.o
 .debug_frame   0x000007c4      0x33c Service/queue.o
 .debug_frame   0x00000b00       0xec Service/service.o
 .debug_frame   0x00000bec      0x54c Service/tasks.o

.debug_str      0x00000000     0x286c
 *(.debug_str)
 .debug_str     0x00000000      0x27d C:/Program Files (x86)/Atmel/Studio/7.0/Packs/atmel/ATmega_DFP/1.7.374/gcc/dev/atmega128a/avr51/crtatmega128a.o
 .debug_str     0x0000027d      0x61f HAL/ADXL345/ADXL345.o
                                0x65d (size before relaxing)
 .debug_str     0x0000089c       0x91 HAL/ESP01/ESP01.o
                                0x218 (size before relaxing)
 .debug_str     0x0000092d      0x198 main.o
                                0x464 (size before relaxing)
 .debug_str     0x00000ac5      0x1b6 MCAL/EXTI/EXTI.o
                                0x48c (size before relaxing)
 .debug_str     0x00000c7b       0x1e MCAL/GIE/GIE.o
                                0x1a3 (size before relaxing)
 .debug_str     0x00000c99      0x182 MCAL/TWI/TWI.o
                                0x3be (size before relaxing)
 .debug_str     0x00000e1b      0x4e2 MCAL/UART/UART.o
                                0x759 (size before relaxing)
 .debug_str     0x000012fd       0x18 MCAL/UART/UART_Cfg.o
                                0x597 (size before relaxing)
 .debug_str     0x00001315      0x14f Service/list.o
                                0x2eb (size before relaxing)
 .debug_str     0x00001464      0x13e Service/portable/GCC/ATMega323/port.o
                                0x2fc (size before relaxing)
 .debug_str     0x000015a2      0x638 Service/queue.o
                                0x8f3 (size before relaxing)
 .debug_str     0x00001bda      0x51a Service/service.o
                                0x7d1 (size before relaxing)
 .debug_str     0x000020f4      0x778 Service/tasks.o
                                0xcd2 (size before relaxing)

.debug_loc      0x00000000     0x52c0
 *(.debug_loc)
 .debug_loc     0x00000000      0x58f HAL/ADXL345/ADXL345.o
 .debug_loc     0x0000058f      0x10d main.o
 .debug_loc     0x0000069c      0x990 MCAL/EXTI/EXTI.o
 .debug_loc     0x0000102c      0x3a1 MCAL/TWI/TWI.o
 .debug_loc     0x000013cd      0x290 MCAL/UART/UART.o
 .debug_loc     0x0000165d      0x145 Service/list.o
 .debug_loc     0x000017a2      0x2a0 Service/portable/GCC/ATMega323/port.o
 .debug_loc     0x00001a42     0x1917 Service/queue.o
 .debug_loc     0x00003359      0x228 Service/service.o
 .debug_loc     0x00003581     0x1d3f Service/tasks.o

.debug_macinfo
 *(.debug_macinfo)

.debug_weaknames
 *(.debug_weaknames)

.debug_funcnames
 *(.debug_funcnames)

.debug_typenames
 *(.debug_typenames)

.debug_varnames
 *(.debug_varnames)

.debug_pubtypes
 *(.debug_pubtypes)

.debug_ranges   0x00000000      0x500
 *(.debug_ranges)
 .debug_ranges  0x00000000       0x48 HAL/ADXL345/ADXL345.o
 .debug_ranges  0x00000048       0x20 HAL/ESP01/ESP01.o
 .debug_ranges  0x00000068       0x20 main.o
 .debug_ranges  0x00000088       0x60 MCAL/EXTI/EXTI.o
 .debug_ranges  0x000000e8       0x18 MCAL/GIE/GIE.o
 .debug_ranges  0x00000100       0x50 MCAL/TWI/TWI.o
 .debug_ranges  0x00000150       0x50 MCAL/UART/UART.o
 .debug_ranges  0x000001a0       0x30 Service/list.o
 .debug_ranges  0x000001d0       0x40 Service/portable/GCC/ATMega323/port.o
 .debug_ranges  0x00000210      0x120 Service/queue.o
 .debug_ranges  0x00000330       0x38 Service/service.o
 .debug_ranges  0x00000368      0x198 Service/tasks.o

.debug_macro
 *(.debug_macro)
OUTPUT(GraduationControllerSide.elf elf32-avr)
LOAD linker stubs
